Archive member included to satisfy reference by file (symbol)

/usr/lib/gcc/arm-none-eabi/10.2.0/../../../../arm-none-eabi/lib/thumb/v6-m/nofp/libc_nano.a(lib_a-atexit.o)
                              /usr/lib/gcc/arm-none-eabi/10.2.0/../../../../arm-none-eabi/lib/thumb/v6-m/nofp/crt0.o (atexit)
/usr/lib/gcc/arm-none-eabi/10.2.0/../../../../arm-none-eabi/lib/thumb/v6-m/nofp/libc_nano.a(lib_a-exit.o)
                              /usr/lib/gcc/arm-none-eabi/10.2.0/../../../../arm-none-eabi/lib/thumb/v6-m/nofp/crt0.o (exit)
/usr/lib/gcc/arm-none-eabi/10.2.0/../../../../arm-none-eabi/lib/thumb/v6-m/nofp/libc_nano.a(lib_a-fini.o)
                              /usr/lib/gcc/arm-none-eabi/10.2.0/../../../../arm-none-eabi/lib/thumb/v6-m/nofp/crt0.o (__libc_fini_array)
/usr/lib/gcc/arm-none-eabi/10.2.0/../../../../arm-none-eabi/lib/thumb/v6-m/nofp/libc_nano.a(lib_a-impure.o)
                              /usr/lib/gcc/arm-none-eabi/10.2.0/../../../../arm-none-eabi/lib/thumb/v6-m/nofp/libc_nano.a(lib_a-exit.o) (_global_impure_ptr)
/usr/lib/gcc/arm-none-eabi/10.2.0/../../../../arm-none-eabi/lib/thumb/v6-m/nofp/libc_nano.a(lib_a-init.o)
                              /usr/lib/gcc/arm-none-eabi/10.2.0/../../../../arm-none-eabi/lib/thumb/v6-m/nofp/crt0.o (__libc_init_array)
/usr/lib/gcc/arm-none-eabi/10.2.0/../../../../arm-none-eabi/lib/thumb/v6-m/nofp/libc_nano.a(lib_a-memset.o)
                              /usr/lib/gcc/arm-none-eabi/10.2.0/../../../../arm-none-eabi/lib/thumb/v6-m/nofp/crt0.o (memset)
/usr/lib/gcc/arm-none-eabi/10.2.0/../../../../arm-none-eabi/lib/thumb/v6-m/nofp/libc_nano.a(lib_a-__atexit.o)
                              /usr/lib/gcc/arm-none-eabi/10.2.0/../../../../arm-none-eabi/lib/thumb/v6-m/nofp/libc_nano.a(lib_a-atexit.o) (__register_exitproc)
/usr/lib/gcc/arm-none-eabi/10.2.0/../../../../arm-none-eabi/lib/thumb/v6-m/nofp/libc_nano.a(lib_a-__call_atexit.o)
                              /usr/lib/gcc/arm-none-eabi/10.2.0/../../../../arm-none-eabi/lib/thumb/v6-m/nofp/libc_nano.a(lib_a-__atexit.o) (__call_exitprocs)
/usr/lib/gcc/arm-none-eabi/10.2.0/../../../../arm-none-eabi/lib/thumb/v6-m/nofp/libnosys.a(_exit.o)
                              /usr/lib/gcc/arm-none-eabi/10.2.0/../../../../arm-none-eabi/lib/thumb/v6-m/nofp/libc_nano.a(lib_a-exit.o) (_exit)
/usr/lib/gcc/arm-none-eabi/10.2.0/thumb/v6-m/nofp/libgcc.a(_udivsi3.o)
                              /tmp/KL05Z-DevBoardDemo.gT4MFB.ltrans0.ltrans.o (__aeabi_uidiv)
/usr/lib/gcc/arm-none-eabi/10.2.0/thumb/v6-m/nofp/libgcc.a(_divsi3.o)
                              /tmp/KL05Z-DevBoardDemo.gT4MFB.ltrans0.ltrans.o (__aeabi_idiv)
/usr/lib/gcc/arm-none-eabi/10.2.0/thumb/v6-m/nofp/libgcc.a(_dvmd_tls.o)
                              /usr/lib/gcc/arm-none-eabi/10.2.0/thumb/v6-m/nofp/libgcc.a(_udivsi3.o) (__aeabi_idiv0)
/usr/lib/gcc/arm-none-eabi/10.2.0/thumb/v6-m/nofp/libgcc.a(_arm_cmpsf2.o)
                              /tmp/KL05Z-DevBoardDemo.gT4MFB.ltrans0.ltrans.o (__aeabi_fcmplt)
/usr/lib/gcc/arm-none-eabi/10.2.0/thumb/v6-m/nofp/libgcc.a(_aeabi_uldivmod.o)
                              /tmp/KL05Z-DevBoardDemo.gT4MFB.ltrans0.ltrans.o (__aeabi_uldivmod)
/usr/lib/gcc/arm-none-eabi/10.2.0/thumb/v6-m/nofp/libgcc.a(_muldi3.o)
                              /tmp/KL05Z-DevBoardDemo.gT4MFB.ltrans0.ltrans.o (__aeabi_lmul)
/usr/lib/gcc/arm-none-eabi/10.2.0/thumb/v6-m/nofp/libgcc.a(_fixunssfsi.o)
                              /tmp/KL05Z-DevBoardDemo.gT4MFB.ltrans0.ltrans.o (__aeabi_f2uiz)
/usr/lib/gcc/arm-none-eabi/10.2.0/thumb/v6-m/nofp/libgcc.a(_udivmoddi4.o)
                              /usr/lib/gcc/arm-none-eabi/10.2.0/thumb/v6-m/nofp/libgcc.a(_aeabi_uldivmod.o) (__udivmoddi4)
/usr/lib/gcc/arm-none-eabi/10.2.0/thumb/v6-m/nofp/libgcc.a(addsf3.o)
                              /tmp/KL05Z-DevBoardDemo.gT4MFB.ltrans0.ltrans.o (__aeabi_fadd)
/usr/lib/gcc/arm-none-eabi/10.2.0/thumb/v6-m/nofp/libgcc.a(divsf3.o)
                              /tmp/KL05Z-DevBoardDemo.gT4MFB.ltrans0.ltrans.o (__aeabi_fdiv)
/usr/lib/gcc/arm-none-eabi/10.2.0/thumb/v6-m/nofp/libgcc.a(eqsf2.o)
                              /usr/lib/gcc/arm-none-eabi/10.2.0/thumb/v6-m/nofp/libgcc.a(_arm_cmpsf2.o) (__eqsf2)
/usr/lib/gcc/arm-none-eabi/10.2.0/thumb/v6-m/nofp/libgcc.a(gesf2.o)
                              /usr/lib/gcc/arm-none-eabi/10.2.0/thumb/v6-m/nofp/libgcc.a(_arm_cmpsf2.o) (__gesf2)
/usr/lib/gcc/arm-none-eabi/10.2.0/thumb/v6-m/nofp/libgcc.a(lesf2.o)
                              /usr/lib/gcc/arm-none-eabi/10.2.0/thumb/v6-m/nofp/libgcc.a(_arm_cmpsf2.o) (__lesf2)
/usr/lib/gcc/arm-none-eabi/10.2.0/thumb/v6-m/nofp/libgcc.a(mulsf3.o)
                              /tmp/KL05Z-DevBoardDemo.gT4MFB.ltrans0.ltrans.o (__aeabi_fmul)
/usr/lib/gcc/arm-none-eabi/10.2.0/thumb/v6-m/nofp/libgcc.a(subsf3.o)
                              /tmp/KL05Z-DevBoardDemo.gT4MFB.ltrans0.ltrans.o (__aeabi_fsub)
/usr/lib/gcc/arm-none-eabi/10.2.0/thumb/v6-m/nofp/libgcc.a(fixsfsi.o)
[...]
Memory Configuration

Name             Origin             Length             Attributes
flash_start      0x0000000000000000 0x00000000000000c0 xr
cfmprotrom       0x0000000000000400 0x0000000000000010 xr
flash            0x0000000000000410 0x0000000000007bf0 xr
sram             0x000000001ffffc00 0x0000000000001000 xrw
*default*        0x0000000000000000 0xffffffffffffffff

Linker script and memory map

LOAD /usr/lib/gcc/arm-none-eabi/10.2.0/thumb/v6-m/nofp/crti.o
LOAD /usr/lib/gcc/arm-none-eabi/10.2.0/thumb/v6-m/nofp/crtbegin.o
LOAD /usr/lib/gcc/arm-none-eabi/10.2.0/../../../../arm-none-eabi/lib/thumb/v6-m/nofp/crt0.o
LOAD /usr/lib/gcc/arm-none-eabi/10.2.0/../../../../arm-none-eabi/lib/thumb/v6-m/nofp/libc_nano.a
LOAD /usr/lib/gcc/arm-none-eabi/10.2.0/../../../../arm-none-eabi/lib/thumb/v6-m/nofp/libm.a
LOAD CMakeFiles/KL05Z-DevBoardDemo.dir/src/project/main.c.obj
LOAD /tmp/KL05Z-DevBoardDemo.gT4MFB.ltrans0.ltrans.o
LOAD /tmp/cc8PpHB1.debug.temp.o
LOAD /tmp/cc8aiv18.debug.temp.o
LOAD /tmp/ccrAddCm.debug.temp.o
LOAD /tmp/cc7SzDp2.debug.temp.o
LOAD /tmp/cc9iCx4f.debug.temp.o
LOAD /tmp/ccL3leik.debug.temp.o
LOAD /tmp/ccCZkquH.debug.temp.o
LOAD /tmp/cczWzLni.debug.temp.o
LOAD /tmp/ccHlAEuy.debug.temp.o
LOAD /tmp/cctExMsE.debug.temp.o
LOAD /tmp/ccJLwB0f.debug.temp.o
LOAD /tmp/cccIMSu4.debug.temp.o
LOAD /tmp/ccjbuLnM.debug.temp.o
LOAD /tmp/ccSJXAbY.debug.temp.o
LOAD /tmp/ccRPEbQw.debug.temp.o
LOAD /tmp/ccZqb8yH.debug.temp.o
LOAD /tmp/ccXy68bE.debug.temp.o
LOAD /tmp/cc3gA3Ws.debug.temp.o
LOAD /tmp/ccA0dPrr.debug.temp.o
LOAD /tmp/ccPsw4Ut.debug.temp.o
LOAD /tmp/ccKdUxNz.debug.temp.o
LOAD /tmp/ccliciO1.debug.temp.o
LOAD /tmp/ccYrVQyV.debug.temp.o
LOAD /tmp/ccka4iMw.debug.temp.o
LOAD /tmp/cc9NcVxQ.debug.temp.o
LOAD /tmp/cc7NhsQn.debug.temp.o
LOAD /tmp/ccpHrLla.debug.temp.o
LOAD /tmp/ccFBvg0n.debug.temp.o
LOAD /tmp/ccmClHpU.debug.temp.o
LOAD /tmp/cc5F4i1W.debug.temp.o
LOAD /tmp/cc3HekcN.debug.temp.o
LOAD /tmp/ccY3xTyG.debug.temp.o
LOAD /tmp/ccKBDQgE.debug.temp.o
LOAD /tmp/ccafHBEu.debug.temp.o
LOAD /tmp/cccJsfG8.debug.temp.o
LOAD /tmp/ccxH6xMv.debug.temp.o
LOAD CMakeFiles/KL05Z-DevBoardDemo.dir/src/project/cmdline.c.obj
LOAD CMakeFiles/KL05Z-DevBoardDemo.dir/src/mcu-drivers/gpio.c.obj
LOAD CMakeFiles/KL05Z-DevBoardDemo.dir/src/mcu-drivers/delay.c.obj
LOAD CMakeFiles/KL05Z-DevBoardDemo.dir/src/mcu-drivers/uart.c.obj
LOAD CMakeFiles/KL05Z-DevBoardDemo.dir/src/mcu-drivers/i2c.c.obj
LOAD CMakeFiles/KL05Z-DevBoardDemo.dir/src/mcu-drivers/spi.c.obj
LOAD CMakeFiles/KL05Z-DevBoardDemo.dir/src/mcu-drivers/pwm.c.obj
LOAD CMakeFiles/KL05Z-DevBoardDemo.dir/src/mcu-drivers/adc.c.obj
LOAD CMakeFiles/KL05Z-DevBoardDemo.dir/src/drivers/mma8451q.c.obj
LOAD CMakeFiles/KL05Z-DevBoardDemo.dir/src/drivers/ws2812b.c.obj
LOAD CMakeFiles/KL05Z-DevBoardDemo.dir/src/drivers/u8x8_mkl_hal.c.obj
LOAD CMakeFiles/KL05Z-DevBoardDemo.dir/src/third-party/ftoa/ftoa.c.obj
LOAD CMakeFiles/KL05Z-DevBoardDemo.dir/src/third-party/microrl/src/microrl.c.obj
LOAD CMakeFiles/KL05Z-DevBoardDemo.dir/src/third-party/u8g2/csrc/u8log_u8x8.c.obj
LOAD CMakeFiles/KL05Z-DevBoardDemo.dir/src/third-party/u8g2/csrc/u8log.c.obj
LOAD CMakeFiles/KL05Z-DevBoardDemo.dir/src/third-party/u8g2/csrc/u8x8_8x8.c.obj
LOAD CMakeFiles/KL05Z-DevBoardDemo.dir/src/third-party/u8g2/csrc/u8x8_byte.c.obj
LOAD CMakeFiles/KL05Z-DevBoardDemo.dir/src/third-party/u8g2/csrc/u8x8_cad.c.obj
LOAD CMakeFiles/KL05Z-DevBoardDemo.dir/src/third-party/u8g2/csrc/u8x8_capture.c.obj
LOAD CMakeFiles/KL05Z-DevBoardDemo.dir/src/third-party/u8g2/csrc/u8x8_d_pcf8814_hx1230.c.obj
LOAD CMakeFiles/KL05Z-DevBoardDemo.dir/src/third-party/u8g2/csrc/u8x8_d_pcd8544_84x48.c.obj
LOAD CMakeFiles/KL05Z-DevBoardDemo.dir/src/third-party/u8g2/csrc/u8x8_debounce.c.obj
LOAD CMakeFiles/KL05Z-DevBoardDemo.dir/src/third-party/u8g2/csrc/u8x8_display.c.obj
LOAD CMakeFiles/KL05Z-DevBoardDemo.dir/src/third-party/u8g2/csrc/u8x8_fonts.c.obj
LOAD CMakeFiles/KL05Z-DevBoardDemo.dir/src/third-party/u8g2/csrc/u8x8_gpio.c.obj
LOAD CMakeFiles/KL05Z-DevBoardDemo.dir/src/third-party/u8g2/csrc/u8x8_input_value.c.obj
LOAD CMakeFiles/KL05Z-DevBoardDemo.dir/src/third-party/u8g2/csrc/u8x8_selection_list.c.obj
LOAD CMakeFiles/KL05Z-DevBoardDemo.dir/src/third-party/u8g2/csrc/u8x8_setup.c.obj
LOAD CMakeFiles/KL05Z-DevBoardDemo.dir/src/third-party/u8g2/csrc/u8x8_string.c.obj
LOAD CMakeFiles/KL05Z-DevBoardDemo.dir/src/third-party/u8g2/csrc/u8x8_u8toa.c.obj
LOAD CMakeFiles/KL05Z-DevBoardDemo.dir/src/third-party/u8g2/csrc/u8x8_u16toa.c.obj
LOAD CMakeFiles/KL05Z-DevBoardDemo.dir/device/MKL05Z4/system_MKL05Z4.c.obj
LOAD CMakeFiles/KL05Z-DevBoardDemo.dir/device/MKL05Z4/flash_config.c.obj
LOAD CMakeFiles/KL05Z-DevBoardDemo.dir/device/MKL05Z4/mtb.c.obj
LOAD CMakeFiles/KL05Z-DevBoardDemo.dir/device/MKL05Z4/startup_MKL05Z4.c.obj
START GROUP
LOAD /usr/lib/gcc/arm-none-eabi/10.2.0/thumb/v6-m/nofp/libgcc.a
LOAD /usr/lib/gcc/arm-none-eabi/10.2.0/../../../../arm-none-eabi/lib/thumb/v6-m/nofp/libg_nano.a
LOAD /usr/lib/gcc/arm-none-eabi/10.2.0/../../../../arm-none-eabi/lib/thumb/v6-m/nofp/libc_nano.a
END GROUP
START GROUP
LOAD /usr/lib/gcc/arm-none-eabi/10.2.0/thumb/v6-m/nofp/libgcc.a
LOAD /usr/lib/gcc/arm-none-eabi/10.2.0/../../../../arm-none-eabi/lib/thumb/v6-m/nofp/libc_nano.a
LOAD /usr/lib/gcc/arm-none-eabi/10.2.0/../../../../arm-none-eabi/lib/thumb/v6-m/nofp/libnosys.a
END GROUP
START GROUP
LOAD /usr/lib/gcc/arm-none-eabi/10.2.0/thumb/v6-m/nofp/libgcc.a
LOAD /usr/lib/gcc/arm-none-eabi/10.2.0/../../../../arm-none-eabi/lib/thumb/v6-m/nofp/libc_nano.a
LOAD /usr/lib/gcc/arm-none-eabi/10.2.0/../../../../arm-none-eabi/lib/thumb/v6-m/nofp/libnosys.a
END GROUP
LOAD /usr/lib/gcc/arm-none-eabi/10.2.0/thumb/v6-m/nofp/crtend.o
LOAD /usr/lib/gcc/arm-none-eabi/10.2.0/thumb/v6-m/nofp/crtn.o
                0x0000000000008000                FLASH_SIZE = 0x8000
                0x0000000000001000                SRAM_SIZE = 0x1000
                0x0000000000000100                __STACK_SIZE = DEFINED (__stack_size)?__stack_size:0x100

.interrupts     0x0000000000000000       0xc0
                0x0000000000000000                . = ALIGN (0x4)
 *(.vectors .vectors.*)
 .vectors       0x0000000000000000       0xc0 /tmp/KL05Z-DevBoardDemo.gT4MFB.ltrans0.ltrans.o
                0x0000000000000000                __Vectors
                0x00000000000000c0                . = ALIGN (0x4)

.eh_frame       0x00000000000000c0        0x0
 .eh_frame      0x00000000000000c0        0x0 /usr/lib/gcc/arm-none-eabi/10.2.0/thumb/v6-m/nofp/crtbegin.o

.cfmprotect     0x0000000000000400        0x0
                0x0000000000000400                . = ALIGN (0x4)
 *(.cfmconfig)
                0x0000000000000400                . = ALIGN (0x4)

.text           0x0000000000000410     0x5c18
                0x0000000000000410                . = ALIGN (0x4)
 *(.text .text.* .gnu.linkonce.t.*)
 .text          0x0000000000000410       0x98 /usr/lib/gcc/arm-none-eabi/10.2.0/thumb/v6-m/nofp/crtbegin.o
 .text          0x00000000000004a8       0x74 /usr/lib/gcc/arm-none-eabi/10.2.0/../../../../arm-none-eabi/lib/thumb/v6-m/nofp/crt0.o
                0x00000000000004a8                _stack_init
                0x00000000000004b4                _mainCRTStartup
                0x00000000000004b4                _start
 .text.atexit   0x000000000000051c       0x10 /usr/lib/gcc/arm-none-eabi/10.2.0/../../../../arm-none-eabi/lib/thumb/v6-m/nofp/libc_nano.a(lib_a-atexit.o)
                0x000000000000051c                atexit
 .text.exit     0x000000000000052c       0x2c /usr/lib/gcc/arm-none-eabi/10.2.0/../../../../arm-none-eabi/lib/thumb/v6-m/nofp/libc_nano.a(lib_a-exit.o)
                0x000000000000052c                exit
 .text.__libc_fini_array
                0x0000000000000558       0x28 /usr/lib/gcc/arm-none-eabi/10.2.0/../../../../arm-none-eabi/lib/thumb/v6-m/nofp/libc_nano.a(lib_a-fini.o)
                0x0000000000000558                __libc_fini_array
 .text.__libc_init_array
                0x0000000000000580       0x48 /usr/lib/gcc/arm-none-eabi/10.2.0/../../../../arm-none-eabi/lib/thumb/v6-m/nofp/libc_nano.a(lib_a-init.o)
                0x0000000000000580                __libc_init_array
 .text.memset   0x00000000000005c8       0x10 /usr/lib/gcc/arm-none-eabi/10.2.0/../../../../arm-none-eabi/lib/thumb/v6-m/nofp/libc_nano.a(lib_a-memset.o)
                0x00000000000005c8                memset
 .text.__register_exitproc
                0x00000000000005d8       0xa8 /usr/lib/gcc/arm-none-eabi/10.2.0/../../../../arm-none-eabi/lib/thumb/v6-m/nofp/libc_nano.a(lib_a-__atexit.o)
                0x00000000000005d8                __register_exitproc
 .text.__call_exitprocs
                0x0000000000000680       0xa0 /usr/lib/gcc/arm-none-eabi/10.2.0/../../../../arm-none-eabi/lib/thumb/v6-m/nofp/libc_nano.a(lib_a-__call_atexit.o)
                0x0000000000000680                __call_exitprocs
 .text.display_error
                0x0000000000000720       0x3c /tmp/KL05Z-DevBoardDemo.gT4MFB.ltrans0.ltrans.o
 .text.gpio_pin_init
                0x000000000000075c       0x68 /tmp/KL05Z-DevBoardDemo.gT4MFB.ltrans0.ltrans.o
 .text.gpio_set
                0x00000000000007c4       0x30 /tmp/KL05Z-DevBoardDemo.gT4MFB.ltrans0.ltrans.o
 .text.PORTA_IRQHandler
                0x00000000000007f4        0x2 /tmp/KL05Z-DevBoardDemo.gT4MFB.ltrans0.ltrans.o
 .text.PORTB_IRQHandler
                0x00000000000007f6        0x2 /tmp/KL05Z-DevBoardDemo.gT4MFB.ltrans0.ltrans.o
 .text.delay_init
                0x00000000000007f8       0x18 /tmp/KL05Z-DevBoardDemo.gT4MFB.ltrans0.ltrans.o
 .text.delay_system_ticks_sub
                0x0000000000000810       0x48 /tmp/KL05Z-DevBoardDemo.gT4MFB.ltrans0.ltrans.o
 .text.delay_system_ticks
                0x0000000000000858       0x28 /tmp/KL05Z-DevBoardDemo.gT4MFB.ltrans0.ltrans.o
 .text.delay_micro_seconds
                0x0000000000000880       0x44 /tmp/KL05Z-DevBoardDemo.gT4MFB.ltrans0.ltrans.o
 .text.u8x8_gpio_and_delay_mkl05
                0x00000000000008c4      0x120 /tmp/KL05Z-DevBoardDemo.gT4MFB.ltrans0.ltrans.o
 .text.uart_init
                0x00000000000009e4      0x178 /tmp/KL05Z-DevBoardDemo.gT4MFB.ltrans0.ltrans.o
 .text.uart_putchar
                0x0000000000000b5c       0x14 /tmp/KL05Z-DevBoardDemo.gT4MFB.ltrans0.ltrans.o
 .text.uart_print
                0x0000000000000b70       0x18 /tmp/KL05Z-DevBoardDemo.gT4MFB.ltrans0.ltrans.o
 .text.print_help
                0x0000000000000b88       0x4c /tmp/KL05Z-DevBoardDemo.gT4MFB.ltrans0.ltrans.o
 .text.sigint   0x0000000000000bd4       0x18 /tmp/KL05Z-DevBoardDemo.gT4MFB.ltrans0.ltrans.o
 .text.uart_getchar
                0x0000000000000bec        0xc /tmp/KL05Z-DevBoardDemo.gT4MFB.ltrans0.ltrans.o
 .text.uart_available
                0x0000000000000bf8       0x10 /tmp/KL05Z-DevBoardDemo.gT4MFB.ltrans0.ltrans.o
 .text.rx_overrun
                0x0000000000000c08       0x20 /tmp/KL05Z-DevBoardDemo.gT4MFB.ltrans0.ltrans.o
 .text.rx_interrupt
                0x0000000000000c28       0x34 /tmp/KL05Z-DevBoardDemo.gT4MFB.ltrans0.ltrans.o
 .text.uart_set_irq
                0x0000000000000c5c        0xc /tmp/KL05Z-DevBoardDemo.gT4MFB.ltrans0.ltrans.o
 .text.UART0_IRQHandler
                0x0000000000000c68       0x14 /tmp/KL05Z-DevBoardDemo.gT4MFB.ltrans0.ltrans.o
 .text.i2c_wait_for_flag
                0x0000000000000c7c       0x24 /tmp/KL05Z-DevBoardDemo.gT4MFB.ltrans0.ltrans.o
 .text.i2c_init
                0x0000000000000ca0      0x148 /tmp/KL05Z-DevBoardDemo.gT4MFB.ltrans0.ltrans.o
 .text.i2c_start
                0x0000000000000de8       0x48 /tmp/KL05Z-DevBoardDemo.gT4MFB.ltrans0.ltrans.o
 .text.i2c_stop
                0x0000000000000e30       0x38 /tmp/KL05Z-DevBoardDemo.gT4MFB.ltrans0.ltrans.o
 .text.i2c_send_nack
                0x0000000000000e68       0x14 /tmp/KL05Z-DevBoardDemo.gT4MFB.ltrans0.ltrans.o
 .text.i2c_send_ack
                0x0000000000000e7c       0x10 /tmp/KL05Z-DevBoardDemo.gT4MFB.ltrans0.ltrans.o
 .text.i2c_write_frame
                0x0000000000000e8c       0x3c /tmp/KL05Z-DevBoardDemo.gT4MFB.ltrans0.ltrans.o
 .text.i2c_read_frame
                0x0000000000000ec8       0x38 /tmp/KL05Z-DevBoardDemo.gT4MFB.ltrans0.ltrans.o
 .text.i2c_read
                0x0000000000000f00       0x8c /tmp/KL05Z-DevBoardDemo.gT4MFB.ltrans0.ltrans.o
 .text.i2c_write
                0x0000000000000f8c       0x58 /tmp/KL05Z-DevBoardDemo.gT4MFB.ltrans0.ltrans.o
 .text.i2c_ping
                0x0000000000000fe4       0x20 /tmp/KL05Z-DevBoardDemo.gT4MFB.ltrans0.ltrans.o
 .text.spi_init
                0x0000000000001004      0x108 /tmp/KL05Z-DevBoardDemo.gT4MFB.ltrans0.ltrans.o
 .text.spi_master_write
                0x000000000000110c       0x24 /tmp/KL05Z-DevBoardDemo.gT4MFB.ltrans0.ltrans.o
 .text.tpm_time_to_val
                0x0000000000001130       0x1c /tmp/KL05Z-DevBoardDemo.gT4MFB.ltrans0.ltrans.o
 .text.pwm_from_gpio
                0x000000000000114c       0x70 /tmp/KL05Z-DevBoardDemo.gT4MFB.ltrans0.ltrans.o
 .text.pwm_period_us
                0x00000000000011bc       0x18 /tmp/KL05Z-DevBoardDemo.gT4MFB.ltrans0.ltrans.o
 .text.pwm_init
                0x00000000000011d4       0xc8 /tmp/KL05Z-DevBoardDemo.gT4MFB.ltrans0.ltrans.o
 .text.pwm_pulsewidth_us
                0x000000000000129c       0x22 /tmp/KL05Z-DevBoardDemo.gT4MFB.ltrans0.ltrans.o
 *fill*         0x00000000000012be        0x2 
 .text.pwm_test
                0x00000000000012c0       0x8c /tmp/KL05Z-DevBoardDemo.gT4MFB.ltrans0.ltrans.o
 .text.adc_from_gpio
                0x000000000000134c       0x54 /tmp/KL05Z-DevBoardDemo.gT4MFB.ltrans0.ltrans.o
 .text.adc_init_calibration
                0x00000000000013a0       0x98 /tmp/KL05Z-DevBoardDemo.gT4MFB.ltrans0.ltrans.o
 .text.adc_init
                0x0000000000001438       0x78 /tmp/KL05Z-DevBoardDemo.gT4MFB.ltrans0.ltrans.o
 .text.adc_test_init
                0x00000000000014b0       0x4c /tmp/KL05Z-DevBoardDemo.gT4MFB.ltrans0.ltrans.o
 .text.adc_read
                0x00000000000014fc       0x1c /tmp/KL05Z-DevBoardDemo.gT4MFB.ltrans0.ltrans.o
 .text.stylophone_demo
                0x0000000000001518       0xa0 /tmp/KL05Z-DevBoardDemo.gT4MFB.ltrans0.ltrans.o
 .text.mma8451_readreg
                0x00000000000015b8       0x2e /tmp/KL05Z-DevBoardDemo.gT4MFB.ltrans0.ltrans.o
 .text.mma8451_writereg
                0x00000000000015e6       0x18 /tmp/KL05Z-DevBoardDemo.gT4MFB.ltrans0.ltrans.o
 *fill*         0x00000000000015fe        0x2 
 .text.mma8451_read
                0x0000000000001600       0x8c /tmp/KL05Z-DevBoardDemo.gT4MFB.ltrans0.ltrans.o
 .text.mma8451_get_x
                0x000000000000168c       0x1e /tmp/KL05Z-DevBoardDemo.gT4MFB.ltrans0.ltrans.o
 .text.mma8451_get_y
                0x00000000000016aa       0x1e /tmp/KL05Z-DevBoardDemo.gT4MFB.ltrans0.ltrans.o
 .text.mma8451_get_z
                0x00000000000016c8       0x1e /tmp/KL05Z-DevBoardDemo.gT4MFB.ltrans0.ltrans.o
 .text.ws2812b_init
                0x00000000000016e6       0x1c /tmp/KL05Z-DevBoardDemo.gT4MFB.ltrans0.ltrans.o
 .text.ws2812b_write
                0x0000000000001702       0x8c /tmp/KL05Z-DevBoardDemo.gT4MFB.ltrans0.ltrans.o
 *fill*         0x000000000000178e        0x2 
 .text.led_test
                0x0000000000001790       0x4c /tmp/KL05Z-DevBoardDemo.gT4MFB.ltrans0.ltrans.o
 .text.ftoa     0x00000000000017dc      0x170 /tmp/KL05Z-DevBoardDemo.gT4MFB.ltrans0.ltrans.o
 .text.hist_erase_older
                0x000000000000194c       0x14 /tmp/KL05Z-DevBoardDemo.gT4MFB.ltrans0.ltrans.o
 .text.hist_is_space_for_new
                0x0000000000001960       0x36 /tmp/KL05Z-DevBoardDemo.gT4MFB.ltrans0.ltrans.o
 .text.split    0x0000000000001996       0x54 /tmp/KL05Z-DevBoardDemo.gT4MFB.ltrans0.ltrans.o
 .text.microrl_set_complete_callback
                0x00000000000019ea        0x6 /tmp/KL05Z-DevBoardDemo.gT4MFB.ltrans0.ltrans.o
 .text.microrl_set_execute_callback
                0x00000000000019f0        0x6 /tmp/KL05Z-DevBoardDemo.gT4MFB.ltrans0.ltrans.o
 .text.microrl_set_sigint_callback
                0x00000000000019f6        0x6 /tmp/KL05Z-DevBoardDemo.gT4MFB.ltrans0.ltrans.o
 .text.u8x8_SetFont
                0x00000000000019fc        0x4 /tmp/KL05Z-DevBoardDemo.gT4MFB.ltrans0.ltrans.o
 .text.u8x8_get_glyph_data
                0x0000000000001a00       0x7a /tmp/KL05Z-DevBoardDemo.gT4MFB.ltrans0.ltrans.o
 .text.u8x8_utf8_init
                0x0000000000001a7a        0x8 /tmp/KL05Z-DevBoardDemo.gT4MFB.ltrans0.ltrans.o
 *fill*         0x0000000000001a82        0x2 
 .text.u8x8_ascii_next
                0x0000000000001a84       0x18 /tmp/KL05Z-DevBoardDemo.gT4MFB.ltrans0.ltrans.o
 .text.u8x8_byte_SetDC
                0x0000000000001a9c        0xe /tmp/KL05Z-DevBoardDemo.gT4MFB.ltrans0.ltrans.o
 .text.u8x8_byte_SendBytes
                0x0000000000001aaa        0xe /tmp/KL05Z-DevBoardDemo.gT4MFB.ltrans0.ltrans.o
 .text.u8x8_byte_SendByte
                0x0000000000001ab8       0x14 /tmp/KL05Z-DevBoardDemo.gT4MFB.ltrans0.ltrans.o
 .text.u8x8_cad_001
                0x0000000000001acc       0x60 /tmp/KL05Z-DevBoardDemo.gT4MFB.ltrans0.ltrans.o
 .text.u8x8_cad_SendCmd
                0x0000000000001b2c        0xe /tmp/KL05Z-DevBoardDemo.gT4MFB.ltrans0.ltrans.o
 .text.u8x8_cad_SendData
                0x0000000000001b3a        0xe /tmp/KL05Z-DevBoardDemo.gT4MFB.ltrans0.ltrans.o
 .text.u8x8_cad_StartTransfer
                0x0000000000001b48        0xe /tmp/KL05Z-DevBoardDemo.gT4MFB.ltrans0.ltrans.o
 .text.u8x8_cad_EndTransfer
                0x0000000000001b56        0xe /tmp/KL05Z-DevBoardDemo.gT4MFB.ltrans0.ltrans.o
 .text.u8x8_d_helper_display_setup_memory
                0x0000000000001b64        0xa /tmp/KL05Z-DevBoardDemo.gT4MFB.ltrans0.ltrans.o
 .text.u8x8_DrawTile
                0x0000000000001b6e       0x1e /tmp/KL05Z-DevBoardDemo.gT4MFB.ltrans0.ltrans.o
 .text.u8x8_DrawGlyph
                0x0000000000001b8c       0x70 /tmp/KL05Z-DevBoardDemo.gT4MFB.ltrans0.ltrans.o
 .text.u8x8_draw_string
                0x0000000000001bfc       0x5c /tmp/KL05Z-DevBoardDemo.gT4MFB.ltrans0.ltrans.o
 .text.u8x8_DrawString
                0x0000000000001c58       0x10 /tmp/KL05Z-DevBoardDemo.gT4MFB.ltrans0.ltrans.o
 .text.u8x8_SetupMemory
                0x0000000000001c68        0xe /tmp/KL05Z-DevBoardDemo.gT4MFB.ltrans0.ltrans.o
 .text.u8x8_InitDisplay
                0x0000000000001c76        0xe /tmp/KL05Z-DevBoardDemo.gT4MFB.ltrans0.ltrans.o
 .text.u8x8_SetPowerSave
                0x0000000000001c84        0xe /tmp/KL05Z-DevBoardDemo.gT4MFB.ltrans0.ltrans.o
 .text.u8x8_ClearDisplayWithTile
                0x0000000000001c92       0x3c /tmp/KL05Z-DevBoardDemo.gT4MFB.ltrans0.ltrans.o
 *fill*         0x0000000000001cce        0x2 
 .text.u8x8_ClearDisplay
                0x0000000000001cd0       0x1c /tmp/KL05Z-DevBoardDemo.gT4MFB.ltrans0.ltrans.o
 .text.u8x8_gpio_call
                0x0000000000001cec        0xa /tmp/KL05Z-DevBoardDemo.gT4MFB.ltrans0.ltrans.o
 *fill*         0x0000000000001cf6        0x2 
 .text.u8x8_byte_mkl05_hw_spi
                0x0000000000001cf8       0x84 /tmp/KL05Z-DevBoardDemo.gT4MFB.ltrans0.ltrans.o
 .text.u8x8_cad_SendSequence
                0x0000000000001d7c       0x6e /tmp/KL05Z-DevBoardDemo.gT4MFB.ltrans0.ltrans.o
 .text.u8x8_d_helper_display_init
                0x0000000000001dea       0x5e /tmp/KL05Z-DevBoardDemo.gT4MFB.ltrans0.ltrans.o
 .text.u8x8_d_pcd8544_84x48
                0x0000000000001e48      0x104 /tmp/KL05Z-DevBoardDemo.gT4MFB.ltrans0.ltrans.o
 .text.u8x8_dummy_cb
                0x0000000000001f4c        0x4 /tmp/KL05Z-DevBoardDemo.gT4MFB.ltrans0.ltrans.o
 .text.u8x8_SetupDefaults
                0x0000000000001f50       0x28 /tmp/KL05Z-DevBoardDemo.gT4MFB.ltrans0.ltrans.o
 .text.u8x8_Setup
                0x0000000000001f78       0x20 /tmp/KL05Z-DevBoardDemo.gT4MFB.ltrans0.ltrans.o
 .text.spi_test
                0x0000000000001f98       0x78 /tmp/KL05Z-DevBoardDemo.gT4MFB.ltrans0.ltrans.o
 .text.SystemInit
                0x0000000000002010       0x80 /tmp/KL05Z-DevBoardDemo.gT4MFB.ltrans0.ltrans.o
 .text.Default_Handler
                0x0000000000002090        0x2 /tmp/KL05Z-DevBoardDemo.gT4MFB.ltrans0.ltrans.o
 .text.HardFault_Handler
                0x0000000000002092        0x2 /tmp/KL05Z-DevBoardDemo.gT4MFB.ltrans0.ltrans.o
 .text.i2c_busscan
                0x0000000000002094       0x4c /tmp/KL05Z-DevBoardDemo.gT4MFB.ltrans0.ltrans.o
 .text.adc_test_read
                0x00000000000020e0       0x4c /tmp/KL05Z-DevBoardDemo.gT4MFB.ltrans0.ltrans.o
 .text.adc_print_on_display
                0x000000000000212c       0xe0 /tmp/KL05Z-DevBoardDemo.gT4MFB.ltrans0.ltrans.o
 .text.complet  0x000000000000220c      0x190 /tmp/KL05Z-DevBoardDemo.gT4MFB.ltrans0.ltrans.o
 .text.mma8451_init
                0x000000000000239c       0xa0 /tmp/KL05Z-DevBoardDemo.gT4MFB.ltrans0.ltrans.o
 .text.mma_test
                0x000000000000243c       0x40 /tmp/KL05Z-DevBoardDemo.gT4MFB.ltrans0.ltrans.o
 .text.mma_readall
                0x000000000000247c       0xb8 /tmp/KL05Z-DevBoardDemo.gT4MFB.ltrans0.ltrans.o
 .text.execute  0x0000000000002534      0x278 /tmp/KL05Z-DevBoardDemo.gT4MFB.ltrans0.ltrans.o
 .text.microrl_init
                0x00000000000027ac       0x44 /tmp/KL05Z-DevBoardDemo.gT4MFB.ltrans0.ltrans.o
 .text.cmdline_init
                0x00000000000027f0       0x58 /tmp/KL05Z-DevBoardDemo.gT4MFB.ltrans0.ltrans.o
 .text.hist_save_line
                0x0000000000002848       0x74 /tmp/KL05Z-DevBoardDemo.gT4MFB.ltrans0.ltrans.o
 .text.new_line_handler
                0x00000000000028bc       0x84 /tmp/KL05Z-DevBoardDemo.gT4MFB.ltrans0.ltrans.o
 .text.hist_restore_line
                0x0000000000002940      0x10e /tmp/KL05Z-DevBoardDemo.gT4MFB.ltrans0.ltrans.o
 *fill*         0x0000000000002a4e        0x2 
 .text.terminal_move_cursor
                0x0000000000002a50       0x4c /tmp/KL05Z-DevBoardDemo.gT4MFB.ltrans0.ltrans.o
 .text.terminal_reset_cursor
                0x0000000000002a9c       0x28 /tmp/KL05Z-DevBoardDemo.gT4MFB.ltrans0.ltrans.o
 .text.terminal_print_line
                0x0000000000002ac4       0x58 /tmp/KL05Z-DevBoardDemo.gT4MFB.ltrans0.ltrans.o
 .text.hist_search
                0x0000000000002b1c       0x38 /tmp/KL05Z-DevBoardDemo.gT4MFB.ltrans0.ltrans.o
 .text.escape_process
                0x0000000000002b54       0xcc /tmp/KL05Z-DevBoardDemo.gT4MFB.ltrans0.ltrans.o
 .text.microrl_insert_text
                0x0000000000002c20       0x6c /tmp/KL05Z-DevBoardDemo.gT4MFB.ltrans0.ltrans.o
 .text.microrl_backspace
                0x0000000000002c8c       0x48 /tmp/KL05Z-DevBoardDemo.gT4MFB.ltrans0.ltrans.o
 .text.common_len
                0x0000000000002cd4       0x56 /tmp/KL05Z-DevBoardDemo.gT4MFB.ltrans0.ltrans.o
 *fill*         0x0000000000002d2a        0x2 
 .text.microrl_get_complite
                0x0000000000002d2c       0xf0 /tmp/KL05Z-DevBoardDemo.gT4MFB.ltrans0.ltrans.o
 .text.microrl_insert_char
                0x0000000000002e1c      0x154 /tmp/KL05Z-DevBoardDemo.gT4MFB.ltrans0.ltrans.o
 .text.process_uart
                0x0000000000002f70       0x30 /tmp/KL05Z-DevBoardDemo.gT4MFB.ltrans0.ltrans.o
 .text.Reset_Handler
                0x0000000000002fa0       0x6c /tmp/KL05Z-DevBoardDemo.gT4MFB.ltrans0.ltrans.o
                0x0000000000002fa0                Reset_Handler
 .text.main     0x000000000000300c       0x58 /tmp/KL05Z-DevBoardDemo.gT4MFB.ltrans0.ltrans.o
                0x000000000000300c                main
 .text._exit    0x0000000000003064        0x4 /usr/lib/gcc/arm-none-eabi/10.2.0/../../../../arm-none-eabi/lib/thumb/v6-m/nofp/libnosys.a(_exit.o)
                0x0000000000003064                _exit
 .text._sbrk    0x0000000000003068       0x1c /usr/lib/gcc/arm-none-eabi/10.2.0/../../../../arm-none-eabi/lib/thumb/v6-m/nofp/libnosys.a(sbrk.o)
                0x0000000000003068                _sbrk
 .text          0x0000000000003084      0x114 /usr/lib/gcc/arm-none-eabi/10.2.0/thumb/v6-m/nofp/libgcc.a(_udivsi3.o)
                0x0000000000003084                __udivsi3
                0x0000000000003084                __aeabi_uidiv
                0x0000000000003190                __aeabi_uidivmod
 .text          0x0000000000003198      0x1d4 /usr/lib/gcc/arm-none-eabi/10.2.0/thumb/v6-m/nofp/libgcc.a(_divsi3.o)
                0x0000000000003198                __aeabi_idiv
                0x0000000000003198                __divsi3
                0x0000000000003364                __aeabi_idivmod
 .text          0x000000000000336c        0x4 /usr/lib/gcc/arm-none-eabi/10.2.0/thumb/v6-m/nofp/libgcc.a(_dvmd_tls.o)
                0x000000000000336c                __aeabi_ldiv0
                0x000000000000336c                __aeabi_idiv0
 .text          0x0000000000003370       0x74 /usr/lib/gcc/arm-none-eabi/10.2.0/thumb/v6-m/nofp/libgcc.a(_arm_cmpsf2.o)
                0x0000000000003370                __aeabi_cfrcmple
                0x0000000000003378                __aeabi_cfcmple
                0x0000000000003378                __aeabi_cfcmpeq
                0x0000000000003388                __aeabi_fcmpeq
                0x0000000000003394                __aeabi_fcmplt
                0x00000000000033a8                __aeabi_fcmple
                0x00000000000033bc                __aeabi_fcmpgt
                0x00000000000033d0                __aeabi_fcmpge
 .text          0x00000000000033e4       0x40 /usr/lib/gcc/arm-none-eabi/10.2.0/thumb/v6-m/nofp/libgcc.a(_aeabi_uldivmod.o)
                0x00000000000033e4                __aeabi_uldivmod
 .text          0x0000000000003424       0x5c /usr/lib/gcc/arm-none-eabi/10.2.0/thumb/v6-m/nofp/libgcc.a(_muldi3.o)
                0x0000000000003424                __aeabi_lmul
                0x0000000000003424                __muldi3
 .text          0x0000000000003480       0x30 /usr/lib/gcc/arm-none-eabi/10.2.0/thumb/v6-m/nofp/libgcc.a(_fixunssfsi.o)
                0x0000000000003480                __aeabi_f2uiz
                0x0000000000003480                __fixunssfsi
 .text          0x00000000000034b0      0x198 /usr/lib/gcc/arm-none-eabi/10.2.0/thumb/v6-m/nofp/libgcc.a(_udivmoddi4.o)
                0x00000000000034b0                __udivmoddi4
 .text          0x0000000000003648      0x32c /usr/lib/gcc/arm-none-eabi/10.2.0/thumb/v6-m/nofp/libgcc.a(addsf3.o)
                0x0000000000003648                __aeabi_fadd
 .text          0x0000000000003974      0x238 /usr/lib/gcc/arm-none-eabi/10.2.0/thumb/v6-m/nofp/libgcc.a(divsf3.o)
                0x0000000000003974                __aeabi_fdiv
 .text          0x0000000000003bac       0x4c /usr/lib/gcc/arm-none-eabi/10.2.0/thumb/v6-m/nofp/libgcc.a(eqsf2.o)
                0x0000000000003bac                __nesf2
                0x0000000000003bac                __eqsf2
 .text          0x0000000000003bf8       0x8c /usr/lib/gcc/arm-none-eabi/10.2.0/thumb/v6-m/nofp/libgcc.a(gesf2.o)
                0x0000000000003bf8                __gtsf2
                0x0000000000003bf8                __gesf2
 .text          0x0000000000003c84       0x88 /usr/lib/gcc/arm-none-eabi/10.2.0/thumb/v6-m/nofp/libgcc.a(lesf2.o)
                0x0000000000003c84                __lesf2
                0x0000000000003c84                __ltsf2
 .text          0x0000000000003d0c      0x24c /usr/lib/gcc/arm-none-eabi/10.2.0/thumb/v6-m/nofp/libgcc.a(mulsf3.o)
                0x0000000000003d0c                __aeabi_fmul
 .text          0x0000000000003f58      0x328 /usr/lib/gcc/arm-none-eabi/10.2.0/thumb/v6-m/nofp/libgcc.a(subsf3.o)
                0x0000000000003f58                __aeabi_fsub
 .text          0x0000000000004280       0x40 /usr/lib/gcc/arm-none-eabi/10.2.0/thumb/v6-m/nofp/libgcc.a(fixsfsi.o)
                0x0000000000004280                __aeabi_f2iz
 .text          0x00000000000042c0       0x9c /usr/lib/gcc/arm-none-eabi/10.2.0/thumb/v6-m/nofp/libgcc.a(floatsisf.o)
                0x00000000000042c0                __aeabi_i2f
 .text          0x000000000000435c       0x3c /usr/lib/gcc/arm-none-eabi/10.2.0/thumb/v6-m/nofp/libgcc.a(_clzsi2.o)
                0x000000000000435c                __clzsi2
 .text          0x0000000000004398       0x18 /usr/lib/gcc/arm-none-eabi/10.2.0/thumb/v6-m/nofp/libgcc.a(_clzdi2.o)
                0x0000000000004398                __clzdi2
 .text          0x00000000000043b0       0x14 /usr/lib/gcc/arm-none-eabi/10.2.0/thumb/v6-m/nofp/libgcc.a(_thumb1_case_shi.o)
                0x00000000000043b0                __gnu_thumb1_case_shi
 .text.memcpy   0x00000000000043c4       0x12 /usr/lib/gcc/arm-none-eabi/10.2.0/../../../../arm-none-eabi/lib/thumb/v6-m/nofp/libg_nano.a(lib_a-memcpy-stub.o)
                0x00000000000043c4                memcpy
 .text.memmove  0x00000000000043d6       0x26 /usr/lib/gcc/arm-none-eabi/10.2.0/../../../../arm-none-eabi/lib/thumb/v6-m/nofp/libg_nano.a(lib_a-memmove.o)
                0x00000000000043d6                memmove
 .text.snprintf
                0x00000000000043fc       0x68 /usr/lib/gcc/arm-none-eabi/10.2.0/../../../../arm-none-eabi/lib/thumb/v6-m/nofp/libg_nano.a(lib_a-snprintf.o)
                0x00000000000043fc                snprintf
                0x00000000000043fc                sniprintf
 .text.sprintf  0x0000000000004464       0x40 /usr/lib/gcc/arm-none-eabi/10.2.0/../../../../arm-none-eabi/lib/thumb/v6-m/nofp/libg_nano.a(lib_a-sprintf.o)
                0x0000000000004464                sprintf
                0x0000000000004464                siprintf
 .text          0x00000000000044a4       0x14 /usr/lib/gcc/arm-none-eabi/10.2.0/../../../../arm-none-eabi/lib/thumb/v6-m/nofp/libg_nano.a(lib_a-strcmp.o)
                0x00000000000044a4                strcmp
 .text          0x00000000000044b8        0xe /usr/lib/gcc/arm-none-eabi/10.2.0/../../../../arm-none-eabi/lib/thumb/v6-m/nofp/libg_nano.a(lib_a-strlen.o)
                0x00000000000044b8                strlen
 .text.strstr   0x00000000000044c6       0x2c /usr/lib/gcc/arm-none-eabi/10.2.0/../../../../arm-none-eabi/lib/thumb/v6-m/nofp/libg_nano.a(lib_a-strstr.o)
                0x00000000000044c6                strstr
 *fill*         0x00000000000044f2        0x2 
 .text.__ssputs_r
                0x00000000000044f4       0xc4 /usr/lib/gcc/arm-none-eabi/10.2.0/../../../../arm-none-eabi/lib/thumb/v6-m/nofp/libg_nano.a(lib_a-nano-svfprintf.o)
                0x00000000000044f4                __ssputs_r
 .text._svfprintf_r
                0x00000000000045b8      0x200 /usr/lib/gcc/arm-none-eabi/10.2.0/../../../../arm-none-eabi/lib/thumb/v6-m/nofp/libg_nano.a(lib_a-nano-svfprintf.o)
                0x00000000000045b8                _svfprintf_r
                0x00000000000045b8                _svfiprintf_r
 .text._printf_common
                0x00000000000047b8       0xde /usr/lib/gcc/arm-none-eabi/10.2.0/../../../../arm-none-eabi/lib/thumb/v6-m/nofp/libg_nano.a(lib_a-nano-vfprintf_i.o)
                0x00000000000047b8                _printf_common
 *fill*         0x0000000000004896        0x2 
 .text._printf_i
                0x0000000000004898      0x224 /usr/lib/gcc/arm-none-eabi/10.2.0/../../../../arm-none-eabi/lib/thumb/v6-m/nofp/libg_nano.a(lib_a-nano-vfprintf_i.o)
                0x0000000000004898                _printf_i
 .text.memchr   0x0000000000004abc       0x16 /usr/lib/gcc/arm-none-eabi/10.2.0/../../../../arm-none-eabi/lib/thumb/v6-m/nofp/libg_nano.a(lib_a-memchr-stub.o)
                0x0000000000004abc                memchr
 *fill*         0x0000000000004ad2        0x2 
 .text._free_r  0x0000000000004ad4       0x94 /usr/lib/gcc/arm-none-eabi/10.2.0/../../../../arm-none-eabi/lib/thumb/v6-m/nofp/libg_nano.a(lib_a-nano-freer.o)
                0x0000000000004ad4                _free_r
 .text._malloc_r
                0x0000000000004b68       0xbc /usr/lib/gcc/arm-none-eabi/10.2.0/../../../../arm-none-eabi/lib/thumb/v6-m/nofp/libg_nano.a(lib_a-nano-mallocr.o)
                0x0000000000004b68                _malloc_r
 .text._realloc_r
                0x0000000000004c24       0x5e /usr/lib/gcc/arm-none-eabi/10.2.0/../../../../arm-none-eabi/lib/thumb/v6-m/nofp/libg_nano.a(lib_a-nano-reallocr.o)
                0x0000000000004c24                _realloc_r
 *fill*         0x0000000000004c82        0x2 
 .text._sbrk_r  0x0000000000004c84       0x24 /usr/lib/gcc/arm-none-eabi/10.2.0/../../../../arm-none-eabi/lib/thumb/v6-m/nofp/libg_nano.a(lib_a-sbrkr.o)
                0x0000000000004c84                _sbrk_r
 .text.__malloc_lock
                0x0000000000004ca8        0x2 /usr/lib/gcc/arm-none-eabi/10.2.0/../../../../arm-none-eabi/lib/thumb/v6-m/nofp/libg_nano.a(lib_a-mlock.o)
                0x0000000000004ca8                __malloc_lock
 .text.__malloc_unlock
                0x0000000000004caa        0x2 /usr/lib/gcc/arm-none-eabi/10.2.0/../../../../arm-none-eabi/lib/thumb/v6-m/nofp/libg_nano.a(lib_a-mlock.o)
                0x0000000000004caa                __malloc_unlock
 .text._malloc_usable_size_r
                0x0000000000004cac       0x10 /usr/lib/gcc/arm-none-eabi/10.2.0/../../../../arm-none-eabi/lib/thumb/v6-m/nofp/libg_nano.a(lib_a-nano-msizer.o)
                0x0000000000004cac                _malloc_usable_size_r
 *(.rodata .rodata* .gnu.linkonce.r.*)
 .rodata._global_impure_ptr
                0x0000000000004cbc        0x4 /usr/lib/gcc/arm-none-eabi/10.2.0/../../../../arm-none-eabi/lib/thumb/v6-m/nofp/libc_nano.a(lib_a-impure.o)
                0x0000000000004cbc                _global_impure_ptr
 .rodata.u8x8_gpio_and_delay_mkl05
                0x0000000000004cc0       0xb0 /tmp/KL05Z-DevBoardDemo.gT4MFB.ltrans0.ltrans.o
 .rodata.print_help.str1.4
                0x0000000000004d70      0x130 /tmp/KL05Z-DevBoardDemo.gT4MFB.ltrans0.ltrans.o
 .rodata.sigint.str1.4
                0x0000000000004ea0       0x1d /tmp/KL05Z-DevBoardDemo.gT4MFB.ltrans0.ltrans.o
 *fill*         0x0000000000004ebd        0x3 
 .rodata.pwm_test.str1.4
                0x0000000000004ec0       0x24 /tmp/KL05Z-DevBoardDemo.gT4MFB.ltrans0.ltrans.o
 .rodata.adc_test_init.str1.4
                0x0000000000004ee4       0x29 /tmp/KL05Z-DevBoardDemo.gT4MFB.ltrans0.ltrans.o
 *fill*         0x0000000000004f0d        0x3 
 .rodata.led_test.str1.4
                0x0000000000004f10       0x18 /tmp/KL05Z-DevBoardDemo.gT4MFB.ltrans0.ltrans.o
 .rodata.u8x8_cad_001
                0x0000000000004f28       0x18 /tmp/KL05Z-DevBoardDemo.gT4MFB.ltrans0.ltrans.o
 .rodata.u8x8_byte_mkl05_hw_spi
                0x0000000000004f40       0x34 /tmp/KL05Z-DevBoardDemo.gT4MFB.ltrans0.ltrans.o
 .rodata.u8x8_d_pcd8544_84x48
                0x0000000000004f74       0x1c /tmp/KL05Z-DevBoardDemo.gT4MFB.ltrans0.ltrans.o
 .rodata.spi_test.str1.4
                0x0000000000004f90       0x25 /tmp/KL05Z-DevBoardDemo.gT4MFB.ltrans0.ltrans.o
 *fill*         0x0000000000004fb5        0x3 
 .rodata.i2c_busscan.str1.4
                0x0000000000004fb8       0x33 /tmp/KL05Z-DevBoardDemo.gT4MFB.ltrans0.ltrans.o
 *fill*         0x0000000000004feb        0x1 
 .rodata.adc_test_read.str1.4
                0x0000000000004fec       0x15 /tmp/KL05Z-DevBoardDemo.gT4MFB.ltrans0.ltrans.o
 *fill*         0x0000000000005001        0x3 
 .rodata.adc_print_on_display.str1.4
                0x0000000000005004       0x43 /tmp/KL05Z-DevBoardDemo.gT4MFB.ltrans0.ltrans.o
 *fill*         0x0000000000005047        0x1 
 .rodata.complet.str1.4
                0x0000000000005048       0x20 /tmp/KL05Z-DevBoardDemo.gT4MFB.ltrans0.ltrans.o
                                         0x28 (size before relaxing)
 .rodata.mma_test.str1.4
                0x0000000000005068       0x55 /tmp/KL05Z-DevBoardDemo.gT4MFB.ltrans0.ltrans.o
 *fill*         0x00000000000050bd        0x3 
 .rodata.mma_readall.str1.4
                0x00000000000050c0       0x2e /tmp/KL05Z-DevBoardDemo.gT4MFB.ltrans0.ltrans.o
                                         0x33 (size before relaxing)
 *fill*         0x00000000000050ee        0x2 
 .rodata.execute.str1.4
                0x00000000000050f0      0x157 /tmp/KL05Z-DevBoardDemo.gT4MFB.ltrans0.ltrans.o
                                        0x15b (size before relaxing)
 *fill*         0x0000000000005247        0x1 
 .rodata.microrl_init.str1.4
                0x0000000000005248       0x11 /tmp/KL05Z-DevBoardDemo.gT4MFB.ltrans0.ltrans.o
 *fill*         0x0000000000005259        0x3 
 .rodata.new_line_handler.str1.4
                0x000000000000525c       0x1a /tmp/KL05Z-DevBoardDemo.gT4MFB.ltrans0.ltrans.o
 *fill*         0x0000000000005276        0x2 
 .rodata.terminal_move_cursor.str1.4
                0x0000000000005278        0xe /tmp/KL05Z-DevBoardDemo.gT4MFB.ltrans0.ltrans.o
 *fill*         0x0000000000005286        0x2 
 .rodata.terminal_reset_cursor.str1.4
                0x0000000000005288        0xb /tmp/KL05Z-DevBoardDemo.gT4MFB.ltrans0.ltrans.o
 *fill*         0x0000000000005293        0x1 
 .rodata.terminal_print_line.str1.4
                0x0000000000005294        0x4 /tmp/KL05Z-DevBoardDemo.gT4MFB.ltrans0.ltrans.o
 .rodata.microrl_backspace.str1.4
                0x0000000000005298        0x8 /tmp/KL05Z-DevBoardDemo.gT4MFB.ltrans0.ltrans.o
 .rodata.microrl_get_complite.str1.4
                0x00000000000052a0        0x8 /tmp/KL05Z-DevBoardDemo.gT4MFB.ltrans0.ltrans.o
                                          0x6 (size before relaxing)
 .rodata.microrl_insert_char
                0x00000000000052a0      0x200 /tmp/KL05Z-DevBoardDemo.gT4MFB.ltrans0.ltrans.o
 .rodata        0x00000000000054a0       0x64 /tmp/KL05Z-DevBoardDemo.gT4MFB.ltrans0.ltrans.o
 .rodata.ICR    0x0000000000005504       0x80 /tmp/KL05Z-DevBoardDemo.gT4MFB.ltrans0.ltrans.o
 .rodata.adc_pin_map
                0x0000000000005584       0xe0 /tmp/KL05Z-DevBoardDemo.gT4MFB.ltrans0.ltrans.o
 .rodata.adc_subcommands
                0x0000000000005664       0x14 /tmp/KL05Z-DevBoardDemo.gT4MFB.ltrans0.ltrans.o
 .rodata.i2c_subcommands
                0x0000000000005678        0xc /tmp/KL05Z-DevBoardDemo.gT4MFB.ltrans0.ltrans.o
 .rodata.keyworld
                0x0000000000005684       0x1c /tmp/KL05Z-DevBoardDemo.gT4MFB.ltrans0.ltrans.o
 .rodata.rounders
                0x00000000000056a0       0x2c /tmp/KL05Z-DevBoardDemo.gT4MFB.ltrans0.ltrans.o
 .rodata.sw_spi_clk
                0x00000000000056cc        0xc /tmp/KL05Z-DevBoardDemo.gT4MFB.ltrans0.ltrans.o
 .rodata.sw_spi_cs
                0x00000000000056d8        0xc /tmp/KL05Z-DevBoardDemo.gT4MFB.ltrans0.ltrans.o
 .rodata.sw_spi_dc
                0x00000000000056e4        0xc /tmp/KL05Z-DevBoardDemo.gT4MFB.ltrans0.ltrans.o
 .rodata.sw_spi_mosi
                0x00000000000056f0        0xc /tmp/KL05Z-DevBoardDemo.gT4MFB.ltrans0.ltrans.o
 .rodata.sw_spi_rst
                0x00000000000056fc        0xc /tmp/KL05Z-DevBoardDemo.gT4MFB.ltrans0.ltrans.o
 .rodata.tpm_pin_map
                0x0000000000005708       0xc8 /tmp/KL05Z-DevBoardDemo.gT4MFB.ltrans0.ltrans.o
 .rodata.u8x8_d_pcd8544_84x48_init_seq
                0x00000000000057d0       0x11 /tmp/KL05Z-DevBoardDemo.gT4MFB.ltrans0.ltrans.o
 *fill*         0x00000000000057e1        0x3 
 .rodata.u8x8_d_pcd8544_84x48_powersave0_seq
                0x00000000000057e4        0x7 /tmp/KL05Z-DevBoardDemo.gT4MFB.ltrans0.ltrans.o
 *fill*         0x00000000000057eb        0x1 
 .rodata.u8x8_d_pcd8544_84x48_powersave1_seq
                0x00000000000057ec        0x9 /tmp/KL05Z-DevBoardDemo.gT4MFB.ltrans0.ltrans.o
 *fill*         0x00000000000057f5        0x3 
 .rodata.u8x8_font_amstrad_cpc_extended_f
                0x00000000000057f8      0x704 /tmp/KL05Z-DevBoardDemo.gT4MFB.ltrans0.ltrans.o
 .rodata.u8x8_pcd8544_84x48_display_info
                0x0000000000005efc       0x18 /tmp/KL05Z-DevBoardDemo.gT4MFB.ltrans0.ltrans.o
 .rodata        0x0000000000005f14       0x80 /usr/lib/gcc/arm-none-eabi/10.2.0/thumb/v6-m/nofp/libgcc.a(divsf3.o)
 .rodata        0x0000000000005f94       0x40 /usr/lib/gcc/arm-none-eabi/10.2.0/thumb/v6-m/nofp/libgcc.a(mulsf3.o)
 .rodata._svfprintf_r.str1.1
                0x0000000000005fd4       0x11 /usr/lib/gcc/arm-none-eabi/10.2.0/../../../../arm-none-eabi/lib/thumb/v6-m/nofp/libg_nano.a(lib_a-nano-svfprintf.o)
 .rodata._printf_i.str1.1
                0x0000000000005fe5       0x22 /usr/lib/gcc/arm-none-eabi/10.2.0/../../../../arm-none-eabi/lib/thumb/v6-m/nofp/libg_nano.a(lib_a-nano-vfprintf_i.o)
                0x0000000000006008                . = ALIGN (0x4)
 *fill*         0x0000000000006007        0x1 
 *(.init)
 .init          0x0000000000006008        0x4 /usr/lib/gcc/arm-none-eabi/10.2.0/thumb/v6-m/nofp/crti.o
                0x0000000000006008                _init
 .init          0x000000000000600c        0x8 /usr/lib/gcc/arm-none-eabi/10.2.0/thumb/v6-m/nofp/crtn.o
                0x0000000000006014                . = ALIGN (0x4)
                0x0000000000006014                PROVIDE (__preinit_array_start = .)
 *(.preinit_array)
                0x0000000000006014                PROVIDE (__preinit_array_end = .)
                0x0000000000006014                . = ALIGN (0x4)
                0x0000000000006014                PROVIDE (__init_array_start = .)
 *(SORT_BY_NAME(.init_array.*))
 *(.init_array)
 .init_array    0x0000000000006014        0x4 /usr/lib/gcc/arm-none-eabi/10.2.0/thumb/v6-m/nofp/crtbegin.o
                0x0000000000006018                PROVIDE (__init_array_end = .)
                0x0000000000006018                . = ALIGN (0x4)
 *(.fini)
 .fini          0x0000000000006018        0x4 /usr/lib/gcc/arm-none-eabi/10.2.0/thumb/v6-m/nofp/crti.o
                0x0000000000006018                _fini
 .fini          0x000000000000601c        0x8 /usr/lib/gcc/arm-none-eabi/10.2.0/thumb/v6-m/nofp/crtn.o
                0x0000000000006024                . = ALIGN (0x4)
                0x0000000000006024                PROVIDE (__fini_array_start = .)
 *(.fini_array)
 .fini_array    0x0000000000006024        0x4 /usr/lib/gcc/arm-none-eabi/10.2.0/thumb/v6-m/nofp/crtbegin.o
 *(SORT_BY_NAME(.fini_array.*))
                0x0000000000006028                PROVIDE (__fini_array_end = .)
                0x0000000000006028                . = ALIGN (0x4)
 *crtbegin.o(.ctors)
 *(EXCLUDE_FILE(*crtend.o) .ctors)
 *(SORT_BY_NAME(.ctors.*))
 *crtend.o(.ctors)
                0x0000000000006028                . = ALIGN (0x4)
 *crtbegin.o(.dtors)
 *(EXCLUDE_FILE(*crtend.o) .dtors)
 *(SORT_BY_NAME(.dtors.*))
 *crtend.o(.dtors)
                0x0000000000006028                . = ALIGN (0x4)

.glue_7         0x0000000000006028        0x0
 .glue_7        0x0000000000006028        0x0 linker stubs

.glue_7t        0x0000000000006028        0x0
 .glue_7t       0x0000000000006028        0x0 linker stubs

.vfp11_veneer   0x0000000000006028        0x0
 .vfp11_veneer  0x0000000000006028        0x0 linker stubs

.v4_bx          0x0000000000006028        0x0
 .v4_bx         0x0000000000006028        0x0 linker stubs

.iplt           0x0000000000006028        0x0
 .iplt          0x0000000000006028        0x0 /usr/lib/gcc/arm-none-eabi/10.2.0/thumb/v6-m/nofp/crtbegin.o

.ARM.extab
 *(.ARM.extab* .gnu.linkonce.armextab.*)
                0x0000000000006028                __exidx_start = .

.ARM.exidx      0x0000000000006028        0x8
 *(.ARM.exidx* .gnu.linkonce.armexidx.*)
 .ARM.exidx     0x0000000000006028        0x8 /usr/lib/gcc/arm-none-eabi/10.2.0/../../../../arm-none-eabi/lib/thumb/v6-m/nofp/crt0.o
                                         0x10 (size before relaxing)
 .ARM.exidx     0x0000000000006030        0x0 /usr/lib/gcc/arm-none-eabi/10.2.0/thumb/v6-m/nofp/libgcc.a(_udivmoddi4.o)
                                          0x8 (size before relaxing)
                0x0000000000006030                __exidx_end = .

.rel.dyn        0x0000000000006030        0x0
 .rel.iplt      0x0000000000006030        0x0 /usr/lib/gcc/arm-none-eabi/10.2.0/thumb/v6-m/nofp/crtbegin.o

.copy.table     0x0000000000006030        0xc
                0x0000000000006030                . = ALIGN (0x4)
                0x0000000000006030                __copy_table_start__ = .
                0x0000000000006030        0x4 LONG 0x603c __etext
                0x0000000000006034        0x4 LONG 0x1ffffc00 __data_start__
                0x0000000000006038        0x4 LONG 0x19 ((__data_end__ - __data_start__) / 0x4)
                0x000000000000603c                __copy_table_end__ = .

.zero.table     0x000000000000603c        0x0
                0x000000000000603c                . = ALIGN (0x4)
                0x000000000000603c                __zero_table_start__ = .
                0x000000000000603c                __zero_table_end__ = .
                0x000000000000603c                __etext = ALIGN (0x4)

.mtb            0x000000001ffffc00        0x0
                0x000000001ffffc00                . = ALIGN (0x8)
                0x000000001ffffc00                _mtb_start = .
 *(.mtb_buf)
                0x000000001ffffc00                . = ALIGN (0x8)
                0x000000001ffffc00                _mtb_end = .

.data           0x000000001ffffc00       0x64 load address 0x000000000000603c
                0x000000001ffffc00                __data_start__ = .
 *(vtable vtable.*)
 *(.ramfunc .ramfunc.*)
 *(.data .data.* .gnu.linkonce.d.*)
 .data._impure_ptr
                0x000000001ffffc00        0x4 /usr/lib/gcc/arm-none-eabi/10.2.0/../../../../arm-none-eabi/lib/thumb/v6-m/nofp/libc_nano.a(lib_a-impure.o)
                0x000000001ffffc00                _impure_ptr
 .data.impure_data
                0x000000001ffffc04       0x60 /usr/lib/gcc/arm-none-eabi/10.2.0/../../../../arm-none-eabi/lib/thumb/v6-m/nofp/libc_nano.a(lib_a-impure.o)
                0x000000001ffffc64                . = ALIGN (0x4)
                0x000000001ffffc64                __data_end__ = .

.tm_clone_table
                0x000000001ffffc64        0x0 load address 0x00000000000060a0
 .tm_clone_table
                0x000000001ffffc64        0x0 /usr/lib/gcc/arm-none-eabi/10.2.0/thumb/v6-m/nofp/crtbegin.o
 .tm_clone_table
                0x000000001ffffc64        0x0 /usr/lib/gcc/arm-none-eabi/10.2.0/thumb/v6-m/nofp/crtend.o

.igot.plt       0x000000001ffffc64        0x0 load address 0x00000000000060a0
 .igot.plt      0x000000001ffffc64        0x0 /usr/lib/gcc/arm-none-eabi/10.2.0/thumb/v6-m/nofp/crtbegin.o

.bss            0x000000001ffffc64      0x204 load address 0x00000000000060a0
                0x000000001ffffc64                . = ALIGN (0x4)
                0x000000001ffffc64                __bss_start__ = .
 *(.bss .bss.*)
 .bss           0x000000001ffffc64       0x1c /usr/lib/gcc/arm-none-eabi/10.2.0/thumb/v6-m/nofp/crtbegin.o
 .bss._global_atexit0
                0x000000001ffffc80       0x8c /usr/lib/gcc/arm-none-eabi/10.2.0/../../../../arm-none-eabi/lib/thumb/v6-m/nofp/libc_nano.a(lib_a-__atexit.o)
 .bss._global_atexit
                0x000000001ffffd0c        0x4 /usr/lib/gcc/arm-none-eabi/10.2.0/../../../../arm-none-eabi/lib/thumb/v6-m/nofp/libc_nano.a(lib_a-__call_atexit.o)
                0x000000001ffffd0c                _global_atexit
 .bss.compl_world
                0x000000001ffffd10       0x20 /tmp/KL05Z-DevBoardDemo.gT4MFB.ltrans0.ltrans.o
 .bss.mma       0x000000001ffffd30        0xa /tmp/KL05Z-DevBoardDemo.gT4MFB.ltrans0.ltrans.o
 .bss.mma_init_done
                0x000000001ffffd3a        0x1 /tmp/KL05Z-DevBoardDemo.gT4MFB.ltrans0.ltrans.o
 .bss.new_char  0x000000001ffffd3b        0x1 /tmp/KL05Z-DevBoardDemo.gT4MFB.ltrans0.ltrans.o
 .bss.new_char_data
                0x000000001ffffd3c        0x1 /tmp/KL05Z-DevBoardDemo.gT4MFB.ltrans0.ltrans.o
 *fill*         0x000000001ffffd3d        0x3 
 .bss.prl.lto_priv.0
                0x000000001ffffd40        0x4 /tmp/KL05Z-DevBoardDemo.gT4MFB.ltrans0.ltrans.o
 .bss.rl        0x000000001ffffd44       0xd4 /tmp/KL05Z-DevBoardDemo.gT4MFB.ltrans0.ltrans.o
 .bss.run_task  0x000000001ffffe18        0x1 /tmp/KL05Z-DevBoardDemo.gT4MFB.ltrans0.ltrans.o
 *fill*         0x000000001ffffe19        0x3 
 .bss.rx_irq    0x000000001ffffe1c        0x4 /tmp/KL05Z-DevBoardDemo.gT4MFB.ltrans0.ltrans.o
 .bss.string_buffer
                0x000000001ffffe20        0xa /tmp/KL05Z-DevBoardDemo.gT4MFB.ltrans0.ltrans.o
 *fill*         0x000000001ffffe2a        0x2 
 .bss.u8x8      0x000000001ffffe2c       0x2c /tmp/KL05Z-DevBoardDemo.gT4MFB.ltrans0.ltrans.o
 .bss.heap_end.0
                0x000000001ffffe58        0x4 /usr/lib/gcc/arm-none-eabi/10.2.0/../../../../arm-none-eabi/lib/thumb/v6-m/nofp/libnosys.a(sbrk.o)
 .bss.__malloc_free_list
                0x000000001ffffe5c        0x4 /usr/lib/gcc/arm-none-eabi/10.2.0/../../../../arm-none-eabi/lib/thumb/v6-m/nofp/libg_nano.a(lib_a-nano-mallocr.o)
                0x000000001ffffe5c                __malloc_free_list
 .bss.__malloc_sbrk_start
                0x000000001ffffe60        0x4 /usr/lib/gcc/arm-none-eabi/10.2.0/../../../../arm-none-eabi/lib/thumb/v6-m/nofp/libg_nano.a(lib_a-nano-mallocr.o)
                0x000000001ffffe60                __malloc_sbrk_start
 .bss.errno     0x000000001ffffe64        0x4 /usr/lib/gcc/arm-none-eabi/10.2.0/../../../../arm-none-eabi/lib/thumb/v6-m/nofp/libg_nano.a(lib_a-reent.o)
                0x000000001ffffe64                errno
 *(COMMON)
                0x000000001ffffe68                . = ALIGN (0x4)
                0x000000001ffffe68                __bss_end__ = .
                0x0000000000000020                __HEAP_SIZE = DEFINED (__heap_size)?__heap_size:0x20

.heap           0x000000001ffffe68       0x20 load address 0x00000000000060a0
                0x000000001ffffe68                . = ALIGN (0x8)
                0x000000001ffffe68                __end__ = .
                0x000000001ffffe68                PROVIDE (end = .)
                0x000000001ffffe88                . = (. + __HEAP_SIZE)
 *fill*         0x000000001ffffe68       0x20 
                0x000000001ffffe88                . = ALIGN (0x8)
                0x000000001ffffe88                __HeapLimit = .

.stack          0x0000000020000b00      0x100
                0x0000000020000b00                . = ALIGN (0x8)
                0x0000000020000b00                __StackLimit = .
                0x0000000020000c00                . = (. + __STACK_SIZE)
 *fill*         0x0000000020000b00      0x100 
                0x0000000020000c00                . = ALIGN (0x8)
                0x0000000020000c00                __StackTop = .
                0x0000000020000c00                PROVIDE (__stack = __StackTop)
                0x0000000000000001                ASSERT ((__StackLimit >= __HeapLimit), region RAM overflowed with stack)
OUTPUT(KL05Z-DevBoardDemo elf32-littlearm)
LOAD linker stubs

.ARM.attributes
                0x0000000000000000       0x28
 .ARM.attributes
                0x0000000000000000       0x1e /usr/lib/gcc/arm-none-eabi/10.2.0/thumb/v6-m/nofp/crti.o
 .ARM.attributes
                0x000000000000001e       0x2c /usr/lib/gcc/arm-none-eabi/10.2.0/thumb/v6-m/nofp/crtbegin.o
 .ARM.attributes
                0x000000000000004a       0x1b /usr/lib/gcc/arm-none-eabi/10.2.0/../../../../arm-none-eabi/lib/thumb/v6-m/nofp/crt0.o
 .ARM.attributes
                0x0000000000000065       0x2c /usr/lib/gcc/arm-none-eabi/10.2.0/../../../../arm-none-eabi/lib/thumb/v6-m/nofp/libc_nano.a(lib_a-atexit.o)
 .ARM.attributes
                0x0000000000000091       0x2c /usr/lib/gcc/arm-none-eabi/10.2.0/../../../../arm-none-eabi/lib/thumb/v6-m/nofp/libc_nano.a(lib_a-exit.o)
 .ARM.attributes
                0x00000000000000bd       0x2c /usr/lib/gcc/arm-none-eabi/10.2.0/../../../../arm-none-eabi/lib/thumb/v6-m/nofp/libc_nano.a(lib_a-fini.o)
 .ARM.attributes
                0x00000000000000e9       0x2c /usr/lib/gcc/arm-none-eabi/10.2.0/../../../../arm-none-eabi/lib/thumb/v6-m/nofp/libc_nano.a(lib_a-impure.o)
 .ARM.attributes
                0x0000000000000115       0x2c /usr/lib/gcc/arm-none-eabi/10.2.0/../../../../arm-none-eabi/lib/thumb/v6-m/nofp/libc_nano.a(lib_a-init.o)
 .ARM.attributes
                0x0000000000000141       0x2c /usr/lib/gcc/arm-none-eabi/10.2.0/../../../../arm-none-eabi/lib/thumb/v6-m/nofp/libc_nano.a(lib_a-memset.o)
 .ARM.attributes
                0x000000000000016d       0x2c /usr/lib/gcc/arm-none-eabi/10.2.0/../../../../arm-none-eabi/lib/thumb/v6-m/nofp/libc_nano.a(lib_a-__atexit.o)
 .ARM.attributes
                0x0000000000000199       0x2c /usr/lib/gcc/arm-none-eabi/10.2.0/../../../../arm-none-eabi/lib/thumb/v6-m/nofp/libc_nano.a(lib_a-__call_atexit.o)
 .ARM.attributes
                0x00000000000001c5       0x2a /tmp/KL05Z-DevBoardDemo.gT4MFB.ltrans0.ltrans.o
 .ARM.attributes
                0x00000000000001ef       0x2c /usr/lib/gcc/arm-none-eabi/10.2.0/../../../../arm-none-eabi/lib/thumb/v6-m/nofp/libnosys.a(_exit.o)
 .ARM.attributes
                0x000000000000021b       0x2c /usr/lib/gcc/arm-none-eabi/10.2.0/../../../../arm-none-eabi/lib/thumb/v6-m/nofp/libnosys.a(sbrk.o)
 .ARM.attributes
                0x0000000000000247       0x1e /usr/lib/gcc/arm-none-eabi/10.2.0/thumb/v6-m/nofp/libgcc.a(_udivsi3.o)
 .ARM.attributes
                0x0000000000000265       0x1e /usr/lib/gcc/arm-none-eabi/10.2.0/thumb/v6-m/nofp/libgcc.a(_divsi3.o)
 .ARM.attributes
                0x0000000000000283       0x1e /usr/lib/gcc/arm-none-eabi/10.2.0/thumb/v6-m/nofp/libgcc.a(_dvmd_tls.o)
 .ARM.attributes
                0x00000000000002a1       0x1e /usr/lib/gcc/arm-none-eabi/10.2.0/thumb/v6-m/nofp/libgcc.a(_arm_cmpsf2.o)
 .ARM.attributes
                0x00000000000002bf       0x1e /usr/lib/gcc/arm-none-eabi/10.2.0/thumb/v6-m/nofp/libgcc.a(_aeabi_uldivmod.o)
 .ARM.attributes
                0x00000000000002dd       0x2c /usr/lib/gcc/arm-none-eabi/10.2.0/thumb/v6-m/nofp/libgcc.a(_muldi3.o)
 .ARM.attributes
                0x0000000000000309       0x2c /usr/lib/gcc/arm-none-eabi/10.2.0/thumb/v6-m/nofp/libgcc.a(_fixunssfsi.o)
 .ARM.attributes
                0x0000000000000335       0x2c /usr/lib/gcc/arm-none-eabi/10.2.0/thumb/v6-m/nofp/libgcc.a(_udivmoddi4.o)
 .ARM.attributes
                0x0000000000000361       0x2c /usr/lib/gcc/arm-none-eabi/10.2.0/thumb/v6-m/nofp/libgcc.a(addsf3.o)
 .ARM.attributes
                0x000000000000038d       0x2c /usr/lib/gcc/arm-none-eabi/10.2.0/thumb/v6-m/nofp/libgcc.a(divsf3.o)
 .ARM.attributes
                0x00000000000003b9       0x2c /usr/lib/gcc/arm-none-eabi/10.2.0/thumb/v6-m/nofp/libgcc.a(eqsf2.o)
 .ARM.attributes
                0x00000000000003e5       0x2c /usr/lib/gcc/arm-none-eabi/10.2.0/thumb/v6-m/nofp/libgcc.a(gesf2.o)
 .ARM.attributes
                0x0000000000000411       0x2c /usr/lib/gcc/arm-none-eabi/10.2.0/thumb/v6-m/nofp/libgcc.a(lesf2.o)
 .ARM.attributes
                0x000000000000043d       0x2c /usr/lib/gcc/arm-none-eabi/10.2.0/thumb/v6-m/nofp/libgcc.a(mulsf3.o)
 .ARM.attributes
                0x0000000000000469       0x2c /usr/lib/gcc/arm-none-eabi/10.2.0/thumb/v6-m/nofp/libgcc.a(subsf3.o)
 .ARM.attributes
                0x0000000000000495       0x2c /usr/lib/gcc/arm-none-eabi/10.2.0/thumb/v6-m/nofp/libgcc.a(fixsfsi.o)
 .ARM.attributes
                0x00000000000004c1       0x2c /usr/lib/gcc/arm-none-eabi/10.2.0/thumb/v6-m/nofp/libgcc.a(floatsisf.o)
 .ARM.attributes
                0x00000000000004ed       0x1e /usr/lib/gcc/arm-none-eabi/10.2.0/thumb/v6-m/nofp/libgcc.a(_clzsi2.o)
 .ARM.attributes
                0x000000000000050b       0x1e /usr/lib/gcc/arm-none-eabi/10.2.0/thumb/v6-m/nofp/libgcc.a(_clzdi2.o)
 .ARM.attributes
                0x0000000000000529       0x1e /usr/lib/gcc/arm-none-eabi/10.2.0/thumb/v6-m/nofp/libgcc.a(_thumb1_case_shi.o)
 .ARM.attributes
                0x0000000000000547       0x2c /usr/lib/gcc/arm-none-eabi/10.2.0/../../../../arm-none-eabi/lib/thumb/v6-m/nofp/libg_nano.a(lib_a-memcpy-stub.o)
 .ARM.attributes
                0x0000000000000573       0x2c /usr/lib/gcc/arm-none-eabi/10.2.0/../../../../arm-none-eabi/lib/thumb/v6-m/nofp/libg_nano.a(lib_a-memmove.o)
 .ARM.attributes
                0x000000000000059f       0x2c /usr/lib/gcc/arm-none-eabi/10.2.0/../../../../arm-none-eabi/lib/thumb/v6-m/nofp/libg_nano.a(lib_a-snprintf.o)
 .ARM.attributes
                0x00000000000005cb       0x2c /usr/lib/gcc/arm-none-eabi/10.2.0/../../../../arm-none-eabi/lib/thumb/v6-m/nofp/libg_nano.a(lib_a-sprintf.o)
 .ARM.attributes
                0x00000000000005f7       0x1c /usr/lib/gcc/arm-none-eabi/10.2.0/../../../../arm-none-eabi/lib/thumb/v6-m/nofp/libg_nano.a(lib_a-strcmp.o)
 .ARM.attributes
                0x0000000000000613       0x1c /usr/lib/gcc/arm-none-eabi/10.2.0/../../../../arm-none-eabi/lib/thumb/v6-m/nofp/libg_nano.a(lib_a-strlen.o)
 .ARM.attributes
                0x000000000000062f       0x2c /usr/lib/gcc/arm-none-eabi/10.2.0/../../../../arm-none-eabi/lib/thumb/v6-m/nofp/libg_nano.a(lib_a-strstr.o)
 .ARM.attributes
                0x000000000000065b       0x2c /usr/lib/gcc/arm-none-eabi/10.2.0/../../../../arm-none-eabi/lib/thumb/v6-m/nofp/libg_nano.a(lib_a-nano-svfprintf.o)
 .ARM.attributes
                0x0000000000000687       0x2c /usr/lib/gcc/arm-none-eabi/10.2.0/../../../../arm-none-eabi/lib/thumb/v6-m/nofp/libg_nano.a(lib_a-nano-vfprintf_i.o)
 .ARM.attributes
                0x00000000000006b3       0x2c /usr/lib/gcc/arm-none-eabi/10.2.0/../../../../arm-none-eabi/lib/thumb/v6-m/nofp/libg_nano.a(lib_a-memchr-stub.o)
 .ARM.attributes
                0x00000000000006df       0x2c /usr/lib/gcc/arm-none-eabi/10.2.0/../../../../arm-none-eabi/lib/thumb/v6-m/nofp/libg_nano.a(lib_a-nano-freer.o)
 .ARM.attributes
                0x000000000000070b       0x2c /usr/lib/gcc/arm-none-eabi/10.2.0/../../../../arm-none-eabi/lib/thumb/v6-m/nofp/libg_nano.a(lib_a-nano-mallocr.o)
 .ARM.attributes
                0x0000000000000737       0x2c /usr/lib/gcc/arm-none-eabi/10.2.0/../../../../arm-none-eabi/lib/thumb/v6-m/nofp/libg_nano.a(lib_a-nano-reallocr.o)
 .ARM.attributes
                0x0000000000000763       0x2c /usr/lib/gcc/arm-none-eabi/10.2.0/../../../../arm-none-eabi/lib/thumb/v6-m/nofp/libg_nano.a(lib_a-sbrkr.o)
 .ARM.attributes
                0x000000000000078f       0x2c /usr/lib/gcc/arm-none-eabi/10.2.0/../../../../arm-none-eabi/lib/thumb/v6-m/nofp/libg_nano.a(lib_a-mlock.o)
 .ARM.attributes
                0x00000000000007bb       0x2c /usr/lib/gcc/arm-none-eabi/10.2.0/../../../../arm-none-eabi/lib/thumb/v6-m/nofp/libg_nano.a(lib_a-nano-msizer.o)
 .ARM.attributes
                0x00000000000007e7       0x2c /usr/lib/gcc/arm-none-eabi/10.2.0/../../../../arm-none-eabi/lib/thumb/v6-m/nofp/libg_nano.a(lib_a-reent.o)
 .ARM.attributes
                0x0000000000000813       0x2c /usr/lib/gcc/arm-none-eabi/10.2.0/thumb/v6-m/nofp/crtend.o
 .ARM.attributes
                0x000000000000083f       0x1e /usr/lib/gcc/arm-none-eabi/10.2.0/thumb/v6-m/nofp/crtn.o

.comment        0x0000000000000000       0x46
 .comment       0x0000000000000000       0x23 /usr/lib/gcc/arm-none-eabi/10.2.0/thumb/v6-m/nofp/crtbegin.o
                                         0x24 (size before relaxing)
 .comment       0x0000000000000023       0x23 /usr/lib/gcc/arm-none-eabi/10.2.0/../../../../arm-none-eabi/lib/thumb/v6-m/nofp/libc_nano.a(lib_a-atexit.o)
                                         0x24 (size before relaxing)
 .comment       0x0000000000000046       0x24 /usr/lib/gcc/arm-none-eabi/10.2.0/../../../../arm-none-eabi/lib/thumb/v6-m/nofp/libc_nano.a(lib_a-exit.o)
 .comment       0x0000000000000046       0x24 /usr/lib/gcc/arm-none-eabi/10.2.0/../../../../arm-none-eabi/lib/thumb/v6-m/nofp/libc_nano.a(lib_a-fini.o)
 .comment       0x0000000000000046       0x24 /usr/lib/gcc/arm-none-eabi/10.2.0/../../../../arm-none-eabi/lib/thumb/v6-m/nofp/libc_nano.a(lib_a-impure.o)
 .comment       0x0000000000000046       0x24 /usr/lib/gcc/arm-none-eabi/10.2.0/../../../../arm-none-eabi/lib/thumb/v6-m/nofp/libc_nano.a(lib_a-init.o)
 .comment       0x0000000000000046       0x24 /usr/lib/gcc/arm-none-eabi/10.2.0/../../../../arm-none-eabi/lib/thumb/v6-m/nofp/libc_nano.a(lib_a-memset.o)
 .comment       0x0000000000000046       0x24 /usr/lib/gcc/arm-none-eabi/10.2.0/../../../../arm-none-eabi/lib/thumb/v6-m/nofp/libc_nano.a(lib_a-__atexit.o)
 .comment       0x0000000000000046       0x24 /usr/lib/gcc/arm-none-eabi/10.2.0/../../../../arm-none-eabi/lib/thumb/v6-m/nofp/libc_nano.a(lib_a-__call_atexit.o)
 .comment       0x0000000000000046       0x24 /tmp/KL05Z-DevBoardDemo.gT4MFB.ltrans0.ltrans.o
 .comment       0x0000000000000046       0x24 /usr/lib/gcc/arm-none-eabi/10.2.0/../../../../arm-none-eabi/lib/thumb/v6-m/nofp/libnosys.a(_exit.o)
 .comment       0x0000000000000046       0x24 /usr/lib/gcc/arm-none-eabi/10.2.0/../../../../arm-none-eabi/lib/thumb/v6-m/nofp/libnosys.a(sbrk.o)
 .comment       0x0000000000000046       0x24 /usr/lib/gcc/arm-none-eabi/10.2.0/thumb/v6-m/nofp/libgcc.a(_muldi3.o)
 .comment       0x0000000000000046       0x24 /usr/lib/gcc/arm-none-eabi/10.2.0/thumb/v6-m/nofp/libgcc.a(_fixunssfsi.o)
 .comment       0x0000000000000046       0x24 /usr/lib/gcc/arm-none-eabi/10.2.0/thumb/v6-m/nofp/libgcc.a(_udivmoddi4.o)
 .comment       0x0000000000000046       0x24 /usr/lib/gcc/arm-none-eabi/10.2.0/thumb/v6-m/nofp/libgcc.a(addsf3.o)
 .comment       0x0000000000000046       0x24 /usr/lib/gcc/arm-none-eabi/10.2.0/thumb/v6-m/nofp/libgcc.a(divsf3.o)
 .comment       0x0000000000000046       0x24 /usr/lib/gcc/arm-none-eabi/10.2.0/thumb/v6-m/nofp/libgcc.a(eqsf2.o)
 .comment       0x0000000000000046       0x24 /usr/lib/gcc/arm-none-eabi/10.2.0/thumb/v6-m/nofp/libgcc.a(gesf2.o)
 .comment       0x0000000000000046       0x24 /usr/lib/gcc/arm-none-eabi/10.2.0/thumb/v6-m/nofp/libgcc.a(lesf2.o)
 .comment       0x0000000000000046       0x24 /usr/lib/gcc/arm-none-eabi/10.2.0/thumb/v6-m/nofp/libgcc.a(mulsf3.o)
 .comment       0x0000000000000046       0x24 /usr/lib/gcc/arm-none-eabi/10.2.0/thumb/v6-m/nofp/libgcc.a(subsf3.o)
 .comment       0x0000000000000046       0x24 /usr/lib/gcc/arm-none-eabi/10.2.0/thumb/v6-m/nofp/libgcc.a(fixsfsi.o)
 .comment       0x0000000000000046       0x24 /usr/lib/gcc/arm-none-eabi/10.2.0/thumb/v6-m/nofp/libgcc.a(floatsisf.o)
 .comment       0x0000000000000046       0x24 /usr/lib/gcc/arm-none-eabi/10.2.0/../../../../arm-none-eabi/lib/thumb/v6-m/nofp/libg_nano.a(lib_a-memcpy-stub.o)
 .comment       0x0000000000000046       0x24 /usr/lib/gcc/arm-none-eabi/10.2.0/../../../../arm-none-eabi/lib/thumb/v6-m/nofp/libg_nano.a(lib_a-memmove.o)
 .comment       0x0000000000000046       0x24 /usr/lib/gcc/arm-none-eabi/10.2.0/../../../../arm-none-eabi/lib/thumb/v6-m/nofp/libg_nano.a(lib_a-snprintf.o)
 .comment       0x0000000000000046       0x24 /usr/lib/gcc/arm-none-eabi/10.2.0/../../../../arm-none-eabi/lib/thumb/v6-m/nofp/libg_nano.a(lib_a-sprintf.o)
 .comment       0x0000000000000046       0x24 /usr/lib/gcc/arm-none-eabi/10.2.0/../../../../arm-none-eabi/lib/thumb/v6-m/nofp/libg_nano.a(lib_a-strstr.o)
 .comment       0x0000000000000046       0x24 /usr/lib/gcc/arm-none-eabi/10.2.0/../../../../arm-none-eabi/lib/thumb/v6-m/nofp/libg_nano.a(lib_a-nano-svfprintf.o)
 .comment       0x0000000000000046       0x24 /usr/lib/gcc/arm-none-eabi/10.2.0/../../../../arm-none-eabi/lib/thumb/v6-m/nofp/libg_nano.a(lib_a-nano-vfprintf_i.o)
 .comment       0x0000000000000046       0x24 /usr/lib/gcc/arm-none-eabi/10.2.0/../../../../arm-none-eabi/lib/thumb/v6-m/nofp/libg_nano.a(lib_a-memchr-stub.o)
 .comment       0x0000000000000046       0x24 /usr/lib/gcc/arm-none-eabi/10.2.0/../../../../arm-none-eabi/lib/thumb/v6-m/nofp/libg_nano.a(lib_a-nano-freer.o)
 .comment       0x0000000000000046       0x24 /usr/lib/gcc/arm-none-eabi/10.2.0/../../../../arm-none-eabi/lib/thumb/v6-m/nofp/libg_nano.a(lib_a-nano-mallocr.o)
 .comment       0x0000000000000046       0x24 /usr/lib/gcc/arm-none-eabi/10.2.0/../../../../arm-none-eabi/lib/thumb/v6-m/nofp/libg_nano.a(lib_a-nano-reallocr.o)
 .comment       0x0000000000000046       0x24 /usr/lib/gcc/arm-none-eabi/10.2.0/../../../../arm-none-eabi/lib/thumb/v6-m/nofp/libg_nano.a(lib_a-sbrkr.o)
 .comment       0x0000000000000046       0x24 /usr/lib/gcc/arm-none-eabi/10.2.0/../../../../arm-none-eabi/lib/thumb/v6-m/nofp/libg_nano.a(lib_a-mlock.o)
 .comment       0x0000000000000046       0x24 /usr/lib/gcc/arm-none-eabi/10.2.0/../../../../arm-none-eabi/lib/thumb/v6-m/nofp/libg_nano.a(lib_a-nano-msizer.o)
 .comment       0x0000000000000046       0x24 /usr/lib/gcc/arm-none-eabi/10.2.0/../../../../arm-none-eabi/lib/thumb/v6-m/nofp/libg_nano.a(lib_a-reent.o)
 .comment       0x0000000000000046       0x24 /usr/lib/gcc/arm-none-eabi/10.2.0/thumb/v6-m/nofp/crtend.o

.debug_line     0x0000000000000000     0xcdc2
 .debug_line    0x0000000000000000       0x8c /usr/lib/gcc/arm-none-eabi/10.2.0/../../../../arm-none-eabi/lib/thumb/v6-m/nofp/crt0.o
 .debug_line    0x000000000000008c       0xc7 /usr/lib/gcc/arm-none-eabi/10.2.0/../../../../arm-none-eabi/lib/thumb/v6-m/nofp/libc_nano.a(lib_a-atexit.o)
 .debug_line    0x0000000000000153      0x16d /usr/lib/gcc/arm-none-eabi/10.2.0/../../../../arm-none-eabi/lib/thumb/v6-m/nofp/libc_nano.a(lib_a-exit.o)
 .debug_line    0x00000000000002c0       0xee /usr/lib/gcc/arm-none-eabi/10.2.0/../../../../arm-none-eabi/lib/thumb/v6-m/nofp/libc_nano.a(lib_a-fini.o)
 .debug_line    0x00000000000003ae       0xe5 /usr/lib/gcc/arm-none-eabi/10.2.0/../../../../arm-none-eabi/lib/thumb/v6-m/nofp/libc_nano.a(lib_a-impure.o)
 .debug_line    0x0000000000000493      0x13c /usr/lib/gcc/arm-none-eabi/10.2.0/../../../../arm-none-eabi/lib/thumb/v6-m/nofp/libc_nano.a(lib_a-init.o)
 .debug_line    0x00000000000005cf       0xfa /usr/lib/gcc/arm-none-eabi/10.2.0/../../../../arm-none-eabi/lib/thumb/v6-m/nofp/libc_nano.a(lib_a-memset.o)
 .debug_line    0x00000000000006c9      0x1e7 /usr/lib/gcc/arm-none-eabi/10.2.0/../../../../arm-none-eabi/lib/thumb/v6-m/nofp/libc_nano.a(lib_a-__atexit.o)
 .debug_line    0x00000000000008b0      0x1d9 /usr/lib/gcc/arm-none-eabi/10.2.0/../../../../arm-none-eabi/lib/thumb/v6-m/nofp/libc_nano.a(lib_a-__call_atexit.o)
 .debug_line    0x0000000000000a89     0x39f2 /tmp/KL05Z-DevBoardDemo.gT4MFB.ltrans0.ltrans.o
 .debug_line    0x000000000000447b      0x460 /tmp/cc8PpHB1.debug.temp.o
 .debug_line    0x00000000000048db      0x5b5 /tmp/cc8aiv18.debug.temp.o
 .debug_line    0x0000000000004e90      0x268 /tmp/ccrAddCm.debug.temp.o
 .debug_line    0x00000000000050f8      0x252 /tmp/cc7SzDp2.debug.temp.o
 .debug_line    0x000000000000534a      0x326 /tmp/cc9iCx4f.debug.temp.o
 .debug_line    0x0000000000005670      0x259 /tmp/ccL3leik.debug.temp.o
 .debug_line    0x00000000000058c9      0x266 /tmp/ccCZkquH.debug.temp.o
 .debug_line    0x0000000000005b2f      0x270 /tmp/cczWzLni.debug.temp.o
 .debug_line    0x0000000000005d9f      0x270 /tmp/ccHlAEuy.debug.temp.o
 .debug_line    0x000000000000600f      0x361 /tmp/cctExMsE.debug.temp.o
 .debug_line    0x0000000000006370      0x2bd /tmp/ccJLwB0f.debug.temp.o
 .debug_line    0x000000000000662d      0x38c /tmp/cccIMSu4.debug.temp.o
 .debug_line    0x00000000000069b9       0x76 /tmp/ccjbuLnM.debug.temp.o
 .debug_line    0x0000000000006a2f      0x25d /tmp/ccSJXAbY.debug.temp.o
 .debug_line    0x0000000000006c8c      0x1cd /tmp/ccXy68bE.debug.temp.o
 .debug_line    0x0000000000006e59      0x1ce /tmp/cc3gA3Ws.debug.temp.o
 .debug_line    0x0000000000007027      0x1db /tmp/ccA0dPrr.debug.temp.o
 .debug_line    0x0000000000007202      0x1d9 /tmp/ccliciO1.debug.temp.o
 .debug_line    0x00000000000073db      0x1d1 /tmp/ccka4iMw.debug.temp.o
 .debug_line    0x00000000000075ac      0x1cf /tmp/cc9NcVxQ.debug.temp.o
 .debug_line    0x000000000000777b      0x1ce /tmp/cc7NhsQn.debug.temp.o
 .debug_line    0x0000000000007949      0x1cf /tmp/ccmClHpU.debug.temp.o
 .debug_line    0x0000000000007b18      0x212 /tmp/ccKBDQgE.debug.temp.o
 .debug_line    0x0000000000007d2a      0x213 /tmp/ccxH6xMv.debug.temp.o
 .debug_line    0x0000000000007f3d       0x75 /usr/lib/gcc/arm-none-eabi/10.2.0/../../../../arm-none-eabi/lib/thumb/v6-m/nofp/libnosys.a(_exit.o)
 .debug_line    0x0000000000007fb2       0x86 /usr/lib/gcc/arm-none-eabi/10.2.0/../../../../arm-none-eabi/lib/thumb/v6-m/nofp/libnosys.a(sbrk.o)
 .debug_line    0x0000000000008038       0x77 /usr/lib/gcc/arm-none-eabi/10.2.0/thumb/v6-m/nofp/libgcc.a(_udivsi3.o)
 .debug_line    0x00000000000080af       0x7e /usr/lib/gcc/arm-none-eabi/10.2.0/thumb/v6-m/nofp/libgcc.a(_divsi3.o)
 .debug_line    0x000000000000812d       0x6b /usr/lib/gcc/arm-none-eabi/10.2.0/thumb/v6-m/nofp/libgcc.a(_dvmd_tls.o)
 .debug_line    0x0000000000008198       0x80 /usr/lib/gcc/arm-none-eabi/10.2.0/thumb/v6-m/nofp/libgcc.a(_arm_cmpsf2.o)
 .debug_line    0x0000000000008218       0x76 /usr/lib/gcc/arm-none-eabi/10.2.0/thumb/v6-m/nofp/libgcc.a(_aeabi_uldivmod.o)
 .debug_line    0x000000000000828e      0x117 /usr/lib/gcc/arm-none-eabi/10.2.0/thumb/v6-m/nofp/libgcc.a(_muldi3.o)
 .debug_line    0x00000000000083a5       0x9b /usr/lib/gcc/arm-none-eabi/10.2.0/thumb/v6-m/nofp/libgcc.a(_fixunssfsi.o)
 .debug_line    0x0000000000008440      0x1ab /usr/lib/gcc/arm-none-eabi/10.2.0/thumb/v6-m/nofp/libgcc.a(_udivmoddi4.o)
 .debug_line    0x00000000000085eb      0x623 /usr/lib/gcc/arm-none-eabi/10.2.0/thumb/v6-m/nofp/libgcc.a(addsf3.o)
 .debug_line    0x0000000000008c0e      0x54b /usr/lib/gcc/arm-none-eabi/10.2.0/thumb/v6-m/nofp/libgcc.a(divsf3.o)
 .debug_line    0x0000000000009159      0x117 /usr/lib/gcc/arm-none-eabi/10.2.0/thumb/v6-m/nofp/libgcc.a(eqsf2.o)
 .debug_line    0x0000000000009270      0x16b /usr/lib/gcc/arm-none-eabi/10.2.0/thumb/v6-m/nofp/libgcc.a(gesf2.o)
 .debug_line    0x00000000000093db      0x162 /usr/lib/gcc/arm-none-eabi/10.2.0/thumb/v6-m/nofp/libgcc.a(lesf2.o)
 .debug_line    0x000000000000953d      0x561 /usr/lib/gcc/arm-none-eabi/10.2.0/thumb/v6-m/nofp/libgcc.a(mulsf3.o)
 .debug_line    0x0000000000009a9e      0x6a6 /usr/lib/gcc/arm-none-eabi/10.2.0/thumb/v6-m/nofp/libgcc.a(subsf3.o)
 .debug_line    0x000000000000a144      0x11e /usr/lib/gcc/arm-none-eabi/10.2.0/thumb/v6-m/nofp/libgcc.a(fixsfsi.o)
 .debug_line    0x000000000000a262      0x23f /usr/lib/gcc/arm-none-eabi/10.2.0/thumb/v6-m/nofp/libgcc.a(floatsisf.o)
 .debug_line    0x000000000000a4a1       0x7f /usr/lib/gcc/arm-none-eabi/10.2.0/thumb/v6-m/nofp/libgcc.a(_clzsi2.o)
 .debug_line    0x000000000000a520       0x75 /usr/lib/gcc/arm-none-eabi/10.2.0/thumb/v6-m/nofp/libgcc.a(_clzdi2.o)
 .debug_line    0x000000000000a595       0x74 /usr/lib/gcc/arm-none-eabi/10.2.0/thumb/v6-m/nofp/libgcc.a(_thumb1_case_shi.o)
 .debug_line    0x000000000000a609      0x11d /usr/lib/gcc/arm-none-eabi/10.2.0/../../../../arm-none-eabi/lib/thumb/v6-m/nofp/libg_nano.a(lib_a-memcpy-stub.o)
 .debug_line    0x000000000000a726      0x123 /usr/lib/gcc/arm-none-eabi/10.2.0/../../../../arm-none-eabi/lib/thumb/v6-m/nofp/libg_nano.a(lib_a-memmove.o)
 .debug_line    0x000000000000a849      0x320 /usr/lib/gcc/arm-none-eabi/10.2.0/../../../../arm-none-eabi/lib/thumb/v6-m/nofp/libg_nano.a(lib_a-snprintf.o)
 .debug_line    0x000000000000ab69      0x221 /usr/lib/gcc/arm-none-eabi/10.2.0/../../../../arm-none-eabi/lib/thumb/v6-m/nofp/libg_nano.a(lib_a-sprintf.o)
 .debug_line    0x000000000000ad8a       0x7b /usr/lib/gcc/arm-none-eabi/10.2.0/../../../../arm-none-eabi/lib/thumb/v6-m/nofp/libg_nano.a(lib_a-strcmp.o)
 .debug_line    0x000000000000ae05       0x7b /usr/lib/gcc/arm-none-eabi/10.2.0/../../../../arm-none-eabi/lib/thumb/v6-m/nofp/libg_nano.a(lib_a-strlen.o)
 .debug_line    0x000000000000ae80      0x15d /usr/lib/gcc/arm-none-eabi/10.2.0/../../../../arm-none-eabi/lib/thumb/v6-m/nofp/libg_nano.a(lib_a-strstr.o)
 .debug_line    0x000000000000afdd      0x879 /usr/lib/gcc/arm-none-eabi/10.2.0/../../../../arm-none-eabi/lib/thumb/v6-m/nofp/libg_nano.a(lib_a-nano-svfprintf.o)
 .debug_line    0x000000000000b856      0x63e /usr/lib/gcc/arm-none-eabi/10.2.0/../../../../arm-none-eabi/lib/thumb/v6-m/nofp/libg_nano.a(lib_a-nano-vfprintf_i.o)
 .debug_line    0x000000000000be94      0x120 /usr/lib/gcc/arm-none-eabi/10.2.0/../../../../arm-none-eabi/lib/thumb/v6-m/nofp/libg_nano.a(lib_a-memchr-stub.o)
 .debug_line    0x000000000000bfb4      0x283 /usr/lib/gcc/arm-none-eabi/10.2.0/../../../../arm-none-eabi/lib/thumb/v6-m/nofp/libg_nano.a(lib_a-nano-freer.o)
 .debug_line    0x000000000000c237      0x326 /usr/lib/gcc/arm-none-eabi/10.2.0/../../../../arm-none-eabi/lib/thumb/v6-m/nofp/libg_nano.a(lib_a-nano-mallocr.o)
 .debug_line    0x000000000000c55d      0x1cb /usr/lib/gcc/arm-none-eabi/10.2.0/../../../../arm-none-eabi/lib/thumb/v6-m/nofp/libg_nano.a(lib_a-nano-reallocr.o)
 .debug_line    0x000000000000c728      0x182 /usr/lib/gcc/arm-none-eabi/10.2.0/../../../../arm-none-eabi/lib/thumb/v6-m/nofp/libg_nano.a(lib_a-sbrkr.o)
 .debug_line    0x000000000000c8aa      0x140 /usr/lib/gcc/arm-none-eabi/10.2.0/../../../../arm-none-eabi/lib/thumb/v6-m/nofp/libg_nano.a(lib_a-mlock.o)
 .debug_line    0x000000000000c9ea      0x15f /usr/lib/gcc/arm-none-eabi/10.2.0/../../../../arm-none-eabi/lib/thumb/v6-m/nofp/libg_nano.a(lib_a-nano-msizer.o)
 .debug_line    0x000000000000cb49      0x279 /usr/lib/gcc/arm-none-eabi/10.2.0/../../../../arm-none-eabi/lib/thumb/v6-m/nofp/libg_nano.a(lib_a-reent.o)

.debug_info     0x0000000000000000    0x18b9a
 .debug_info    0x0000000000000000       0x26 /usr/lib/gcc/arm-none-eabi/10.2.0/../../../../arm-none-eabi/lib/thumb/v6-m/nofp/crt0.o
 .debug_info    0x0000000000000026      0x100 /usr/lib/gcc/arm-none-eabi/10.2.0/../../../../arm-none-eabi/lib/thumb/v6-m/nofp/libc_nano.a(lib_a-atexit.o)
 .debug_info    0x0000000000000126      0x81a /usr/lib/gcc/arm-none-eabi/10.2.0/../../../../arm-none-eabi/lib/thumb/v6-m/nofp/libc_nano.a(lib_a-exit.o)
 .debug_info    0x0000000000000940      0x102 /usr/lib/gcc/arm-none-eabi/10.2.0/../../../../arm-none-eabi/lib/thumb/v6-m/nofp/libc_nano.a(lib_a-fini.o)
 .debug_info    0x0000000000000a42      0x863 /usr/lib/gcc/arm-none-eabi/10.2.0/../../../../arm-none-eabi/lib/thumb/v6-m/nofp/libc_nano.a(lib_a-impure.o)
 .debug_info    0x00000000000012a5      0x11a /usr/lib/gcc/arm-none-eabi/10.2.0/../../../../arm-none-eabi/lib/thumb/v6-m/nofp/libc_nano.a(lib_a-init.o)
 .debug_info    0x00000000000013bf       0xe1 /usr/lib/gcc/arm-none-eabi/10.2.0/../../../../arm-none-eabi/lib/thumb/v6-m/nofp/libc_nano.a(lib_a-memset.o)
 .debug_info    0x00000000000014a0      0x261 /usr/lib/gcc/arm-none-eabi/10.2.0/../../../../arm-none-eabi/lib/thumb/v6-m/nofp/libc_nano.a(lib_a-__atexit.o)
 .debug_info    0x0000000000001701      0x249 /usr/lib/gcc/arm-none-eabi/10.2.0/../../../../arm-none-eabi/lib/thumb/v6-m/nofp/libc_nano.a(lib_a-__call_atexit.o)
 .debug_info    0x000000000000194a     0x3eaf /tmp/KL05Z-DevBoardDemo.gT4MFB.ltrans0.ltrans.o
 .debug_info    0x00000000000057f9      0x68f /tmp/cc8PpHB1.debug.temp.o
                0x00000000000057f9                main.c.766a6301
 .debug_info    0x0000000000005e88      0xf42 /tmp/cc8aiv18.debug.temp.o
                0x0000000000005e88                cmdline.c.941e770b
 .debug_info    0x0000000000006dca      0x881 /tmp/ccrAddCm.debug.temp.o
                0x0000000000006dca                gpio.c.0db675c2
 .debug_info    0x000000000000764b      0x198 /tmp/cc7SzDp2.debug.temp.o
                0x000000000000764b                delay.c.b20449f6
 .debug_info    0x00000000000077e3      0x622 /tmp/cc9iCx4f.debug.temp.o
                0x00000000000077e3                uart.c.2308a2ca
 .debug_info    0x0000000000007e05      0x7e5 /tmp/ccL3leik.debug.temp.o
                0x0000000000007e05                i2c.c.e588235c
 .debug_info    0x00000000000085ea      0x59c /tmp/ccCZkquH.debug.temp.o
                0x00000000000085ea                spi.c.6cf7980b
 .debug_info    0x0000000000008b86      0x795 /tmp/cczWzLni.debug.temp.o
                0x0000000000008b86                pwm.c.f1ab4547
 .debug_info    0x000000000000931b      0x6ba /tmp/ccHlAEuy.debug.temp.o
                0x000000000000931b                adc.c.7019f8e0
 .debug_info    0x00000000000099d5      0x3d9 /tmp/cctExMsE.debug.temp.o
                0x00000000000099d5                mma8451q.c.f6156764
 .debug_info    0x0000000000009dae      0x338 /tmp/ccJLwB0f.debug.temp.o
                0x0000000000009dae                ws2812b.c.0925069a
 .debug_info    0x000000000000a0e6      0x622 /tmp/cccIMSu4.debug.temp.o
                0x000000000000a0e6                u8x8_mkl_hal.c.712ef3a8
 .debug_info    0x000000000000a708       0xdb /tmp/ccjbuLnM.debug.temp.o
                0x000000000000a708                ftoa.c.43531e0d
 .debug_info    0x000000000000a7e3      0x706 /tmp/ccSJXAbY.debug.temp.o
                0x000000000000a7e3                microrl.c.bccb59dc
 .debug_info    0x000000000000aee9      0xa0f /tmp/ccXy68bE.debug.temp.o
                0x000000000000aee9                u8x8_8x8.c.c6c9bab0
 .debug_info    0x000000000000b8f8      0x8cf /tmp/cc3gA3Ws.debug.temp.o
                0x000000000000b8f8                u8x8_byte.c.2729d997
 .debug_info    0x000000000000c1c7      0x9e8 /tmp/ccA0dPrr.debug.temp.o
                0x000000000000c1c7                u8x8_cad.c.c74d63e6
 .debug_info    0x000000000000cbaf      0x486 /tmp/ccliciO1.debug.temp.o
                0x000000000000cbaf                u8x8_d_pcd8544_84x48.c.dab05e39
 .debug_info    0x000000000000d035      0x5ee /tmp/ccka4iMw.debug.temp.o
                0x000000000000d035                u8x8_display.c.5ba67181
 .debug_info    0x000000000000d623     0x1200 /tmp/cc9NcVxQ.debug.temp.o
                0x000000000000d623                u8x8_fonts.c.563811ac
 .debug_info    0x000000000000e823      0x393 /tmp/cc7NhsQn.debug.temp.o
                0x000000000000e823                u8x8_gpio.c.e831a91c
 .debug_info    0x000000000000ebb6      0x452 /tmp/ccmClHpU.debug.temp.o
                0x000000000000ebb6                u8x8_setup.c.19204738
 .debug_info    0x000000000000f008      0x458 /tmp/ccKBDQgE.debug.temp.o
                0x000000000000f008                system_MKL05Z4.c.585e279e
 .debug_info    0x000000000000f460      0x20f /tmp/ccxH6xMv.debug.temp.o
                0x000000000000f460                startup_MKL05Z4.c.692c86c8
 .debug_info    0x000000000000f66f       0xa3 /usr/lib/gcc/arm-none-eabi/10.2.0/../../../../arm-none-eabi/lib/thumb/v6-m/nofp/libnosys.a(_exit.o)
 .debug_info    0x000000000000f712       0x9d /usr/lib/gcc/arm-none-eabi/10.2.0/../../../../arm-none-eabi/lib/thumb/v6-m/nofp/libnosys.a(sbrk.o)
 .debug_info    0x000000000000f7af       0x26 /usr/lib/gcc/arm-none-eabi/10.2.0/thumb/v6-m/nofp/libgcc.a(_udivsi3.o)
 .debug_info    0x000000000000f7d5       0x26 /usr/lib/gcc/arm-none-eabi/10.2.0/thumb/v6-m/nofp/libgcc.a(_divsi3.o)
 .debug_info    0x000000000000f7fb       0x26 /usr/lib/gcc/arm-none-eabi/10.2.0/thumb/v6-m/nofp/libgcc.a(_dvmd_tls.o)
 .debug_info    0x000000000000f821       0x26 /usr/lib/gcc/arm-none-eabi/10.2.0/thumb/v6-m/nofp/libgcc.a(_arm_cmpsf2.o)
 .debug_info    0x000000000000f847       0x26 /usr/lib/gcc/arm-none-eabi/10.2.0/thumb/v6-m/nofp/libgcc.a(_aeabi_uldivmod.o)
 .debug_info    0x000000000000f86d      0x22d /usr/lib/gcc/arm-none-eabi/10.2.0/thumb/v6-m/nofp/libgcc.a(_muldi3.o)
 .debug_info    0x000000000000fa9a      0x11a /usr/lib/gcc/arm-none-eabi/10.2.0/thumb/v6-m/nofp/libgcc.a(_fixunssfsi.o)
 .debug_info    0x000000000000fbb4      0x19b /usr/lib/gcc/arm-none-eabi/10.2.0/thumb/v6-m/nofp/libgcc.a(_udivmoddi4.o)
 .debug_info    0x000000000000fd4f      0x34b /usr/lib/gcc/arm-none-eabi/10.2.0/thumb/v6-m/nofp/libgcc.a(addsf3.o)
 .debug_info    0x000000000001009a      0x372 /usr/lib/gcc/arm-none-eabi/10.2.0/thumb/v6-m/nofp/libgcc.a(divsf3.o)
 .debug_info    0x000000000001040c      0x22c /usr/lib/gcc/arm-none-eabi/10.2.0/thumb/v6-m/nofp/libgcc.a(eqsf2.o)
 .debug_info    0x0000000000010638      0x24a /usr/lib/gcc/arm-none-eabi/10.2.0/thumb/v6-m/nofp/libgcc.a(gesf2.o)
 .debug_info    0x0000000000010882      0x24a /usr/lib/gcc/arm-none-eabi/10.2.0/thumb/v6-m/nofp/libgcc.a(lesf2.o)
 .debug_info    0x0000000000010acc      0x3ff /usr/lib/gcc/arm-none-eabi/10.2.0/thumb/v6-m/nofp/libgcc.a(mulsf3.o)
 .debug_info    0x0000000000010ecb      0x363 /usr/lib/gcc/arm-none-eabi/10.2.0/thumb/v6-m/nofp/libgcc.a(subsf3.o)
 .debug_info    0x000000000001122e      0x1c0 /usr/lib/gcc/arm-none-eabi/10.2.0/thumb/v6-m/nofp/libgcc.a(fixsfsi.o)
 .debug_info    0x00000000000113ee      0x24f /usr/lib/gcc/arm-none-eabi/10.2.0/thumb/v6-m/nofp/libgcc.a(floatsisf.o)
 .debug_info    0x000000000001163d       0x26 /usr/lib/gcc/arm-none-eabi/10.2.0/thumb/v6-m/nofp/libgcc.a(_clzsi2.o)
 .debug_info    0x0000000000011663       0x26 /usr/lib/gcc/arm-none-eabi/10.2.0/thumb/v6-m/nofp/libgcc.a(_clzdi2.o)
 .debug_info    0x0000000000011689       0x26 /usr/lib/gcc/arm-none-eabi/10.2.0/thumb/v6-m/nofp/libgcc.a(_thumb1_case_shi.o)
 .debug_info    0x00000000000116af      0x122 /usr/lib/gcc/arm-none-eabi/10.2.0/../../../../arm-none-eabi/lib/thumb/v6-m/nofp/libg_nano.a(lib_a-memcpy-stub.o)
 .debug_info    0x00000000000117d1      0x10f /usr/lib/gcc/arm-none-eabi/10.2.0/../../../../arm-none-eabi/lib/thumb/v6-m/nofp/libg_nano.a(lib_a-memmove.o)
 .debug_info    0x00000000000118e0      0x969 /usr/lib/gcc/arm-none-eabi/10.2.0/../../../../arm-none-eabi/lib/thumb/v6-m/nofp/libg_nano.a(lib_a-snprintf.o)
 .debug_info    0x0000000000012249      0x926 /usr/lib/gcc/arm-none-eabi/10.2.0/../../../../arm-none-eabi/lib/thumb/v6-m/nofp/libg_nano.a(lib_a-sprintf.o)
 .debug_info    0x0000000000012b6f       0x26 /usr/lib/gcc/arm-none-eabi/10.2.0/../../../../arm-none-eabi/lib/thumb/v6-m/nofp/libg_nano.a(lib_a-strcmp.o)
 .debug_info    0x0000000000012b95       0x26 /usr/lib/gcc/arm-none-eabi/10.2.0/../../../../arm-none-eabi/lib/thumb/v6-m/nofp/libg_nano.a(lib_a-strlen.o)
 .debug_info    0x0000000000012bbb       0xf2 /usr/lib/gcc/arm-none-eabi/10.2.0/../../../../arm-none-eabi/lib/thumb/v6-m/nofp/libg_nano.a(lib_a-strstr.o)
 .debug_info    0x0000000000012cad     0x10f8 /usr/lib/gcc/arm-none-eabi/10.2.0/../../../../arm-none-eabi/lib/thumb/v6-m/nofp/libg_nano.a(lib_a-nano-svfprintf.o)
 .debug_info    0x0000000000013da5      0xecc /usr/lib/gcc/arm-none-eabi/10.2.0/../../../../arm-none-eabi/lib/thumb/v6-m/nofp/libg_nano.a(lib_a-nano-vfprintf_i.o)
 .debug_info    0x0000000000014c71      0x115 /usr/lib/gcc/arm-none-eabi/10.2.0/../../../../arm-none-eabi/lib/thumb/v6-m/nofp/libg_nano.a(lib_a-memchr-stub.o)
 .debug_info    0x0000000000014d86      0x8fe /usr/lib/gcc/arm-none-eabi/10.2.0/../../../../arm-none-eabi/lib/thumb/v6-m/nofp/libg_nano.a(lib_a-nano-freer.o)
 .debug_info    0x0000000000015684      0xa3a /usr/lib/gcc/arm-none-eabi/10.2.0/../../../../arm-none-eabi/lib/thumb/v6-m/nofp/libg_nano.a(lib_a-nano-mallocr.o)
 .debug_info    0x00000000000160be      0x914 /usr/lib/gcc/arm-none-eabi/10.2.0/../../../../arm-none-eabi/lib/thumb/v6-m/nofp/libg_nano.a(lib_a-nano-reallocr.o)
 .debug_info    0x00000000000169d2      0x828 /usr/lib/gcc/arm-none-eabi/10.2.0/../../../../arm-none-eabi/lib/thumb/v6-m/nofp/libg_nano.a(lib_a-sbrkr.o)
 .debug_info    0x00000000000171fa      0x7dc /usr/lib/gcc/arm-none-eabi/10.2.0/../../../../arm-none-eabi/lib/thumb/v6-m/nofp/libg_nano.a(lib_a-mlock.o)
 .debug_info    0x00000000000179d6      0x840 /usr/lib/gcc/arm-none-eabi/10.2.0/../../../../arm-none-eabi/lib/thumb/v6-m/nofp/libg_nano.a(lib_a-nano-msizer.o)
 .debug_info    0x0000000000018216      0x984 /usr/lib/gcc/arm-none-eabi/10.2.0/../../../../arm-none-eabi/lib/thumb/v6-m/nofp/libg_nano.a(lib_a-reent.o)

.debug_abbrev   0x0000000000000000     0x562b
 .debug_abbrev  0x0000000000000000       0x14 /usr/lib/gcc/arm-none-eabi/10.2.0/../../../../arm-none-eabi/lib/thumb/v6-m/nofp/crt0.o
 .debug_abbrev  0x0000000000000014       0xb4 /usr/lib/gcc/arm-none-eabi/10.2.0/../../../../arm-none-eabi/lib/thumb/v6-m/nofp/libc_nano.a(lib_a-atexit.o)
 .debug_abbrev  0x00000000000000c8      0x1ba /usr/lib/gcc/arm-none-eabi/10.2.0/../../../../arm-none-eabi/lib/thumb/v6-m/nofp/libc_nano.a(lib_a-exit.o)
 .debug_abbrev  0x0000000000000282       0xcc /usr/lib/gcc/arm-none-eabi/10.2.0/../../../../arm-none-eabi/lib/thumb/v6-m/nofp/libc_nano.a(lib_a-fini.o)
 .debug_abbrev  0x000000000000034e      0x151 /usr/lib/gcc/arm-none-eabi/10.2.0/../../../../arm-none-eabi/lib/thumb/v6-m/nofp/libc_nano.a(lib_a-impure.o)
 .debug_abbrev  0x000000000000049f       0xcc /usr/lib/gcc/arm-none-eabi/10.2.0/../../../../arm-none-eabi/lib/thumb/v6-m/nofp/libc_nano.a(lib_a-init.o)
 .debug_abbrev  0x000000000000056b       0x9e /usr/lib/gcc/arm-none-eabi/10.2.0/../../../../arm-none-eabi/lib/thumb/v6-m/nofp/libc_nano.a(lib_a-memset.o)
 .debug_abbrev  0x0000000000000609      0x1b1 /usr/lib/gcc/arm-none-eabi/10.2.0/../../../../arm-none-eabi/lib/thumb/v6-m/nofp/libc_nano.a(lib_a-__atexit.o)
 .debug_abbrev  0x00000000000007ba      0x179 /usr/lib/gcc/arm-none-eabi/10.2.0/../../../../arm-none-eabi/lib/thumb/v6-m/nofp/libc_nano.a(lib_a-__call_atexit.o)
 .debug_abbrev  0x0000000000000933      0x1cb /tmp/KL05Z-DevBoardDemo.gT4MFB.ltrans0.ltrans.o
 .debug_abbrev  0x0000000000000afe      0x16c /tmp/cc8PpHB1.debug.temp.o
 .debug_abbrev  0x0000000000000c6a      0x28e /tmp/cc8aiv18.debug.temp.o
 .debug_abbrev  0x0000000000000ef8      0x1e3 /tmp/ccrAddCm.debug.temp.o
 .debug_abbrev  0x00000000000010db       0xfb /tmp/cc7SzDp2.debug.temp.o
 .debug_abbrev  0x00000000000011d6      0x1ad /tmp/cc9iCx4f.debug.temp.o
 .debug_abbrev  0x0000000000001383      0x1d1 /tmp/ccL3leik.debug.temp.o
 .debug_abbrev  0x0000000000001554      0x181 /tmp/ccCZkquH.debug.temp.o
 .debug_abbrev  0x00000000000016d5      0x1a8 /tmp/cczWzLni.debug.temp.o
 .debug_abbrev  0x000000000000187d      0x193 /tmp/ccHlAEuy.debug.temp.o
 .debug_abbrev  0x0000000000001a10      0x108 /tmp/cctExMsE.debug.temp.o
 .debug_abbrev  0x0000000000001b18      0x156 /tmp/ccJLwB0f.debug.temp.o
 .debug_abbrev  0x0000000000001c6e      0x172 /tmp/cccIMSu4.debug.temp.o
 .debug_abbrev  0x0000000000001de0       0x9c /tmp/ccjbuLnM.debug.temp.o
 .debug_abbrev  0x0000000000001e7c      0x1ac /tmp/ccSJXAbY.debug.temp.o
 .debug_abbrev  0x0000000000002028      0x1a5 /tmp/ccXy68bE.debug.temp.o
 .debug_abbrev  0x00000000000021cd      0x17e /tmp/cc3gA3Ws.debug.temp.o
 .debug_abbrev  0x000000000000234b      0x1a2 /tmp/ccA0dPrr.debug.temp.o
 .debug_abbrev  0x00000000000024ed      0x117 /tmp/ccliciO1.debug.temp.o
 .debug_abbrev  0x0000000000002604      0x13d /tmp/ccka4iMw.debug.temp.o
 .debug_abbrev  0x0000000000002741       0x90 /tmp/cc9NcVxQ.debug.temp.o
 .debug_abbrev  0x00000000000027d1       0xd4 /tmp/cc7NhsQn.debug.temp.o
 .debug_abbrev  0x00000000000028a5      0x10d /tmp/ccmClHpU.debug.temp.o
 .debug_abbrev  0x00000000000029b2      0x114 /tmp/ccKBDQgE.debug.temp.o
 .debug_abbrev  0x0000000000002ac6      0x147 /tmp/ccxH6xMv.debug.temp.o
 .debug_abbrev  0x0000000000002c0d       0x6a /usr/lib/gcc/arm-none-eabi/10.2.0/../../../../arm-none-eabi/lib/thumb/v6-m/nofp/libnosys.a(_exit.o)
 .debug_abbrev  0x0000000000002c77       0xa2 /usr/lib/gcc/arm-none-eabi/10.2.0/../../../../arm-none-eabi/lib/thumb/v6-m/nofp/libnosys.a(sbrk.o)
 .debug_abbrev  0x0000000000002d19       0x14 /usr/lib/gcc/arm-none-eabi/10.2.0/thumb/v6-m/nofp/libgcc.a(_udivsi3.o)
 .debug_abbrev  0x0000000000002d2d       0x14 /usr/lib/gcc/arm-none-eabi/10.2.0/thumb/v6-m/nofp/libgcc.a(_divsi3.o)
 .debug_abbrev  0x0000000000002d41       0x14 /usr/lib/gcc/arm-none-eabi/10.2.0/thumb/v6-m/nofp/libgcc.a(_dvmd_tls.o)
 .debug_abbrev  0x0000000000002d55       0x14 /usr/lib/gcc/arm-none-eabi/10.2.0/thumb/v6-m/nofp/libgcc.a(_arm_cmpsf2.o)
 .debug_abbrev  0x0000000000002d69       0x14 /usr/lib/gcc/arm-none-eabi/10.2.0/thumb/v6-m/nofp/libgcc.a(_aeabi_uldivmod.o)
 .debug_abbrev  0x0000000000002d7d       0xfa /usr/lib/gcc/arm-none-eabi/10.2.0/thumb/v6-m/nofp/libgcc.a(_muldi3.o)
 .debug_abbrev  0x0000000000002e77       0x83 /usr/lib/gcc/arm-none-eabi/10.2.0/thumb/v6-m/nofp/libgcc.a(_fixunssfsi.o)
 .debug_abbrev  0x0000000000002efa       0xb1 /usr/lib/gcc/arm-none-eabi/10.2.0/thumb/v6-m/nofp/libgcc.a(_udivmoddi4.o)
 .debug_abbrev  0x0000000000002fab      0x166 /usr/lib/gcc/arm-none-eabi/10.2.0/thumb/v6-m/nofp/libgcc.a(addsf3.o)
 .debug_abbrev  0x0000000000003111      0x155 /usr/lib/gcc/arm-none-eabi/10.2.0/thumb/v6-m/nofp/libgcc.a(divsf3.o)
 .debug_abbrev  0x0000000000003266      0x140 /usr/lib/gcc/arm-none-eabi/10.2.0/thumb/v6-m/nofp/libgcc.a(eqsf2.o)
 .debug_abbrev  0x00000000000033a6      0x156 /usr/lib/gcc/arm-none-eabi/10.2.0/thumb/v6-m/nofp/libgcc.a(gesf2.o)
 .debug_abbrev  0x00000000000034fc      0x156 /usr/lib/gcc/arm-none-eabi/10.2.0/thumb/v6-m/nofp/libgcc.a(lesf2.o)
 .debug_abbrev  0x0000000000003652      0x164 /usr/lib/gcc/arm-none-eabi/10.2.0/thumb/v6-m/nofp/libgcc.a(mulsf3.o)
 .debug_abbrev  0x00000000000037b6      0x166 /usr/lib/gcc/arm-none-eabi/10.2.0/thumb/v6-m/nofp/libgcc.a(subsf3.o)
 .debug_abbrev  0x000000000000391c      0x154 /usr/lib/gcc/arm-none-eabi/10.2.0/thumb/v6-m/nofp/libgcc.a(fixsfsi.o)
 .debug_abbrev  0x0000000000003a70      0x173 /usr/lib/gcc/arm-none-eabi/10.2.0/thumb/v6-m/nofp/libgcc.a(floatsisf.o)
 .debug_abbrev  0x0000000000003be3       0x14 /usr/lib/gcc/arm-none-eabi/10.2.0/thumb/v6-m/nofp/libgcc.a(_clzsi2.o)
 .debug_abbrev  0x0000000000003bf7       0x14 /usr/lib/gcc/arm-none-eabi/10.2.0/thumb/v6-m/nofp/libgcc.a(_clzdi2.o)
 .debug_abbrev  0x0000000000003c0b       0x14 /usr/lib/gcc/arm-none-eabi/10.2.0/thumb/v6-m/nofp/libgcc.a(_thumb1_case_shi.o)
 .debug_abbrev  0x0000000000003c1f       0xbe /usr/lib/gcc/arm-none-eabi/10.2.0/../../../../arm-none-eabi/lib/thumb/v6-m/nofp/libg_nano.a(lib_a-memcpy-stub.o)
 .debug_abbrev  0x0000000000003cdd       0xaa /usr/lib/gcc/arm-none-eabi/10.2.0/../../../../arm-none-eabi/lib/thumb/v6-m/nofp/libg_nano.a(lib_a-memmove.o)
 .debug_abbrev  0x0000000000003d87      0x209 /usr/lib/gcc/arm-none-eabi/10.2.0/../../../../arm-none-eabi/lib/thumb/v6-m/nofp/libg_nano.a(lib_a-snprintf.o)
 .debug_abbrev  0x0000000000003f90      0x213 /usr/lib/gcc/arm-none-eabi/10.2.0/../../../../arm-none-eabi/lib/thumb/v6-m/nofp/libg_nano.a(lib_a-sprintf.o)
 .debug_abbrev  0x00000000000041a3       0x14 /usr/lib/gcc/arm-none-eabi/10.2.0/../../../../arm-none-eabi/lib/thumb/v6-m/nofp/libg_nano.a(lib_a-strcmp.o)
 .debug_abbrev  0x00000000000041b7       0x14 /usr/lib/gcc/arm-none-eabi/10.2.0/../../../../arm-none-eabi/lib/thumb/v6-m/nofp/libg_nano.a(lib_a-strlen.o)
 .debug_abbrev  0x00000000000041cb       0x9e /usr/lib/gcc/arm-none-eabi/10.2.0/../../../../arm-none-eabi/lib/thumb/v6-m/nofp/libg_nano.a(lib_a-strstr.o)
 .debug_abbrev  0x0000000000004269      0x2ca /usr/lib/gcc/arm-none-eabi/10.2.0/../../../../arm-none-eabi/lib/thumb/v6-m/nofp/libg_nano.a(lib_a-nano-svfprintf.o)
 .debug_abbrev  0x0000000000004533      0x287 /usr/lib/gcc/arm-none-eabi/10.2.0/../../../../arm-none-eabi/lib/thumb/v6-m/nofp/libg_nano.a(lib_a-nano-vfprintf_i.o)
 .debug_abbrev  0x00000000000047ba       0xaf /usr/lib/gcc/arm-none-eabi/10.2.0/../../../../arm-none-eabi/lib/thumb/v6-m/nofp/libg_nano.a(lib_a-memchr-stub.o)
 .debug_abbrev  0x0000000000004869      0x22d /usr/lib/gcc/arm-none-eabi/10.2.0/../../../../arm-none-eabi/lib/thumb/v6-m/nofp/libg_nano.a(lib_a-nano-freer.o)
 .debug_abbrev  0x0000000000004a96      0x297 /usr/lib/gcc/arm-none-eabi/10.2.0/../../../../arm-none-eabi/lib/thumb/v6-m/nofp/libg_nano.a(lib_a-nano-mallocr.o)
 .debug_abbrev  0x0000000000004d2d      0x1e7 /usr/lib/gcc/arm-none-eabi/10.2.0/../../../../arm-none-eabi/lib/thumb/v6-m/nofp/libg_nano.a(lib_a-nano-reallocr.o)
 .debug_abbrev  0x0000000000004f14      0x1d6 /usr/lib/gcc/arm-none-eabi/10.2.0/../../../../arm-none-eabi/lib/thumb/v6-m/nofp/libg_nano.a(lib_a-sbrkr.o)
 .debug_abbrev  0x00000000000050ea      0x189 /usr/lib/gcc/arm-none-eabi/10.2.0/../../../../arm-none-eabi/lib/thumb/v6-m/nofp/libg_nano.a(lib_a-mlock.o)
 .debug_abbrev  0x0000000000005273      0x191 /usr/lib/gcc/arm-none-eabi/10.2.0/../../../../arm-none-eabi/lib/thumb/v6-m/nofp/libg_nano.a(lib_a-nano-msizer.o)
 .debug_abbrev  0x0000000000005404      0x227 /usr/lib/gcc/arm-none-eabi/10.2.0/../../../../arm-none-eabi/lib/thumb/v6-m/nofp/libg_nano.a(lib_a-reent.o)

.debug_aranges  0x0000000000000000      0xa10
 .debug_aranges
                0x0000000000000000       0x20 /usr/lib/gcc/arm-none-eabi/10.2.0/../../../../arm-none-eabi/lib/thumb/v6-m/nofp/crt0.o
 .debug_aranges
                0x0000000000000020       0x20 /usr/lib/gcc/arm-none-eabi/10.2.0/../../../../arm-none-eabi/lib/thumb/v6-m/nofp/libc_nano.a(lib_a-atexit.o)
 .debug_aranges
                0x0000000000000040       0x20 /usr/lib/gcc/arm-none-eabi/10.2.0/../../../../arm-none-eabi/lib/thumb/v6-m/nofp/libc_nano.a(lib_a-exit.o)
 .debug_aranges
                0x0000000000000060       0x20 /usr/lib/gcc/arm-none-eabi/10.2.0/../../../../arm-none-eabi/lib/thumb/v6-m/nofp/libc_nano.a(lib_a-fini.o)
 .debug_aranges
                0x0000000000000080       0x18 /usr/lib/gcc/arm-none-eabi/10.2.0/../../../../arm-none-eabi/lib/thumb/v6-m/nofp/libc_nano.a(lib_a-impure.o)
 .debug_aranges
                0x0000000000000098       0x20 /usr/lib/gcc/arm-none-eabi/10.2.0/../../../../arm-none-eabi/lib/thumb/v6-m/nofp/libc_nano.a(lib_a-init.o)
 .debug_aranges
                0x00000000000000b8       0x20 /usr/lib/gcc/arm-none-eabi/10.2.0/../../../../arm-none-eabi/lib/thumb/v6-m/nofp/libc_nano.a(lib_a-memset.o)
 .debug_aranges
                0x00000000000000d8       0x20 /usr/lib/gcc/arm-none-eabi/10.2.0/../../../../arm-none-eabi/lib/thumb/v6-m/nofp/libc_nano.a(lib_a-__atexit.o)
 .debug_aranges
                0x00000000000000f8       0x20 /usr/lib/gcc/arm-none-eabi/10.2.0/../../../../arm-none-eabi/lib/thumb/v6-m/nofp/libc_nano.a(lib_a-__call_atexit.o)
 .debug_aranges
                0x0000000000000118      0x3e8 /tmp/KL05Z-DevBoardDemo.gT4MFB.ltrans0.ltrans.o
 .debug_aranges
                0x0000000000000500       0x20 /usr/lib/gcc/arm-none-eabi/10.2.0/../../../../arm-none-eabi/lib/thumb/v6-m/nofp/libnosys.a(_exit.o)
 .debug_aranges
                0x0000000000000520       0x20 /usr/lib/gcc/arm-none-eabi/10.2.0/../../../../arm-none-eabi/lib/thumb/v6-m/nofp/libnosys.a(sbrk.o)
 .debug_aranges
                0x0000000000000540       0x20 /usr/lib/gcc/arm-none-eabi/10.2.0/thumb/v6-m/nofp/libgcc.a(_udivsi3.o)
 .debug_aranges
                0x0000000000000560       0x20 /usr/lib/gcc/arm-none-eabi/10.2.0/thumb/v6-m/nofp/libgcc.a(_divsi3.o)
 .debug_aranges
                0x0000000000000580       0x20 /usr/lib/gcc/arm-none-eabi/10.2.0/thumb/v6-m/nofp/libgcc.a(_dvmd_tls.o)
 .debug_aranges
                0x00000000000005a0       0x20 /usr/lib/gcc/arm-none-eabi/10.2.0/thumb/v6-m/nofp/libgcc.a(_arm_cmpsf2.o)
 .debug_aranges
                0x00000000000005c0       0x20 /usr/lib/gcc/arm-none-eabi/10.2.0/thumb/v6-m/nofp/libgcc.a(_aeabi_uldivmod.o)
 .debug_aranges
                0x00000000000005e0       0x20 /usr/lib/gcc/arm-none-eabi/10.2.0/thumb/v6-m/nofp/libgcc.a(_muldi3.o)
 .debug_aranges