Archive member included to satisfy reference by file (symbol)

/usr/lib/gcc/arm-none-eabi/10.2.0/../../../../arm-none-eabi/lib/thumb/v6-m/nofp/libc_nano.a(lib_a-atexit.o)
                              /usr/lib/gcc/arm-none-eabi/10.2.0/../../../../arm-none-eabi/lib/thumb/v6-m/nofp/crt0.o (atexit)
/usr/lib/gcc/arm-none-eabi/10.2.0/../../../../arm-none-eabi/lib/thumb/v6-m/nofp/libc_nano.a(lib_a-exit.o)
                              /usr/lib/gcc/arm-none-eabi/10.2.0/../../../../arm-none-eabi/lib/thumb/v6-m/nofp/crt0.o (exit)
/usr/lib/gcc/arm-none-eabi/10.2.0/../../../../arm-none-eabi/lib/thumb/v6-m/nofp/libc_nano.a(lib_a-fini.o)
                              /usr/lib/gcc/arm-none-eabi/10.2.0/../../../../arm-none-eabi/lib/thumb/v6-m/nofp/crt0.o (__libc_fini_array)
/usr/lib/gcc/arm-none-eabi/10.2.0/../../../../arm-none-eabi/lib/thumb/v6-m/nofp/libc_nano.a(lib_a-impure.o)
                              /usr/lib/gcc/arm-none-eabi/10.2.0/../../../../arm-none-eabi/lib/thumb/v6-m/nofp/libc_nano.a(lib_a-exit.o) (_global_impure_ptr)
/usr/lib/gcc/arm-none-eabi/10.2.0/../../../../arm-none-eabi/lib/thumb/v6-m/nofp/libc_nano.a(lib_a-init.o)
                              /usr/lib/gcc/arm-none-eabi/10.2.0/../../../../arm-none-eabi/lib/thumb/v6-m/nofp/crt0.o (__libc_init_array)
/usr/lib/gcc/arm-none-eabi/10.2.0/../../../../arm-none-eabi/lib/thumb/v6-m/nofp/libc_nano.a(lib_a-memset.o)
                              /usr/lib/gcc/arm-none-eabi/10.2.0/../../../../arm-none-eabi/lib/thumb/v6-m/nofp/crt0.o (memset)
/usr/lib/gcc/arm-none-eabi/10.2.0/../../../../arm-none-eabi/lib/thumb/v6-m/nofp/libc_nano.a(lib_a-__atexit.o)
                              /usr/lib/gcc/arm-none-eabi/10.2.0/../../../../arm-none-eabi/lib/thumb/v6-m/nofp/libc_nano.a(lib_a-atexit.o) (__register_exitproc)
/usr/lib/gcc/arm-none-eabi/10.2.0/../../../../arm-none-eabi/lib/thumb/v6-m/nofp/libc_nano.a(lib_a-__call_atexit.o)
                              /usr/lib/gcc/arm-none-eabi/10.2.0/../../../../arm-none-eabi/lib/thumb/v6-m/nofp/libc_nano.a(lib_a-__atexit.o) (__call_exitprocs)
/usr/lib/gcc/arm-none-eabi/10.2.0/../../../../arm-none-eabi/lib/thumb/v6-m/nofp/libnosys.a(_exit.o)
                              /usr/lib/gcc/arm-none-eabi/10.2.0/../../../../arm-none-eabi/lib/thumb/v6-m/nofp/libc_nano.a(lib_a-exit.o) (_exit)
/usr/lib/gcc/arm-none-eabi/10.2.0/thumb/v6-m/nofp/libgcc.a(_udivsi3.o)
                              /tmp/KL05Z-DevBoardDemo.7mtWqK.ltrans0.ltrans.o (__aeabi_uidiv)
/usr/lib/gcc/arm-none-eabi/10.2.0/thumb/v6-m/nofp/libgcc.a(_divsi3.o)
                              /tmp/KL05Z-DevBoardDemo.7mtWqK.ltrans0.ltrans.o (__aeabi_idiv)
/usr/lib/gcc/arm-none-eabi/10.2.0/thumb/v6-m/nofp/libgcc.a(_dvmd_tls.o)
                              /usr/lib/gcc/arm-none-eabi/10.2.0/thumb/v6-m/nofp/libgcc.a(_udivsi3.o) (__aeabi_idiv0)
/usr/lib/gcc/arm-none-eabi/10.2.0/thumb/v6-m/nofp/libgcc.a(_arm_cmpsf2.o)
                              /tmp/KL05Z-DevBoardDemo.7mtWqK.ltrans0.ltrans.o (__aeabi_fcmplt)
/usr/lib/gcc/arm-none-eabi/10.2.0/thumb/v6-m/nofp/libgcc.a(_aeabi_uldivmod.o)
                              /tmp/KL05Z-DevBoardDemo.7mtWqK.ltrans0.ltrans.o (__aeabi_uldivmod)
/usr/lib/gcc/arm-none-eabi/10.2.0/thumb/v6-m/nofp/libgcc.a(_muldi3.o)
                              /tmp/KL05Z-DevBoardDemo.7mtWqK.ltrans0.ltrans.o (__aeabi_lmul)
/usr/lib/gcc/arm-none-eabi/10.2.0/thumb/v6-m/nofp/libgcc.a(_fixunssfsi.o)
                              /tmp/KL05Z-DevBoardDemo.7mtWqK.ltrans0.ltrans.o (__aeabi_f2uiz)
/usr/lib/gcc/arm-none-eabi/10.2.0/thumb/v6-m/nofp/libgcc.a(_udivmoddi4.o)
                              /usr/lib/gcc/arm-none-eabi/10.2.0/thumb/v6-m/nofp/libgcc.a(_aeabi_uldivmod.o) (__udivmoddi4)
/usr/lib/gcc/arm-none-eabi/10.2.0/thumb/v6-m/nofp/libgcc.a(addsf3.o)
                              /tmp/KL05Z-DevBoardDemo.7mtWqK.ltrans0.ltrans.o (__aeabi_fadd)
/usr/lib/gcc/arm-none-eabi/10.2.0/thumb/v6-m/nofp/libgcc.a(divsf3.o)
                              /tmp/KL05Z-DevBoardDemo.7mtWqK.ltrans0.ltrans.o (__aeabi_fdiv)
/usr/lib/gcc/arm-none-eabi/10.2.0/thumb/v6-m/nofp/libgcc.a(eqsf2.o)
                              /usr/lib/gcc/arm-none-eabi/10.2.0/thumb/v6-m/nofp/libgcc.a(_arm_cmpsf2.o) (__eqsf2)
/usr/lib/gcc/arm-none-eabi/10.2.0/thumb/v6-m/nofp/libgcc.a(gesf2.o)
                              /usr/lib/gcc/arm-none-eabi/10.2.0/thumb/v6-m/nofp/libgcc.a(_arm_cmpsf2.o) (__gesf2)
/usr/lib/gcc/arm-none-eabi/10.2.0/thumb/v6-m/nofp/libgcc.a(lesf2.o)
                              /usr/lib/gcc/arm-none-eabi/10.2.0/thumb/v6-m/nofp/libgcc.a(_arm_cmpsf2.o) (__lesf2)
/usr/lib/gcc/arm-none-eabi/10.2.0/thumb/v6-m/nofp/libgcc.a(mulsf3.o)
                              /tmp/KL05Z-DevBoardDemo.7mtWqK.ltrans0.ltrans.o (__aeabi_fmul)
/usr/lib/gcc/arm-none-eabi/10.2.0/thumb/v6-m/nofp/libgcc.a(subsf3.o)
                              /tmp/KL05Z-DevBoardDemo.7mtWqK.ltrans0.ltrans.o (__aeabi_fsub)
/usr/lib/gcc/arm-none-eabi/10.2.0/thumb/v6-m/nofp/libgcc.a(fixsfsi.o)
[...]
Memory Configuration

Name             Origin             Length             Attributes
flash_start      0x0000000000000000 0x00000000000000c0 xr
cfmprotrom       0x0000000000000400 0x0000000000000010 xr
flash            0x0000000000000410 0x0000000000007bf0 xr
sram             0x000000001ffffc00 0x0000000000001000 xrw
*default*        0x0000000000000000 0xffffffffffffffff

Linker script and memory map

LOAD /usr/lib/gcc/arm-none-eabi/10.2.0/thumb/v6-m/nofp/crti.o
LOAD /usr/lib/gcc/arm-none-eabi/10.2.0/thumb/v6-m/nofp/crtbegin.o
LOAD /usr/lib/gcc/arm-none-eabi/10.2.0/../../../../arm-none-eabi/lib/thumb/v6-m/nofp/crt0.o
LOAD /usr/lib/gcc/arm-none-eabi/10.2.0/../../../../arm-none-eabi/lib/thumb/v6-m/nofp/libc_nano.a
LOAD /usr/lib/gcc/arm-none-eabi/10.2.0/../../../../arm-none-eabi/lib/thumb/v6-m/nofp/libm.a
LOAD CMakeFiles/KL05Z-DevBoardDemo.dir/src/project/main.c.obj
LOAD /tmp/KL05Z-DevBoardDemo.7mtWqK.ltrans0.ltrans.o
LOAD /tmp/ccftVNIr.debug.temp.o
LOAD /tmp/ccBBZlgU.debug.temp.o
LOAD /tmp/cc6UzYDF.debug.temp.o
LOAD /tmp/ccDO65C7.debug.temp.o
LOAD /tmp/ccpm3Rae.debug.temp.o
LOAD /tmp/ccTTVklo.debug.temp.o
LOAD /tmp/ccvmBBit.debug.temp.o
LOAD /tmp/ccZkXssd.debug.temp.o
LOAD /tmp/cc0GL0hD.debug.temp.o
LOAD /tmp/ccIox7vn.debug.temp.o
LOAD /tmp/ccxS4DaL.debug.temp.o
LOAD /tmp/ccdSCKaT.debug.temp.o
LOAD /tmp/ccIJGtTl.debug.temp.o
LOAD /tmp/ccXDziHM.debug.temp.o
LOAD /tmp/ccdrrWGe.debug.temp.o
LOAD /tmp/cc4kiODg.debug.temp.o
LOAD /tmp/ccIc3mvM.debug.temp.o
LOAD /tmp/cciFpedN.debug.temp.o
LOAD /tmp/cczMiLv7.debug.temp.o
LOAD /tmp/ccLPCoAO.debug.temp.o
LOAD /tmp/cc4a0HxV.debug.temp.o
LOAD /tmp/ccZFOxcg.debug.temp.o
LOAD /tmp/ccpdKj3v.debug.temp.o
LOAD /tmp/ccdVKJtZ.debug.temp.o
LOAD /tmp/cc9q5SEG.debug.temp.o
LOAD /tmp/cc24YDMU.debug.temp.o
LOAD /tmp/ccHkcKlU.debug.temp.o
LOAD /tmp/ccNjxaVl.debug.temp.o
LOAD /tmp/cc4UBQI9.debug.temp.o
LOAD /tmp/ccu8gf82.debug.temp.o
LOAD /tmp/cc54LjkM.debug.temp.o
LOAD /tmp/ccAxK5MY.debug.temp.o
LOAD /tmp/ccvOv95e.debug.temp.o
LOAD /tmp/cc7R26zJ.debug.temp.o
LOAD /tmp/cccafyPw.debug.temp.o
LOAD /tmp/ccp18EXm.debug.temp.o
LOAD CMakeFiles/KL05Z-DevBoardDemo.dir/src/project/cmdline.c.obj
LOAD CMakeFiles/KL05Z-DevBoardDemo.dir/src/mcu-drivers/gpio.c.obj
LOAD CMakeFiles/KL05Z-DevBoardDemo.dir/src/mcu-drivers/delay.c.obj
LOAD CMakeFiles/KL05Z-DevBoardDemo.dir/src/mcu-drivers/uart.c.obj
LOAD CMakeFiles/KL05Z-DevBoardDemo.dir/src/mcu-drivers/i2c.c.obj
LOAD CMakeFiles/KL05Z-DevBoardDemo.dir/src/mcu-drivers/spi.c.obj
LOAD CMakeFiles/KL05Z-DevBoardDemo.dir/src/mcu-drivers/pwm.c.obj
LOAD CMakeFiles/KL05Z-DevBoardDemo.dir/src/mcu-drivers/adc.c.obj
LOAD CMakeFiles/KL05Z-DevBoardDemo.dir/src/drivers/mma8451q.c.obj
LOAD CMakeFiles/KL05Z-DevBoardDemo.dir/src/drivers/ws2812b.c.obj
LOAD CMakeFiles/KL05Z-DevBoardDemo.dir/src/drivers/u8x8_mkl_hal.c.obj
LOAD CMakeFiles/KL05Z-DevBoardDemo.dir/src/third-party/ftoa/ftoa.c.obj
LOAD CMakeFiles/KL05Z-DevBoardDemo.dir/src/third-party/microrl/src/microrl.c.obj
LOAD CMakeFiles/KL05Z-DevBoardDemo.dir/src/third-party/u8g2/csrc/u8log_u8x8.c.obj
LOAD CMakeFiles/KL05Z-DevBoardDemo.dir/src/third-party/u8g2/csrc/u8log.c.obj
LOAD CMakeFiles/KL05Z-DevBoardDemo.dir/src/third-party/u8g2/csrc/u8x8_8x8.c.obj
LOAD CMakeFiles/KL05Z-DevBoardDemo.dir/src/third-party/u8g2/csrc/u8x8_byte.c.obj
LOAD CMakeFiles/KL05Z-DevBoardDemo.dir/src/third-party/u8g2/csrc/u8x8_cad.c.obj
LOAD CMakeFiles/KL05Z-DevBoardDemo.dir/src/third-party/u8g2/csrc/u8x8_capture.c.obj
LOAD CMakeFiles/KL05Z-DevBoardDemo.dir/src/third-party/u8g2/csrc/u8x8_d_pcf8814_hx1230.c.obj
LOAD CMakeFiles/KL05Z-DevBoardDemo.dir/src/third-party/u8g2/csrc/u8x8_d_pcd8544_84x48.c.obj
LOAD CMakeFiles/KL05Z-DevBoardDemo.dir/src/third-party/u8g2/csrc/u8x8_debounce.c.obj
LOAD CMakeFiles/KL05Z-DevBoardDemo.dir/src/third-party/u8g2/csrc/u8x8_display.c.obj
LOAD CMakeFiles/KL05Z-DevBoardDemo.dir/src/third-party/u8g2/csrc/u8x8_fonts.c.obj
LOAD CMakeFiles/KL05Z-DevBoardDemo.dir/src/third-party/u8g2/csrc/u8x8_gpio.c.obj
LOAD CMakeFiles/KL05Z-DevBoardDemo.dir/src/third-party/u8g2/csrc/u8x8_input_value.c.obj
LOAD CMakeFiles/KL05Z-DevBoardDemo.dir/src/third-party/u8g2/csrc/u8x8_selection_list.c.obj
LOAD CMakeFiles/KL05Z-DevBoardDemo.dir/src/third-party/u8g2/csrc/u8x8_setup.c.obj
LOAD CMakeFiles/KL05Z-DevBoardDemo.dir/src/third-party/u8g2/csrc/u8x8_string.c.obj
LOAD CMakeFiles/KL05Z-DevBoardDemo.dir/src/third-party/u8g2/csrc/u8x8_u8toa.c.obj
LOAD CMakeFiles/KL05Z-DevBoardDemo.dir/src/third-party/u8g2/csrc/u8x8_u16toa.c.obj
LOAD CMakeFiles/KL05Z-DevBoardDemo.dir/device/MKL05Z4/system_MKL05Z4.c.obj
LOAD CMakeFiles/KL05Z-DevBoardDemo.dir/device/MKL05Z4/flash_config.c.obj
LOAD CMakeFiles/KL05Z-DevBoardDemo.dir/device/MKL05Z4/mtb.c.obj
LOAD CMakeFiles/KL05Z-DevBoardDemo.dir/device/MKL05Z4/startup_MKL05Z4.c.obj
START GROUP
LOAD /usr/lib/gcc/arm-none-eabi/10.2.0/thumb/v6-m/nofp/libgcc.a
LOAD /usr/lib/gcc/arm-none-eabi/10.2.0/../../../../arm-none-eabi/lib/thumb/v6-m/nofp/libg_nano.a
LOAD /usr/lib/gcc/arm-none-eabi/10.2.0/../../../../arm-none-eabi/lib/thumb/v6-m/nofp/libc_nano.a
END GROUP
START GROUP
LOAD /usr/lib/gcc/arm-none-eabi/10.2.0/thumb/v6-m/nofp/libgcc.a
LOAD /usr/lib/gcc/arm-none-eabi/10.2.0/../../../../arm-none-eabi/lib/thumb/v6-m/nofp/libc_nano.a
LOAD /usr/lib/gcc/arm-none-eabi/10.2.0/../../../../arm-none-eabi/lib/thumb/v6-m/nofp/libnosys.a
END GROUP
START GROUP
LOAD /usr/lib/gcc/arm-none-eabi/10.2.0/thumb/v6-m/nofp/libgcc.a
LOAD /usr/lib/gcc/arm-none-eabi/10.2.0/../../../../arm-none-eabi/lib/thumb/v6-m/nofp/libc_nano.a
LOAD /usr/lib/gcc/arm-none-eabi/10.2.0/../../../../arm-none-eabi/lib/thumb/v6-m/nofp/libnosys.a
END GROUP
LOAD /usr/lib/gcc/arm-none-eabi/10.2.0/thumb/v6-m/nofp/crtend.o
LOAD /usr/lib/gcc/arm-none-eabi/10.2.0/thumb/v6-m/nofp/crtn.o
                0x0000000000008000                FLASH_SIZE = 0x8000
                0x0000000000001000                SRAM_SIZE = 0x1000
                0x0000000000000100                __STACK_SIZE = DEFINED (__stack_size)?__stack_size:0x100

.interrupts     0x0000000000000000       0xc0
                0x0000000000000000                . = ALIGN (0x4)
 *(.vectors .vectors.*)
 .vectors       0x0000000000000000       0xc0 /tmp/KL05Z-DevBoardDemo.7mtWqK.ltrans0.ltrans.o
                0x0000000000000000                __Vectors
                0x00000000000000c0                . = ALIGN (0x4)

.eh_frame       0x00000000000000c0        0x0
 .eh_frame      0x00000000000000c0        0x0 /usr/lib/gcc/arm-none-eabi/10.2.0/thumb/v6-m/nofp/crtbegin.o

.cfmprotect     0x0000000000000400        0x0
                0x0000000000000400                . = ALIGN (0x4)
 *(.cfmconfig)
                0x0000000000000400                . = ALIGN (0x4)

.text           0x0000000000000410     0x5a5c
                0x0000000000000410                . = ALIGN (0x4)
 *(.text .text.* .gnu.linkonce.t.*)
 .text          0x0000000000000410       0x98 /usr/lib/gcc/arm-none-eabi/10.2.0/thumb/v6-m/nofp/crtbegin.o
 .text          0x00000000000004a8       0x74 /usr/lib/gcc/arm-none-eabi/10.2.0/../../../../arm-none-eabi/lib/thumb/v6-m/nofp/crt0.o
                0x00000000000004a8                _stack_init
                0x00000000000004b4                _mainCRTStartup
                0x00000000000004b4                _start
 .text.atexit   0x000000000000051c       0x10 /usr/lib/gcc/arm-none-eabi/10.2.0/../../../../arm-none-eabi/lib/thumb/v6-m/nofp/libc_nano.a(lib_a-atexit.o)
                0x000000000000051c                atexit
 .text.exit     0x000000000000052c       0x2c /usr/lib/gcc/arm-none-eabi/10.2.0/../../../../arm-none-eabi/lib/thumb/v6-m/nofp/libc_nano.a(lib_a-exit.o)
                0x000000000000052c                exit
 .text.__libc_fini_array
                0x0000000000000558       0x28 /usr/lib/gcc/arm-none-eabi/10.2.0/../../../../arm-none-eabi/lib/thumb/v6-m/nofp/libc_nano.a(lib_a-fini.o)
                0x0000000000000558                __libc_fini_array
 .text.__libc_init_array
                0x0000000000000580       0x48 /usr/lib/gcc/arm-none-eabi/10.2.0/../../../../arm-none-eabi/lib/thumb/v6-m/nofp/libc_nano.a(lib_a-init.o)
                0x0000000000000580                __libc_init_array
 .text.memset   0x00000000000005c8       0x10 /usr/lib/gcc/arm-none-eabi/10.2.0/../../../../arm-none-eabi/lib/thumb/v6-m/nofp/libc_nano.a(lib_a-memset.o)
                0x00000000000005c8                memset
 .text.__register_exitproc
                0x00000000000005d8       0xa8 /usr/lib/gcc/arm-none-eabi/10.2.0/../../../../arm-none-eabi/lib/thumb/v6-m/nofp/libc_nano.a(lib_a-__atexit.o)
                0x00000000000005d8                __register_exitproc
 .text.__call_exitprocs
                0x0000000000000680       0xa0 /usr/lib/gcc/arm-none-eabi/10.2.0/../../../../arm-none-eabi/lib/thumb/v6-m/nofp/libc_nano.a(lib_a-__call_atexit.o)
                0x0000000000000680                __call_exitprocs
 .text.display_error
                0x0000000000000720       0x3c /tmp/KL05Z-DevBoardDemo.7mtWqK.ltrans0.ltrans.o
 .text.gpio_pin_init
                0x000000000000075c       0x68 /tmp/KL05Z-DevBoardDemo.7mtWqK.ltrans0.ltrans.o
 .text.gpio_set
                0x00000000000007c4       0x30 /tmp/KL05Z-DevBoardDemo.7mtWqK.ltrans0.ltrans.o
 .text.PORTA_IRQHandler
                0x00000000000007f4        0x2 /tmp/KL05Z-DevBoardDemo.7mtWqK.ltrans0.ltrans.o
 .text.PORTB_IRQHandler
                0x00000000000007f6        0x2 /tmp/KL05Z-DevBoardDemo.7mtWqK.ltrans0.ltrans.o
 .text.delay_init
                0x00000000000007f8       0x18 /tmp/KL05Z-DevBoardDemo.7mtWqK.ltrans0.ltrans.o
 .text.delay_system_ticks_sub
                0x0000000000000810       0x48 /tmp/KL05Z-DevBoardDemo.7mtWqK.ltrans0.ltrans.o
 .text.delay_system_ticks
                0x0000000000000858       0x28 /tmp/KL05Z-DevBoardDemo.7mtWqK.ltrans0.ltrans.o
 .text.delay_micro_seconds
                0x0000000000000880       0x44 /tmp/KL05Z-DevBoardDemo.7mtWqK.ltrans0.ltrans.o
 .text.u8x8_gpio_and_delay_mkl05
                0x00000000000008c4      0x120 /tmp/KL05Z-DevBoardDemo.7mtWqK.ltrans0.ltrans.o
 .text.uart_init
                0x00000000000009e4      0x178 /tmp/KL05Z-DevBoardDemo.7mtWqK.ltrans0.ltrans.o
 .text.uart_putchar
                0x0000000000000b5c       0x14 /tmp/KL05Z-DevBoardDemo.7mtWqK.ltrans0.ltrans.o
 .text.uart_print
                0x0000000000000b70       0x18 /tmp/KL05Z-DevBoardDemo.7mtWqK.ltrans0.ltrans.o
 .text.print_help
                0x0000000000000b88       0x24 /tmp/KL05Z-DevBoardDemo.7mtWqK.ltrans0.ltrans.o
 .text.sigint   0x0000000000000bac       0x18 /tmp/KL05Z-DevBoardDemo.7mtWqK.ltrans0.ltrans.o
 .text.uart_getchar
                0x0000000000000bc4        0xc /tmp/KL05Z-DevBoardDemo.7mtWqK.ltrans0.ltrans.o
 .text.uart_available
                0x0000000000000bd0       0x10 /tmp/KL05Z-DevBoardDemo.7mtWqK.ltrans0.ltrans.o
 .text.rx_overrun
                0x0000000000000be0       0x20 /tmp/KL05Z-DevBoardDemo.7mtWqK.ltrans0.ltrans.o
 .text.rx_interrupt
                0x0000000000000c00       0x34 /tmp/KL05Z-DevBoardDemo.7mtWqK.ltrans0.ltrans.o
 .text.uart_set_irq
                0x0000000000000c34        0xc /tmp/KL05Z-DevBoardDemo.7mtWqK.ltrans0.ltrans.o
 .text.UART0_IRQHandler
                0x0000000000000c40       0x14 /tmp/KL05Z-DevBoardDemo.7mtWqK.ltrans0.ltrans.o
 .text.i2c_wait_for_flag
                0x0000000000000c54       0x24 /tmp/KL05Z-DevBoardDemo.7mtWqK.ltrans0.ltrans.o
 .text.i2c_init
                0x0000000000000c78      0x148 /tmp/KL05Z-DevBoardDemo.7mtWqK.ltrans0.ltrans.o
 .text.i2c_start
                0x0000000000000dc0       0x48 /tmp/KL05Z-DevBoardDemo.7mtWqK.ltrans0.ltrans.o
 .text.i2c_stop
                0x0000000000000e08       0x38 /tmp/KL05Z-DevBoardDemo.7mtWqK.ltrans0.ltrans.o
 .text.i2c_send_nack
                0x0000000000000e40       0x14 /tmp/KL05Z-DevBoardDemo.7mtWqK.ltrans0.ltrans.o
 .text.i2c_send_ack
                0x0000000000000e54       0x10 /tmp/KL05Z-DevBoardDemo.7mtWqK.ltrans0.ltrans.o
 .text.i2c_write_frame
                0x0000000000000e64       0x3c /tmp/KL05Z-DevBoardDemo.7mtWqK.ltrans0.ltrans.o
 .text.i2c_read_frame
                0x0000000000000ea0       0x38 /tmp/KL05Z-DevBoardDemo.7mtWqK.ltrans0.ltrans.o
 .text.i2c_read
                0x0000000000000ed8       0x8c /tmp/KL05Z-DevBoardDemo.7mtWqK.ltrans0.ltrans.o
 .text.i2c_write
                0x0000000000000f64       0x58 /tmp/KL05Z-DevBoardDemo.7mtWqK.ltrans0.ltrans.o
 .text.i2c_ping
                0x0000000000000fbc       0x20 /tmp/KL05Z-DevBoardDemo.7mtWqK.ltrans0.ltrans.o
 .text.spi_init
                0x0000000000000fdc      0x108 /tmp/KL05Z-DevBoardDemo.7mtWqK.ltrans0.ltrans.o
 .text.spi_master_write
                0x00000000000010e4       0x24 /tmp/KL05Z-DevBoardDemo.7mtWqK.ltrans0.ltrans.o
 .text.tpm_time_to_val
                0x0000000000001108       0x1c /tmp/KL05Z-DevBoardDemo.7mtWqK.ltrans0.ltrans.o
 .text.pwm_from_gpio
                0x0000000000001124       0x70 /tmp/KL05Z-DevBoardDemo.7mtWqK.ltrans0.ltrans.o
 .text.pwm_period_us
                0x0000000000001194       0x18 /tmp/KL05Z-DevBoardDemo.7mtWqK.ltrans0.ltrans.o
 .text.pwm_init
                0x00000000000011ac       0xc8 /tmp/KL05Z-DevBoardDemo.7mtWqK.ltrans0.ltrans.o
 .text.pwm_pulsewidth_us
                0x0000000000001274       0x22 /tmp/KL05Z-DevBoardDemo.7mtWqK.ltrans0.ltrans.o
 *fill*         0x0000000000001296        0x2 
 .text.pwm_test
                0x0000000000001298       0x8c /tmp/KL05Z-DevBoardDemo.7mtWqK.ltrans0.ltrans.o
 .text.adc_from_gpio
                0x0000000000001324       0x54 /tmp/KL05Z-DevBoardDemo.7mtWqK.ltrans0.ltrans.o
 .text.adc_init_calibration
                0x0000000000001378       0x98 /tmp/KL05Z-DevBoardDemo.7mtWqK.ltrans0.ltrans.o
 .text.adc_init
                0x0000000000001410       0x78 /tmp/KL05Z-DevBoardDemo.7mtWqK.ltrans0.ltrans.o
 .text.adc_test_init
                0x0000000000001488       0x4c /tmp/KL05Z-DevBoardDemo.7mtWqK.ltrans0.ltrans.o
 .text.adc_read
                0x00000000000014d4       0x1c /tmp/KL05Z-DevBoardDemo.7mtWqK.ltrans0.ltrans.o
 .text.mma8451_readreg
                0x00000000000014f0       0x2e /tmp/KL05Z-DevBoardDemo.7mtWqK.ltrans0.ltrans.o
 .text.mma8451_writereg
                0x000000000000151e       0x18 /tmp/KL05Z-DevBoardDemo.7mtWqK.ltrans0.ltrans.o
 *fill*         0x0000000000001536        0x2 
 .text.mma8451_read
                0x0000000000001538       0x8c /tmp/KL05Z-DevBoardDemo.7mtWqK.ltrans0.ltrans.o
 .text.mma8451_get_x
                0x00000000000015c4       0x1e /tmp/KL05Z-DevBoardDemo.7mtWqK.ltrans0.ltrans.o
 .text.mma8451_get_y
                0x00000000000015e2       0x1e /tmp/KL05Z-DevBoardDemo.7mtWqK.ltrans0.ltrans.o
 .text.mma8451_get_z
                0x0000000000001600       0x1e /tmp/KL05Z-DevBoardDemo.7mtWqK.ltrans0.ltrans.o
 .text.ws2812b_init
                0x000000000000161e       0x1c /tmp/KL05Z-DevBoardDemo.7mtWqK.ltrans0.ltrans.o
 .text.ws2812b_write
                0x000000000000163a       0x8c /tmp/KL05Z-DevBoardDemo.7mtWqK.ltrans0.ltrans.o
 *fill*         0x00000000000016c6        0x2 
 .text.led_test
                0x00000000000016c8       0x48 /tmp/KL05Z-DevBoardDemo.7mtWqK.ltrans0.ltrans.o
 .text.ftoa     0x0000000000001710      0x170 /tmp/KL05Z-DevBoardDemo.7mtWqK.ltrans0.ltrans.o
 .text.hist_erase_older
                0x0000000000001880       0x14 /tmp/KL05Z-DevBoardDemo.7mtWqK.ltrans0.ltrans.o
 .text.hist_is_space_for_new
                0x0000000000001894       0x36 /tmp/KL05Z-DevBoardDemo.7mtWqK.ltrans0.ltrans.o
 .text.split    0x00000000000018ca       0x54 /tmp/KL05Z-DevBoardDemo.7mtWqK.ltrans0.ltrans.o
 .text.microrl_set_complete_callback
                0x000000000000191e        0x6 /tmp/KL05Z-DevBoardDemo.7mtWqK.ltrans0.ltrans.o
 .text.microrl_set_execute_callback
                0x0000000000001924        0x6 /tmp/KL05Z-DevBoardDemo.7mtWqK.ltrans0.ltrans.o
 .text.microrl_set_sigint_callback
                0x000000000000192a        0x6 /tmp/KL05Z-DevBoardDemo.7mtWqK.ltrans0.ltrans.o
 .text.u8x8_SetFont
                0x0000000000001930        0x4 /tmp/KL05Z-DevBoardDemo.7mtWqK.ltrans0.ltrans.o
 .text.u8x8_get_glyph_data
                0x0000000000001934       0x7a /tmp/KL05Z-DevBoardDemo.7mtWqK.ltrans0.ltrans.o
 .text.u8x8_utf8_init
                0x00000000000019ae        0x8 /tmp/KL05Z-DevBoardDemo.7mtWqK.ltrans0.ltrans.o
 *fill*         0x00000000000019b6        0x2 
 .text.u8x8_ascii_next
                0x00000000000019b8       0x18 /tmp/KL05Z-DevBoardDemo.7mtWqK.ltrans0.ltrans.o
 .text.u8x8_byte_SetDC
                0x00000000000019d0        0xe /tmp/KL05Z-DevBoardDemo.7mtWqK.ltrans0.ltrans.o
 .text.u8x8_byte_SendBytes
                0x00000000000019de        0xe /tmp/KL05Z-DevBoardDemo.7mtWqK.ltrans0.ltrans.o
 .text.u8x8_byte_SendByte
                0x00000000000019ec       0x14 /tmp/KL05Z-DevBoardDemo.7mtWqK.ltrans0.ltrans.o
 .text.u8x8_cad_001
                0x0000000000001a00       0x60 /tmp/KL05Z-DevBoardDemo.7mtWqK.ltrans0.ltrans.o
 .text.u8x8_cad_SendCmd
                0x0000000000001a60        0xe /tmp/KL05Z-DevBoardDemo.7mtWqK.ltrans0.ltrans.o
 .text.u8x8_cad_SendData
                0x0000000000001a6e        0xe /tmp/KL05Z-DevBoardDemo.7mtWqK.ltrans0.ltrans.o
 .text.u8x8_cad_StartTransfer
                0x0000000000001a7c        0xe /tmp/KL05Z-DevBoardDemo.7mtWqK.ltrans0.ltrans.o
 .text.u8x8_cad_EndTransfer
                0x0000000000001a8a        0xe /tmp/KL05Z-DevBoardDemo.7mtWqK.ltrans0.ltrans.o
 .text.u8x8_d_helper_display_setup_memory
                0x0000000000001a98        0xa /tmp/KL05Z-DevBoardDemo.7mtWqK.ltrans0.ltrans.o
 .text.u8x8_DrawTile
                0x0000000000001aa2       0x1e /tmp/KL05Z-DevBoardDemo.7mtWqK.ltrans0.ltrans.o
 .text.u8x8_DrawGlyph
                0x0000000000001ac0       0x70 /tmp/KL05Z-DevBoardDemo.7mtWqK.ltrans0.ltrans.o
 .text.u8x8_draw_string
                0x0000000000001b30       0x5c /tmp/KL05Z-DevBoardDemo.7mtWqK.ltrans0.ltrans.o
 .text.u8x8_DrawString
                0x0000000000001b8c       0x10 /tmp/KL05Z-DevBoardDemo.7mtWqK.ltrans0.ltrans.o
 .text.u8x8_SetupMemory
                0x0000000000001b9c        0xe /tmp/KL05Z-DevBoardDemo.7mtWqK.ltrans0.ltrans.o
 .text.u8x8_InitDisplay
                0x0000000000001baa        0xe /tmp/KL05Z-DevBoardDemo.7mtWqK.ltrans0.ltrans.o
 .text.u8x8_SetPowerSave
                0x0000000000001bb8        0xe /tmp/KL05Z-DevBoardDemo.7mtWqK.ltrans0.ltrans.o
 .text.u8x8_ClearDisplayWithTile
                0x0000000000001bc6       0x3c /tmp/KL05Z-DevBoardDemo.7mtWqK.ltrans0.ltrans.o
 *fill*         0x0000000000001c02        0x2 
 .text.u8x8_ClearDisplay
                0x0000000000001c04       0x1c /tmp/KL05Z-DevBoardDemo.7mtWqK.ltrans0.ltrans.o
 .text.u8x8_gpio_call
                0x0000000000001c20        0xa /tmp/KL05Z-DevBoardDemo.7mtWqK.ltrans0.ltrans.o
 *fill*         0x0000000000001c2a        0x2 
 .text.u8x8_byte_mkl05_hw_spi
                0x0000000000001c2c       0x84 /tmp/KL05Z-DevBoardDemo.7mtWqK.ltrans0.ltrans.o
 .text.u8x8_cad_SendSequence
                0x0000000000001cb0       0x6e /tmp/KL05Z-DevBoardDemo.7mtWqK.ltrans0.ltrans.o
 .text.u8x8_d_helper_display_init
                0x0000000000001d1e       0x5e /tmp/KL05Z-DevBoardDemo.7mtWqK.ltrans0.ltrans.o
 .text.u8x8_d_pcd8544_84x48
                0x0000000000001d7c      0x104 /tmp/KL05Z-DevBoardDemo.7mtWqK.ltrans0.ltrans.o
 .text.u8x8_dummy_cb
                0x0000000000001e80        0x4 /tmp/KL05Z-DevBoardDemo.7mtWqK.ltrans0.ltrans.o
 .text.u8x8_SetupDefaults
                0x0000000000001e84       0x28 /tmp/KL05Z-DevBoardDemo.7mtWqK.ltrans0.ltrans.o
 .text.u8x8_Setup
                0x0000000000001eac       0x20 /tmp/KL05Z-DevBoardDemo.7mtWqK.ltrans0.ltrans.o
 .text.spi_test
                0x0000000000001ecc       0x78 /tmp/KL05Z-DevBoardDemo.7mtWqK.ltrans0.ltrans.o
 .text.SystemInit
                0x0000000000001f44       0x80 /tmp/KL05Z-DevBoardDemo.7mtWqK.ltrans0.ltrans.o
 .text.Default_Handler
                0x0000000000001fc4        0x2 /tmp/KL05Z-DevBoardDemo.7mtWqK.ltrans0.ltrans.o
 .text.HardFault_Handler
                0x0000000000001fc6        0x2 /tmp/KL05Z-DevBoardDemo.7mtWqK.ltrans0.ltrans.o
 .text.i2c_busscan
                0x0000000000001fc8       0x4c /tmp/KL05Z-DevBoardDemo.7mtWqK.ltrans0.ltrans.o
 .text.adc_test_read
                0x0000000000002014       0x4c /tmp/KL05Z-DevBoardDemo.7mtWqK.ltrans0.ltrans.o
 .text.adc_print_on_display
                0x0000000000002060       0xe0 /tmp/KL05Z-DevBoardDemo.7mtWqK.ltrans0.ltrans.o
 .text.complet  0x0000000000002140      0x190 /tmp/KL05Z-DevBoardDemo.7mtWqK.ltrans0.ltrans.o
 .text.mma8451_init
                0x00000000000022d0       0xa0 /tmp/KL05Z-DevBoardDemo.7mtWqK.ltrans0.ltrans.o
 .text.mma_test
                0x0000000000002370       0x40 /tmp/KL05Z-DevBoardDemo.7mtWqK.ltrans0.ltrans.o
 .text.mma_readall
                0x00000000000023b0       0xb8 /tmp/KL05Z-DevBoardDemo.7mtWqK.ltrans0.ltrans.o
 .text.execute  0x0000000000002468      0x260 /tmp/KL05Z-DevBoardDemo.7mtWqK.ltrans0.ltrans.o
 .text.microrl_init
                0x00000000000026c8       0x44 /tmp/KL05Z-DevBoardDemo.7mtWqK.ltrans0.ltrans.o
 .text.cmdline_init
                0x000000000000270c       0x58 /tmp/KL05Z-DevBoardDemo.7mtWqK.ltrans0.ltrans.o
 .text.hist_save_line
                0x0000000000002764       0x74 /tmp/KL05Z-DevBoardDemo.7mtWqK.ltrans0.ltrans.o
 .text.new_line_handler
                0x00000000000027d8       0x84 /tmp/KL05Z-DevBoardDemo.7mtWqK.ltrans0.ltrans.o
 .text.hist_restore_line
                0x000000000000285c      0x10e /tmp/KL05Z-DevBoardDemo.7mtWqK.ltrans0.ltrans.o
 *fill*         0x000000000000296a        0x2 
 .text.terminal_move_cursor
                0x000000000000296c       0x4c /tmp/KL05Z-DevBoardDemo.7mtWqK.ltrans0.ltrans.o
 .text.terminal_reset_cursor
                0x00000000000029b8       0x28 /tmp/KL05Z-DevBoardDemo.7mtWqK.ltrans0.ltrans.o
 .text.terminal_print_line
                0x00000000000029e0       0x58 /tmp/KL05Z-DevBoardDemo.7mtWqK.ltrans0.ltrans.o
 .text.hist_search
                0x0000000000002a38       0x38 /tmp/KL05Z-DevBoardDemo.7mtWqK.ltrans0.ltrans.o
 .text.escape_process
                0x0000000000002a70       0xcc /tmp/KL05Z-DevBoardDemo.7mtWqK.ltrans0.ltrans.o
 .text.microrl_insert_text
                0x0000000000002b3c       0x6c /tmp/KL05Z-DevBoardDemo.7mtWqK.ltrans0.ltrans.o
 .text.microrl_backspace
                0x0000000000002ba8       0x48 /tmp/KL05Z-DevBoardDemo.7mtWqK.ltrans0.ltrans.o
 .text.common_len
                0x0000000000002bf0       0x56 /tmp/KL05Z-DevBoardDemo.7mtWqK.ltrans0.ltrans.o
 *fill*         0x0000000000002c46        0x2 
 .text.microrl_get_complite
                0x0000000000002c48       0xf0 /tmp/KL05Z-DevBoardDemo.7mtWqK.ltrans0.ltrans.o
 .text.microrl_insert_char
                0x0000000000002d38      0x154 /tmp/KL05Z-DevBoardDemo.7mtWqK.ltrans0.ltrans.o
 .text.process_uart
                0x0000000000002e8c       0x30 /tmp/KL05Z-DevBoardDemo.7mtWqK.ltrans0.ltrans.o
 .text.Reset_Handler
                0x0000000000002ebc       0x6c /tmp/KL05Z-DevBoardDemo.7mtWqK.ltrans0.ltrans.o
                0x0000000000002ebc                Reset_Handler
 .text.main     0x0000000000002f28       0x58 /tmp/KL05Z-DevBoardDemo.7mtWqK.ltrans0.ltrans.o
                0x0000000000002f28                main
 .text._exit    0x0000000000002f80        0x4 /usr/lib/gcc/arm-none-eabi/10.2.0/../../../../arm-none-eabi/lib/thumb/v6-m/nofp/libnosys.a(_exit.o)
                0x0000000000002f80                _exit
 .text._sbrk    0x0000000000002f84       0x1c /usr/lib/gcc/arm-none-eabi/10.2.0/../../../../arm-none-eabi/lib/thumb/v6-m/nofp/libnosys.a(sbrk.o)
                0x0000000000002f84                _sbrk
 .text          0x0000000000002fa0      0x114 /usr/lib/gcc/arm-none-eabi/10.2.0/thumb/v6-m/nofp/libgcc.a(_udivsi3.o)
                0x0000000000002fa0                __udivsi3
                0x0000000000002fa0                __aeabi_uidiv
                0x00000000000030ac                __aeabi_uidivmod
 .text          0x00000000000030b4      0x1d4 /usr/lib/gcc/arm-none-eabi/10.2.0/thumb/v6-m/nofp/libgcc.a(_divsi3.o)
                0x00000000000030b4                __aeabi_idiv
                0x00000000000030b4                __divsi3
                0x0000000000003280                __aeabi_idivmod
 .text          0x0000000000003288        0x4 /usr/lib/gcc/arm-none-eabi/10.2.0/thumb/v6-m/nofp/libgcc.a(_dvmd_tls.o)
                0x0000000000003288                __aeabi_ldiv0
                0x0000000000003288                __aeabi_idiv0
 .text          0x000000000000328c       0x74 /usr/lib/gcc/arm-none-eabi/10.2.0/thumb/v6-m/nofp/libgcc.a(_arm_cmpsf2.o)
                0x000000000000328c                __aeabi_cfrcmple
                0x0000000000003294                __aeabi_cfcmple
                0x0000000000003294                __aeabi_cfcmpeq
                0x00000000000032a4                __aeabi_fcmpeq
                0x00000000000032b0                __aeabi_fcmplt
                0x00000000000032c4                __aeabi_fcmple
                0x00000000000032d8                __aeabi_fcmpgt
                0x00000000000032ec                __aeabi_fcmpge
 .text          0x0000000000003300       0x40 /usr/lib/gcc/arm-none-eabi/10.2.0/thumb/v6-m/nofp/libgcc.a(_aeabi_uldivmod.o)
                0x0000000000003300                __aeabi_uldivmod
 .text          0x0000000000003340       0x5c /usr/lib/gcc/arm-none-eabi/10.2.0/thumb/v6-m/nofp/libgcc.a(_muldi3.o)
                0x0000000000003340                __aeabi_lmul
                0x0000000000003340                __muldi3
 .text          0x000000000000339c       0x30 /usr/lib/gcc/arm-none-eabi/10.2.0/thumb/v6-m/nofp/libgcc.a(_fixunssfsi.o)
                0x000000000000339c                __aeabi_f2uiz
                0x000000000000339c                __fixunssfsi
 .text          0x00000000000033cc      0x198 /usr/lib/gcc/arm-none-eabi/10.2.0/thumb/v6-m/nofp/libgcc.a(_udivmoddi4.o)
                0x00000000000033cc                __udivmoddi4
 .text          0x0000000000003564      0x32c /usr/lib/gcc/arm-none-eabi/10.2.0/thumb/v6-m/nofp/libgcc.a(addsf3.o)
                0x0000000000003564                __aeabi_fadd
 .text          0x0000000000003890      0x238 /usr/lib/gcc/arm-none-eabi/10.2.0/thumb/v6-m/nofp/libgcc.a(divsf3.o)
                0x0000000000003890                __aeabi_fdiv
 .text          0x0000000000003ac8       0x4c /usr/lib/gcc/arm-none-eabi/10.2.0/thumb/v6-m/nofp/libgcc.a(eqsf2.o)
                0x0000000000003ac8                __nesf2
                0x0000000000003ac8                __eqsf2
 .text          0x0000000000003b14       0x8c /usr/lib/gcc/arm-none-eabi/10.2.0/thumb/v6-m/nofp/libgcc.a(gesf2.o)
                0x0000000000003b14                __gtsf2
                0x0000000000003b14                __gesf2
 .text          0x0000000000003ba0       0x88 /usr/lib/gcc/arm-none-eabi/10.2.0/thumb/v6-m/nofp/libgcc.a(lesf2.o)
                0x0000000000003ba0                __lesf2
                0x0000000000003ba0                __ltsf2
 .text          0x0000000000003c28      0x24c /usr/lib/gcc/arm-none-eabi/10.2.0/thumb/v6-m/nofp/libgcc.a(mulsf3.o)
                0x0000000000003c28                __aeabi_fmul
 .text          0x0000000000003e74      0x328 /usr/lib/gcc/arm-none-eabi/10.2.0/thumb/v6-m/nofp/libgcc.a(subsf3.o)
                0x0000000000003e74                __aeabi_fsub
 .text          0x000000000000419c       0x40 /usr/lib/gcc/arm-none-eabi/10.2.0/thumb/v6-m/nofp/libgcc.a(fixsfsi.o)
                0x000000000000419c                __aeabi_f2iz
 .text          0x00000000000041dc       0x9c /usr/lib/gcc/arm-none-eabi/10.2.0/thumb/v6-m/nofp/libgcc.a(floatsisf.o)
                0x00000000000041dc                __aeabi_i2f
 .text          0x0000000000004278       0x3c /usr/lib/gcc/arm-none-eabi/10.2.0/thumb/v6-m/nofp/libgcc.a(_clzsi2.o)
                0x0000000000004278                __clzsi2
 .text          0x00000000000042b4       0x18 /usr/lib/gcc/arm-none-eabi/10.2.0/thumb/v6-m/nofp/libgcc.a(_clzdi2.o)
                0x00000000000042b4                __clzdi2
 .text          0x00000000000042cc       0x14 /usr/lib/gcc/arm-none-eabi/10.2.0/thumb/v6-m/nofp/libgcc.a(_thumb1_case_shi.o)
                0x00000000000042cc                __gnu_thumb1_case_shi
 .text.memcpy   0x00000000000042e0       0x12 /usr/lib/gcc/arm-none-eabi/10.2.0/../../../../arm-none-eabi/lib/thumb/v6-m/nofp/libg_nano.a(lib_a-memcpy-stub.o)
                0x00000000000042e0                memcpy
 .text.memmove  0x00000000000042f2       0x26 /usr/lib/gcc/arm-none-eabi/10.2.0/../../../../arm-none-eabi/lib/thumb/v6-m/nofp/libg_nano.a(lib_a-memmove.o)
                0x00000000000042f2                memmove
 .text.snprintf
                0x0000000000004318       0x68 /usr/lib/gcc/arm-none-eabi/10.2.0/../../../../arm-none-eabi/lib/thumb/v6-m/nofp/libg_nano.a(lib_a-snprintf.o)
                0x0000000000004318                snprintf
                0x0000000000004318                sniprintf
 .text.sprintf  0x0000000000004380       0x40 /usr/lib/gcc/arm-none-eabi/10.2.0/../../../../arm-none-eabi/lib/thumb/v6-m/nofp/libg_nano.a(lib_a-sprintf.o)
                0x0000000000004380                sprintf
                0x0000000000004380                siprintf
 .text          0x00000000000043c0       0x14 /usr/lib/gcc/arm-none-eabi/10.2.0/../../../../arm-none-eabi/lib/thumb/v6-m/nofp/libg_nano.a(lib_a-strcmp.o)
                0x00000000000043c0                strcmp
 .text          0x00000000000043d4        0xe /usr/lib/gcc/arm-none-eabi/10.2.0/../../../../arm-none-eabi/lib/thumb/v6-m/nofp/libg_nano.a(lib_a-strlen.o)
                0x00000000000043d4                strlen
 .text.strstr   0x00000000000043e2       0x2c /usr/lib/gcc/arm-none-eabi/10.2.0/../../../../arm-none-eabi/lib/thumb/v6-m/nofp/libg_nano.a(lib_a-strstr.o)
                0x00000000000043e2                strstr
 *fill*         0x000000000000440e        0x2 
 .text.__ssputs_r
                0x0000000000004410       0xc4 /usr/lib/gcc/arm-none-eabi/10.2.0/../../../../arm-none-eabi/lib/thumb/v6-m/nofp/libg_nano.a(lib_a-nano-svfprintf.o)
                0x0000000000004410                __ssputs_r
 .text._svfprintf_r
                0x00000000000044d4      0x200 /usr/lib/gcc/arm-none-eabi/10.2.0/../../../../arm-none-eabi/lib/thumb/v6-m/nofp/libg_nano.a(lib_a-nano-svfprintf.o)
                0x00000000000044d4                _svfprintf_r
                0x00000000000044d4                _svfiprintf_r
 .text._printf_common
                0x00000000000046d4       0xde /usr/lib/gcc/arm-none-eabi/10.2.0/../../../../arm-none-eabi/lib/thumb/v6-m/nofp/libg_nano.a(lib_a-nano-vfprintf_i.o)
                0x00000000000046d4                _printf_common
 *fill*         0x00000000000047b2        0x2 
 .text._printf_i
                0x00000000000047b4      0x224 /usr/lib/gcc/arm-none-eabi/10.2.0/../../../../arm-none-eabi/lib/thumb/v6-m/nofp/libg_nano.a(lib_a-nano-vfprintf_i.o)
                0x00000000000047b4                _printf_i
 .text.memchr   0x00000000000049d8       0x16 /usr/lib/gcc/arm-none-eabi/10.2.0/../../../../arm-none-eabi/lib/thumb/v6-m/nofp/libg_nano.a(lib_a-memchr-stub.o)
                0x00000000000049d8                memchr
 *fill*         0x00000000000049ee        0x2 
 .text._free_r  0x00000000000049f0       0x94 /usr/lib/gcc/arm-none-eabi/10.2.0/../../../../arm-none-eabi/lib/thumb/v6-m/nofp/libg_nano.a(lib_a-nano-freer.o)
                0x00000000000049f0                _free_r
 .text._malloc_r
                0x0000000000004a84       0xbc /usr/lib/gcc/arm-none-eabi/10.2.0/../../../../arm-none-eabi/lib/thumb/v6-m/nofp/libg_nano.a(lib_a-nano-mallocr.o)
                0x0000000000004a84                _malloc_r
 .text._realloc_r
                0x0000000000004b40       0x5e /usr/lib/gcc/arm-none-eabi/10.2.0/../../../../arm-none-eabi/lib/thumb/v6-m/nofp/libg_nano.a(lib_a-nano-reallocr.o)
                0x0000000000004b40                _realloc_r
 *fill*         0x0000000000004b9e        0x2 
 .text._sbrk_r  0x0000000000004ba0       0x24 /usr/lib/gcc/arm-none-eabi/10.2.0/../../../../arm-none-eabi/lib/thumb/v6-m/nofp/libg_nano.a(lib_a-sbrkr.o)
                0x0000000000004ba0                _sbrk_r
 .text.__malloc_lock
                0x0000000000004bc4        0x2 /usr/lib/gcc/arm-none-eabi/10.2.0/../../../../arm-none-eabi/lib/thumb/v6-m/nofp/libg_nano.a(lib_a-mlock.o)
                0x0000000000004bc4                __malloc_lock
 .text.__malloc_unlock
                0x0000000000004bc6        0x2 /usr/lib/gcc/arm-none-eabi/10.2.0/../../../../arm-none-eabi/lib/thumb/v6-m/nofp/libg_nano.a(lib_a-mlock.o)
                0x0000000000004bc6                __malloc_unlock
 .text._malloc_usable_size_r
                0x0000000000004bc8       0x10 /usr/lib/gcc/arm-none-eabi/10.2.0/../../../../arm-none-eabi/lib/thumb/v6-m/nofp/libg_nano.a(lib_a-nano-msizer.o)
                0x0000000000004bc8                _malloc_usable_size_r
 *(.rodata .rodata* .gnu.linkonce.r.*)
 .rodata._global_impure_ptr
                0x0000000000004bd8        0x4 /usr/lib/gcc/arm-none-eabi/10.2.0/../../../../arm-none-eabi/lib/thumb/v6-m/nofp/libc_nano.a(lib_a-impure.o)
                0x0000000000004bd8                _global_impure_ptr
 .rodata.u8x8_gpio_and_delay_mkl05
                0x0000000000004bdc       0xb0 /tmp/KL05Z-DevBoardDemo.7mtWqK.ltrans0.ltrans.o
 .rodata.print_help.str1.4
                0x0000000000004c8c       0x7d /tmp/KL05Z-DevBoardDemo.7mtWqK.ltrans0.ltrans.o
 *fill*         0x0000000000004d09        0x3 
 .rodata.sigint.str1.4
                0x0000000000004d0c       0x1d /tmp/KL05Z-DevBoardDemo.7mtWqK.ltrans0.ltrans.o
 *fill*         0x0000000000004d29        0x3 
 .rodata.pwm_test.str1.4
                0x0000000000004d2c       0x24 /tmp/KL05Z-DevBoardDemo.7mtWqK.ltrans0.ltrans.o
 .rodata.adc_test_init.str1.4
                0x0000000000004d50       0x29 /tmp/KL05Z-DevBoardDemo.7mtWqK.ltrans0.ltrans.o
 *fill*         0x0000000000004d79        0x3 
 .rodata.led_test.str1.4
                0x0000000000004d7c       0x18 /tmp/KL05Z-DevBoardDemo.7mtWqK.ltrans0.ltrans.o
 .rodata.u8x8_cad_001
                0x0000000000004d94       0x18 /tmp/KL05Z-DevBoardDemo.7mtWqK.ltrans0.ltrans.o
 .rodata.u8x8_byte_mkl05_hw_spi
                0x0000000000004dac       0x34 /tmp/KL05Z-DevBoardDemo.7mtWqK.ltrans0.ltrans.o
 .rodata.u8x8_d_pcd8544_84x48
                0x0000000000004de0       0x1c /tmp/KL05Z-DevBoardDemo.7mtWqK.ltrans0.ltrans.o
 .rodata.spi_test.str1.4
                0x0000000000004dfc       0x25 /tmp/KL05Z-DevBoardDemo.7mtWqK.ltrans0.ltrans.o
 *fill*         0x0000000000004e21        0x3 
 .rodata.i2c_busscan.str1.4
                0x0000000000004e24       0x33 /tmp/KL05Z-DevBoardDemo.7mtWqK.ltrans0.ltrans.o
 *fill*         0x0000000000004e57        0x1 
 .rodata.adc_test_read.str1.4
                0x0000000000004e58       0x15 /tmp/KL05Z-DevBoardDemo.7mtWqK.ltrans0.ltrans.o
 *fill*         0x0000000000004e6d        0x3 
 .rodata.adc_print_on_display.str1.4
                0x0000000000004e70       0x43 /tmp/KL05Z-DevBoardDemo.7mtWqK.ltrans0.ltrans.o
 *fill*         0x0000000000004eb3        0x1 
 .rodata.complet.str1.4
                0x0000000000004eb4       0x20 /tmp/KL05Z-DevBoardDemo.7mtWqK.ltrans0.ltrans.o
                                         0x28 (size before relaxing)
 .rodata.mma_test.str1.4
                0x0000000000004ed4       0x55 /tmp/KL05Z-DevBoardDemo.7mtWqK.ltrans0.ltrans.o
 *fill*         0x0000000000004f29        0x3 
 .rodata.mma_readall.str1.4
                0x0000000000004f2c       0x2e /tmp/KL05Z-DevBoardDemo.7mtWqK.ltrans0.ltrans.o
                                         0x33 (size before relaxing)
 *fill*         0x0000000000004f5a        0x2 
 .rodata.execute.str1.4
                0x0000000000004f5c      0x147 /tmp/KL05Z-DevBoardDemo.7mtWqK.ltrans0.ltrans.o
                                        0x14b (size before relaxing)
 *fill*         0x00000000000050a3        0x1 
 .rodata.microrl_init.str1.4
                0x00000000000050a4       0x11 /tmp/KL05Z-DevBoardDemo.7mtWqK.ltrans0.ltrans.o
 *fill*         0x00000000000050b5        0x3 
 .rodata.new_line_handler.str1.4
                0x00000000000050b8       0x16 /tmp/KL05Z-DevBoardDemo.7mtWqK.ltrans0.ltrans.o
                                         0x1a (size before relaxing)
 *fill*         0x00000000000050ce        0x2 
 .rodata.terminal_move_cursor.str1.4
                0x00000000000050d0        0xe /tmp/KL05Z-DevBoardDemo.7mtWqK.ltrans0.ltrans.o
 *fill*         0x00000000000050de        0x2 
 .rodata.terminal_reset_cursor.str1.4
                0x00000000000050e0        0xb /tmp/KL05Z-DevBoardDemo.7mtWqK.ltrans0.ltrans.o
 *fill*         0x00000000000050eb        0x1 
 .rodata.terminal_print_line.str1.4
                0x00000000000050ec        0x4 /tmp/KL05Z-DevBoardDemo.7mtWqK.ltrans0.ltrans.o
 .rodata.microrl_backspace.str1.4
                0x00000000000050f0        0x8 /tmp/KL05Z-DevBoardDemo.7mtWqK.ltrans0.ltrans.o
 .rodata.microrl_get_complite.str1.4
                0x00000000000050f8        0x8 /tmp/KL05Z-DevBoardDemo.7mtWqK.ltrans0.ltrans.o
                                          0x6 (size before relaxing)
 .rodata.microrl_insert_char
                0x00000000000050f8      0x200 /tmp/KL05Z-DevBoardDemo.7mtWqK.ltrans0.ltrans.o
 .rodata        0x00000000000052f8       0x54 /tmp/KL05Z-DevBoardDemo.7mtWqK.ltrans0.ltrans.o
 .rodata.ICR    0x000000000000534c       0x80 /tmp/KL05Z-DevBoardDemo.7mtWqK.ltrans0.ltrans.o
 .rodata.adc_pin_map
                0x00000000000053cc       0xe0 /tmp/KL05Z-DevBoardDemo.7mtWqK.ltrans0.ltrans.o
 .rodata.adc_subcommands
                0x00000000000054ac       0x10 /tmp/KL05Z-DevBoardDemo.7mtWqK.ltrans0.ltrans.o
 .rodata.i2c_subcommands
                0x00000000000054bc        0xc /tmp/KL05Z-DevBoardDemo.7mtWqK.ltrans0.ltrans.o
 .rodata.keyworld
                0x00000000000054c8       0x1c /tmp/KL05Z-DevBoardDemo.7mtWqK.ltrans0.ltrans.o
 .rodata.rounders
                0x00000000000054e4       0x2c /tmp/KL05Z-DevBoardDemo.7mtWqK.ltrans0.ltrans.o
 .rodata.sw_spi_clk
                0x0000000000005510        0xc /tmp/KL05Z-DevBoardDemo.7mtWqK.ltrans0.ltrans.o
 .rodata.sw_spi_cs
                0x000000000000551c        0xc /tmp/KL05Z-DevBoardDemo.7mtWqK.ltrans0.ltrans.o
 .rodata.sw_spi_dc
                0x0000000000005528        0xc /tmp/KL05Z-DevBoardDemo.7mtWqK.ltrans0.ltrans.o
 .rodata.sw_spi_mosi
                0x0000000000005534        0xc /tmp/KL05Z-DevBoardDemo.7mtWqK.ltrans0.ltrans.o
 .rodata.sw_spi_rst
                0x0000000000005540        0xc /tmp/KL05Z-DevBoardDemo.7mtWqK.ltrans0.ltrans.o
 .rodata.tpm_pin_map
                0x000000000000554c       0xc8 /tmp/KL05Z-DevBoardDemo.7mtWqK.ltrans0.ltrans.o
 .rodata.u8x8_d_pcd8544_84x48_init_seq
                0x0000000000005614       0x11 /tmp/KL05Z-DevBoardDemo.7mtWqK.ltrans0.ltrans.o
 *fill*         0x0000000000005625        0x3 
 .rodata.u8x8_d_pcd8544_84x48_powersave0_seq
                0x0000000000005628        0x7 /tmp/KL05Z-DevBoardDemo.7mtWqK.ltrans0.ltrans.o
 *fill*         0x000000000000562f        0x1 
 .rodata.u8x8_d_pcd8544_84x48_powersave1_seq
                0x0000000000005630        0x9 /tmp/KL05Z-DevBoardDemo.7mtWqK.ltrans0.ltrans.o
 *fill*         0x0000000000005639        0x3 
 .rodata.u8x8_font_amstrad_cpc_extended_f
                0x000000000000563c      0x704 /tmp/KL05Z-DevBoardDemo.7mtWqK.ltrans0.ltrans.o
 .rodata.u8x8_pcd8544_84x48_display_info
                0x0000000000005d40       0x18 /tmp/KL05Z-DevBoardDemo.7mtWqK.ltrans0.ltrans.o
 .rodata        0x0000000000005d58       0x80 /usr/lib/gcc/arm-none-eabi/10.2.0/thumb/v6-m/nofp/libgcc.a(divsf3.o)
 .rodata        0x0000000000005dd8       0x40 /usr/lib/gcc/arm-none-eabi/10.2.0/thumb/v6-m/nofp/libgcc.a(mulsf3.o)
 .rodata._svfprintf_r.str1.1
                0x0000000000005e18       0x11 /usr/lib/gcc/arm-none-eabi/10.2.0/../../../../arm-none-eabi/lib/thumb/v6-m/nofp/libg_nano.a(lib_a-nano-svfprintf.o)
 .rodata._printf_i.str1.1
                0x0000000000005e29       0x22 /usr/lib/gcc/arm-none-eabi/10.2.0/../../../../arm-none-eabi/lib/thumb/v6-m/nofp/libg_nano.a(lib_a-nano-vfprintf_i.o)
                0x0000000000005e4c                . = ALIGN (0x4)
 *fill*         0x0000000000005e4b        0x1 
 *(.init)
 .init          0x0000000000005e4c        0x4 /usr/lib/gcc/arm-none-eabi/10.2.0/thumb/v6-m/nofp/crti.o
                0x0000000000005e4c                _init
 .init          0x0000000000005e50        0x8 /usr/lib/gcc/arm-none-eabi/10.2.0/thumb/v6-m/nofp/crtn.o
                0x0000000000005e58                . = ALIGN (0x4)
                0x0000000000005e58                PROVIDE (__preinit_array_start = .)
 *(.preinit_array)
                0x0000000000005e58                PROVIDE (__preinit_array_end = .)
                0x0000000000005e58                . = ALIGN (0x4)
                0x0000000000005e58                PROVIDE (__init_array_start = .)
 *(SORT_BY_NAME(.init_array.*))
 *(.init_array)
 .init_array    0x0000000000005e58        0x4 /usr/lib/gcc/arm-none-eabi/10.2.0/thumb/v6-m/nofp/crtbegin.o
                0x0000000000005e5c                PROVIDE (__init_array_end = .)
                0x0000000000005e5c                . = ALIGN (0x4)
 *(.fini)
 .fini          0x0000000000005e5c        0x4 /usr/lib/gcc/arm-none-eabi/10.2.0/thumb/v6-m/nofp/crti.o
                0x0000000000005e5c                _fini
 .fini          0x0000000000005e60        0x8 /usr/lib/gcc/arm-none-eabi/10.2.0/thumb/v6-m/nofp/crtn.o
                0x0000000000005e68                . = ALIGN (0x4)
                0x0000000000005e68                PROVIDE (__fini_array_start = .)
 *(.fini_array)
 .fini_array    0x0000000000005e68        0x4 /usr/lib/gcc/arm-none-eabi/10.2.0/thumb/v6-m/nofp/crtbegin.o
 *(SORT_BY_NAME(.fini_array.*))
                0x0000000000005e6c                PROVIDE (__fini_array_end = .)
                0x0000000000005e6c                . = ALIGN (0x4)
 *crtbegin.o(.ctors)
 *(EXCLUDE_FILE(*crtend.o) .ctors)
 *(SORT_BY_NAME(.ctors.*))
 *crtend.o(.ctors)
                0x0000000000005e6c                . = ALIGN (0x4)
 *crtbegin.o(.dtors)
 *(EXCLUDE_FILE(*crtend.o) .dtors)
 *(SORT_BY_NAME(.dtors.*))
 *crtend.o(.dtors)
                0x0000000000005e6c                . = ALIGN (0x4)

.glue_7         0x0000000000005e6c        0x0
 .glue_7        0x0000000000005e6c        0x0 linker stubs

.glue_7t        0x0000000000005e6c        0x0
 .glue_7t       0x0000000000005e6c        0x0 linker stubs

.vfp11_veneer   0x0000000000005e6c        0x0
 .vfp11_veneer  0x0000000000005e6c        0x0 linker stubs

.v4_bx          0x0000000000005e6c        0x0
 .v4_bx         0x0000000000005e6c        0x0 linker stubs

.iplt           0x0000000000005e6c        0x0
 .iplt          0x0000000000005e6c        0x0 /usr/lib/gcc/arm-none-eabi/10.2.0/thumb/v6-m/nofp/crtbegin.o

.ARM.extab
 *(.ARM.extab* .gnu.linkonce.armextab.*)
                0x0000000000005e6c                __exidx_start = .

.ARM.exidx      0x0000000000005e6c        0x8
 *(.ARM.exidx* .gnu.linkonce.armexidx.*)
 .ARM.exidx     0x0000000000005e6c        0x8 /usr/lib/gcc/arm-none-eabi/10.2.0/../../../../arm-none-eabi/lib/thumb/v6-m/nofp/crt0.o
                                         0x10 (size before relaxing)
 .ARM.exidx     0x0000000000005e74        0x0 /usr/lib/gcc/arm-none-eabi/10.2.0/thumb/v6-m/nofp/libgcc.a(_udivmoddi4.o)
                                          0x8 (size before relaxing)
                0x0000000000005e74                __exidx_end = .

.rel.dyn        0x0000000000005e74        0x0
 .rel.iplt      0x0000000000005e74        0x0 /usr/lib/gcc/arm-none-eabi/10.2.0/thumb/v6-m/nofp/crtbegin.o

.copy.table     0x0000000000005e74        0xc
                0x0000000000005e74                . = ALIGN (0x4)
                0x0000000000005e74                __copy_table_start__ = .
                0x0000000000005e74        0x4 LONG 0x5e80 __etext
                0x0000000000005e78        0x4 LONG 0x1ffffc00 __data_start__
                0x0000000000005e7c        0x4 LONG 0x19 ((__data_end__ - __data_start__) / 0x4)
                0x0000000000005e80                __copy_table_end__ = .

.zero.table     0x0000000000005e80        0x0
                0x0000000000005e80                . = ALIGN (0x4)
                0x0000000000005e80                __zero_table_start__ = .
                0x0000000000005e80                __zero_table_end__ = .
                0x0000000000005e80                __etext = ALIGN (0x4)

.mtb            0x000000001ffffc00        0x0
                0x000000001ffffc00                . = ALIGN (0x8)
                0x000000001ffffc00                _mtb_start = .
 *(.mtb_buf)
                0x000000001ffffc00                . = ALIGN (0x8)
                0x000000001ffffc00                _mtb_end = .

.data           0x000000001ffffc00       0x64 load address 0x0000000000005e80
                0x000000001ffffc00                __data_start__ = .
 *(vtable vtable.*)
 *(.ramfunc .ramfunc.*)
 *(.data .data.* .gnu.linkonce.d.*)
 .data._impure_ptr
                0x000000001ffffc00        0x4 /usr/lib/gcc/arm-none-eabi/10.2.0/../../../../arm-none-eabi/lib/thumb/v6-m/nofp/libc_nano.a(lib_a-impure.o)
                0x000000001ffffc00                _impure_ptr
 .data.impure_data
                0x000000001ffffc04       0x60 /usr/lib/gcc/arm-none-eabi/10.2.0/../../../../arm-none-eabi/lib/thumb/v6-m/nofp/libc_nano.a(lib_a-impure.o)
                0x000000001ffffc64                . = ALIGN (0x4)
                0x000000001ffffc64                __data_end__ = .

.tm_clone_table
                0x000000001ffffc64        0x0 load address 0x0000000000005ee4
 .tm_clone_table
                0x000000001ffffc64        0x0 /usr/lib/gcc/arm-none-eabi/10.2.0/thumb/v6-m/nofp/crtbegin.o
 .tm_clone_table
                0x000000001ffffc64        0x0 /usr/lib/gcc/arm-none-eabi/10.2.0/thumb/v6-m/nofp/crtend.o

.igot.plt       0x000000001ffffc64        0x0 load address 0x0000000000005ee4
 .igot.plt      0x000000001ffffc64        0x0 /usr/lib/gcc/arm-none-eabi/10.2.0/thumb/v6-m/nofp/crtbegin.o

.bss            0x000000001ffffc64      0x21c load address 0x0000000000005ee4
                0x000000001ffffc64                . = ALIGN (0x4)
                0x000000001ffffc64                __bss_start__ = .
 *(.bss .bss.*)
 .bss           0x000000001ffffc64       0x1c /usr/lib/gcc/arm-none-eabi/10.2.0/thumb/v6-m/nofp/crtbegin.o
 .bss._global_atexit0
                0x000000001ffffc80       0x8c /usr/lib/gcc/arm-none-eabi/10.2.0/../../../../arm-none-eabi/lib/thumb/v6-m/nofp/libc_nano.a(lib_a-__atexit.o)
 .bss._global_atexit
                0x000000001ffffd0c        0x4 /usr/lib/gcc/arm-none-eabi/10.2.0/../../../../arm-none-eabi/lib/thumb/v6-m/nofp/libc_nano.a(lib_a-__call_atexit.o)
                0x000000001ffffd0c                _global_atexit
 .bss.compl_world
                0x000000001ffffd10       0x20 /tmp/KL05Z-DevBoardDemo.7mtWqK.ltrans0.ltrans.o
 .bss.mma       0x000000001ffffd30        0xa /tmp/KL05Z-DevBoardDemo.7mtWqK.ltrans0.ltrans.o
 .bss.mma_init_done
                0x000000001ffffd3a        0x1 /tmp/KL05Z-DevBoardDemo.7mtWqK.ltrans0.ltrans.o
 .bss.new_char  0x000000001ffffd3b        0x1 /tmp/KL05Z-DevBoardDemo.7mtWqK.ltrans0.ltrans.o
 .bss.new_char_data
                0x000000001ffffd3c        0x1 /tmp/KL05Z-DevBoardDemo.7mtWqK.ltrans0.ltrans.o
 *fill*         0x000000001ffffd3d        0x3 
 .bss.prl.lto_priv.0
                0x000000001ffffd40        0x4 /tmp/KL05Z-DevBoardDemo.7mtWqK.ltrans0.ltrans.o
 .bss.rl        0x000000001ffffd44       0xec /tmp/KL05Z-DevBoardDemo.7mtWqK.ltrans0.ltrans.o
 .bss.run_task  0x000000001ffffe30        0x1 /tmp/KL05Z-DevBoardDemo.7mtWqK.ltrans0.ltrans.o
 *fill*         0x000000001ffffe31        0x3 
 .bss.rx_irq    0x000000001ffffe34        0x4 /tmp/KL05Z-DevBoardDemo.7mtWqK.ltrans0.ltrans.o
 .bss.string_buffer
                0x000000001ffffe38        0xa /tmp/KL05Z-DevBoardDemo.7mtWqK.ltrans0.ltrans.o
 *fill*         0x000000001ffffe42        0x2 
 .bss.u8x8      0x000000001ffffe44       0x2c /tmp/KL05Z-DevBoardDemo.7mtWqK.ltrans0.ltrans.o
 .bss.heap_end.0
                0x000000001ffffe70        0x4 /usr/lib/gcc/arm-none-eabi/10.2.0/../../../../arm-none-eabi/lib/thumb/v6-m/nofp/libnosys.a(sbrk.o)
 .bss.__malloc_free_list
                0x000000001ffffe74        0x4 /usr/lib/gcc/arm-none-eabi/10.2.0/../../../../arm-none-eabi/lib/thumb/v6-m/nofp/libg_nano.a(lib_a-nano-mallocr.o)
                0x000000001ffffe74                __malloc_free_list
 .bss.__malloc_sbrk_start
                0x000000001ffffe78        0x4 /usr/lib/gcc/arm-none-eabi/10.2.0/../../../../arm-none-eabi/lib/thumb/v6-m/nofp/libg_nano.a(lib_a-nano-mallocr.o)
                0x000000001ffffe78                __malloc_sbrk_start
 .bss.errno     0x000000001ffffe7c        0x4 /usr/lib/gcc/arm-none-eabi/10.2.0/../../../../arm-none-eabi/lib/thumb/v6-m/nofp/libg_nano.a(lib_a-reent.o)
                0x000000001ffffe7c                errno
 *(COMMON)
                0x000000001ffffe80                . = ALIGN (0x4)
                0x000000001ffffe80                __bss_end__ = .
                0x0000000000000020                __HEAP_SIZE = DEFINED (__heap_size)?__heap_size:0x20

.heap           0x000000001ffffe80       0x20 load address 0x0000000000005ee4
                0x000000001ffffe80                . = ALIGN (0x8)
                0x000000001ffffe80                __end__ = .
                0x000000001ffffe80                PROVIDE (end = .)
                0x000000001ffffea0                . = (. + __HEAP_SIZE)
 *fill*         0x000000001ffffe80       0x20 
                0x000000001ffffea0                . = ALIGN (0x8)
                0x000000001ffffea0                __HeapLimit = .

.stack          0x0000000020000b00      0x100
                0x0000000020000b00                . = ALIGN (0x8)
                0x0000000020000b00                __StackLimit = .
                0x0000000020000c00                . = (. + __STACK_SIZE)
 *fill*         0x0000000020000b00      0x100 
                0x0000000020000c00                . = ALIGN (0x8)
                0x0000000020000c00                __StackTop = .
                0x0000000020000c00                PROVIDE (__stack = __StackTop)
                0x0000000000000001                ASSERT ((__StackLimit >= __HeapLimit), region RAM overflowed with stack)
OUTPUT(KL05Z-DevBoardDemo elf32-littlearm)
LOAD linker stubs

.ARM.attributes
                0x0000000000000000       0x28
 .ARM.attributes
                0x0000000000000000       0x1e /usr/lib/gcc/arm-none-eabi/10.2.0/thumb/v6-m/nofp/crti.o
 .ARM.attributes
                0x000000000000001e       0x2c /usr/lib/gcc/arm-none-eabi/10.2.0/thumb/v6-m/nofp/crtbegin.o
 .ARM.attributes
                0x000000000000004a       0x1b /usr/lib/gcc/arm-none-eabi/10.2.0/../../../../arm-none-eabi/lib/thumb/v6-m/nofp/crt0.o
 .ARM.attributes
                0x0000000000000065       0x2c /usr/lib/gcc/arm-none-eabi/10.2.0/../../../../arm-none-eabi/lib/thumb/v6-m/nofp/libc_nano.a(lib_a-atexit.o)
 .ARM.attributes
                0x0000000000000091       0x2c /usr/lib/gcc/arm-none-eabi/10.2.0/../../../../arm-none-eabi/lib/thumb/v6-m/nofp/libc_nano.a(lib_a-exit.o)
 .ARM.attributes
                0x00000000000000bd       0x2c /usr/lib/gcc/arm-none-eabi/10.2.0/../../../../arm-none-eabi/lib/thumb/v6-m/nofp/libc_nano.a(lib_a-fini.o)
 .ARM.attributes
                0x00000000000000e9       0x2c /usr/lib/gcc/arm-none-eabi/10.2.0/../../../../arm-none-eabi/lib/thumb/v6-m/nofp/libc_nano.a(lib_a-impure.o)
 .ARM.attributes
                0x0000000000000115       0x2c /usr/lib/gcc/arm-none-eabi/10.2.0/../../../../arm-none-eabi/lib/thumb/v6-m/nofp/libc_nano.a(lib_a-init.o)
 .ARM.attributes
                0x0000000000000141       0x2c /usr/lib/gcc/arm-none-eabi/10.2.0/../../../../arm-none-eabi/lib/thumb/v6-m/nofp/libc_nano.a(lib_a-memset.o)
 .ARM.attributes
                0x000000000000016d       0x2c /usr/lib/gcc/arm-none-eabi/10.2.0/../../../../arm-none-eabi/lib/thumb/v6-m/nofp/libc_nano.a(lib_a-__atexit.o)
 .ARM.attributes
                0x0000000000000199       0x2c /usr/lib/gcc/arm-none-eabi/10.2.0/../../../../arm-none-eabi/lib/thumb/v6-m/nofp/libc_nano.a(lib_a-__call_atexit.o)
 .ARM.attributes
                0x00000000000001c5       0x2a /tmp/KL05Z-DevBoardDemo.7mtWqK.ltrans0.ltrans.o
 .ARM.attributes
                0x00000000000001ef       0x2c /usr/lib/gcc/arm-none-eabi/10.2.0/../../../../arm-none-eabi/lib/thumb/v6-m/nofp/libnosys.a(_exit.o)
 .ARM.attributes
                0x000000000000021b       0x2c /usr/lib/gcc/arm-none-eabi/10.2.0/../../../../arm-none-eabi/lib/thumb/v6-m/nofp/libnosys.a(sbrk.o)
 .ARM.attributes
                0x0000000000000247       0x1e /usr/lib/gcc/arm-none-eabi/10.2.0/thumb/v6-m/nofp/libgcc.a(_udivsi3.o)
 .ARM.attributes
                0x0000000000000265       0x1e /usr/lib/gcc/arm-none-eabi/10.2.0/thumb/v6-m/nofp/libgcc.a(_divsi3.o)
 .ARM.attributes
                0x0000000000000283       0x1e /usr/lib/gcc/arm-none-eabi/10.2.0/thumb/v6-m/nofp/libgcc.a(_dvmd_tls.o)
 .ARM.attributes
                0x00000000000002a1       0x1e /usr/lib/gcc/arm-none-eabi/10.2.0/thumb/v6-m/nofp/libgcc.a(_arm_cmpsf2.o)
 .ARM.attributes
                0x00000000000002bf       0x1e /usr/lib/gcc/arm-none-eabi/10.2.0/thumb/v6-m/nofp/libgcc.a(_aeabi_uldivmod.o)
 .ARM.attributes
                0x00000000000002dd       0x2c /usr/lib/gcc/arm-none-eabi/10.2.0/thumb/v6-m/nofp/libgcc.a(_muldi3.o)
 .ARM.attributes
                0x0000000000000309       0x2c /usr/lib/gcc/arm-none-eabi/10.2.0/thumb/v6-m/nofp/libgcc.a(_fixunssfsi.o)
 .ARM.attributes
                0x0000000000000335       0x2c /usr/lib/gcc/arm-none-eabi/10.2.0/thumb/v6-m/nofp/libgcc.a(_udivmoddi4.o)
 .ARM.attributes
                0x0000000000000361       0x2c /usr/lib/gcc/arm-none-eabi/10.2.0/thumb/v6-m/nofp/libgcc.a(addsf3.o)
 .ARM.attributes
                0x000000000000038d       0x2c /usr/lib/gcc/arm-none-eabi/10.2.0/thumb/v6-m/nofp/libgcc.a(divsf3.o)
 .ARM.attributes
                0x00000000000003b9       0x2c /usr/lib/gcc/arm-none-eabi/10.2.0/thumb/v6-m/nofp/libgcc.a(eqsf2.o)
 .ARM.attributes
                0x00000000000003e5       0x2c /usr/lib/gcc/arm-none-eabi/10.2.0/thumb/v6-m/nofp/libgcc.a(gesf2.o)
 .ARM.attributes
                0x0000000000000411       0x2c /usr/lib/gcc/arm-none-eabi/10.2.0/thumb/v6-m/nofp/libgcc.a(lesf2.o)
 .ARM.attributes
                0x000000000000043d       0x2c /usr/lib/gcc/arm-none-eabi/10.2.0/thumb/v6-m/nofp/libgcc.a(mulsf3.o)
 .ARM.attributes
                0x0000000000000469       0x2c /usr/lib/gcc/arm-none-eabi/10.2.0/thumb/v6-m/nofp/libgcc.a(subsf3.o)
 .ARM.attributes
                0x0000000000000495       0x2c /usr/lib/gcc/arm-none-eabi/10.2.0/thumb/v6-m/nofp/libgcc.a(fixsfsi.o)
 .ARM.attributes
                0x00000000000004c1       0x2c /usr/lib/gcc/arm-none-eabi/10.2.0/thumb/v6-m/nofp/libgcc.a(floatsisf.o)
 .ARM.attributes
                0x00000000000004ed       0x1e /usr/lib/gcc/arm-none-eabi/10.2.0/thumb/v6-m/nofp/libgcc.a(_clzsi2.o)
 .ARM.attributes
                0x000000000000050b       0x1e /usr/lib/gcc/arm-none-eabi/10.2.0/thumb/v6-m/nofp/libgcc.a(_clzdi2.o)
 .ARM.attributes
                0x0000000000000529       0x1e /usr/lib/gcc/arm-none-eabi/10.2.0/thumb/v6-m/nofp/libgcc.a(_thumb1_case_shi.o)
 .ARM.attributes
                0x0000000000000547       0x2c /usr/lib/gcc/arm-none-eabi/10.2.0/../../../../arm-none-eabi/lib/thumb/v6-m/nofp/libg_nano.a(lib_a-memcpy-stub.o)
 .ARM.attributes
                0x0000000000000573       0x2c /usr/lib/gcc/arm-none-eabi/10.2.0/../../../../arm-none-eabi/lib/thumb/v6-m/nofp/libg_nano.a(lib_a-memmove.o)
 .ARM.attributes
                0x000000000000059f       0x2c /usr/lib/gcc/arm-none-eabi/10.2.0/../../../../arm-none-eabi/lib/thumb/v6-m/nofp/libg_nano.a(lib_a-snprintf.o)
 .ARM.attributes
                0x00000000000005cb       0x2c /usr/lib/gcc/arm-none-eabi/10.2.0/../../../../arm-none-eabi/lib/thumb/v6-m/nofp/libg_nano.a(lib_a-sprintf.o)
 .ARM.attributes
                0x00000000000005f7       0x1c /usr/lib/gcc/arm-none-eabi/10.2.0/../../../../arm-none-eabi/lib/thumb/v6-m/nofp/libg_nano.a(lib_a-strcmp.o)
 .ARM.attributes
                0x0000000000000613       0x1c /usr/lib/gcc/arm-none-eabi/10.2.0/../../../../arm-none-eabi/lib/thumb/v6-m/nofp/libg_nano.a(lib_a-strlen.o)
 .ARM.attributes
                0x000000000000062f       0x2c /usr/lib/gcc/arm-none-eabi/10.2.0/../../../../arm-none-eabi/lib/thumb/v6-m/nofp/libg_nano.a(lib_a-strstr.o)
 .ARM.attributes
                0x000000000000065b       0x2c /usr/lib/gcc/arm-none-eabi/10.2.0/../../../../arm-none-eabi/lib/thumb/v6-m/nofp/libg_nano.a(lib_a-nano-svfprintf.o)
 .ARM.attributes
                0x0000000000000687       0x2c /usr/lib/gcc/arm-none-eabi/10.2.0/../../../../arm-none-eabi/lib/thumb/v6-m/nofp/libg_nano.a(lib_a-nano-vfprintf_i.o)
 .ARM.attributes
                0x00000000000006b3       0x2c /usr/lib/gcc/arm-none-eabi/10.2.0/../../../../arm-none-eabi/lib/thumb/v6-m/nofp/libg_nano.a(lib_a-memchr-stub.o)
 .ARM.attributes
                0x00000000000006df       0x2c /usr/lib/gcc/arm-none-eabi/10.2.0/../../../../arm-none-eabi/lib/thumb/v6-m/nofp/libg_nano.a(lib_a-nano-freer.o)
 .ARM.attributes
                0x000000000000070b       0x2c /usr/lib/gcc/arm-none-eabi/10.2.0/../../../../arm-none-eabi/lib/thumb/v6-m/nofp/libg_nano.a(lib_a-nano-mallocr.o)
 .ARM.attributes
                0x0000000000000737       0x2c /usr/lib/gcc/arm-none-eabi/10.2.0/../../../../arm-none-eabi/lib/thumb/v6-m/nofp/libg_nano.a(lib_a-nano-reallocr.o)
 .ARM.attributes
                0x0000000000000763       0x2c /usr/lib/gcc/arm-none-eabi/10.2.0/../../../../arm-none-eabi/lib/thumb/v6-m/nofp/libg_nano.a(lib_a-sbrkr.o)
 .ARM.attributes
                0x000000000000078f       0x2c /usr/lib/gcc/arm-none-eabi/10.2.0/../../../../arm-none-eabi/lib/thumb/v6-m/nofp/libg_nano.a(lib_a-mlock.o)
 .ARM.attributes
                0x00000000000007bb       0x2c /usr/lib/gcc/arm-none-eabi/10.2.0/../../../../arm-none-eabi/lib/thumb/v6-m/nofp/libg_nano.a(lib_a-nano-msizer.o)
 .ARM.attributes
                0x00000000000007e7       0x2c /usr/lib/gcc/arm-none-eabi/10.2.0/../../../../arm-none-eabi/lib/thumb/v6-m/nofp/libg_nano.a(lib_a-reent.o)
 .ARM.attributes
                0x0000000000000813       0x2c /usr/lib/gcc/arm-none-eabi/10.2.0/thumb/v6-m/nofp/crtend.o
 .ARM.attributes
                0x000000000000083f       0x1e /usr/lib/gcc/arm-none-eabi/10.2.0/thumb/v6-m/nofp/crtn.o

.comment        0x0000000000000000       0x46
 .comment       0x0000000000000000       0x23 /usr/lib/gcc/arm-none-eabi/10.2.0/thumb/v6-m/nofp/crtbegin.o
                                         0x24 (size before relaxing)
 .comment       0x0000000000000023       0x23 /usr/lib/gcc/arm-none-eabi/10.2.0/../../../../arm-none-eabi/lib/thumb/v6-m/nofp/libc_nano.a(lib_a-atexit.o)
                                         0x24 (size before relaxing)
 .comment       0x0000000000000046       0x24 /usr/lib/gcc/arm-none-eabi/10.2.0/../../../../arm-none-eabi/lib/thumb/v6-m/nofp/libc_nano.a(lib_a-exit.o)
 .comment       0x0000000000000046       0x24 /usr/lib/gcc/arm-none-eabi/10.2.0/../../../../arm-none-eabi/lib/thumb/v6-m/nofp/libc_nano.a(lib_a-fini.o)
 .comment       0x0000000000000046       0x24 /usr/lib/gcc/arm-none-eabi/10.2.0/../../../../arm-none-eabi/lib/thumb/v6-m/nofp/libc_nano.a(lib_a-impure.o)
 .comment       0x0000000000000046       0x24 /usr/lib/gcc/arm-none-eabi/10.2.0/../../../../arm-none-eabi/lib/thumb/v6-m/nofp/libc_nano.a(lib_a-init.o)
 .comment       0x0000000000000046       0x24 /usr/lib/gcc/arm-none-eabi/10.2.0/../../../../arm-none-eabi/lib/thumb/v6-m/nofp/libc_nano.a(lib_a-memset.o)
 .comment       0x0000000000000046       0x24 /usr/lib/gcc/arm-none-eabi/10.2.0/../../../../arm-none-eabi/lib/thumb/v6-m/nofp/libc_nano.a(lib_a-__atexit.o)
 .comment       0x0000000000000046       0x24 /usr/lib/gcc/arm-none-eabi/10.2.0/../../../../arm-none-eabi/lib/thumb/v6-m/nofp/libc_nano.a(lib_a-__call_atexit.o)
 .comment       0x0000000000000046       0x24 /tmp/KL05Z-DevBoardDemo.7mtWqK.ltrans0.ltrans.o
 .comment       0x0000000000000046       0x24 /usr/lib/gcc/arm-none-eabi/10.2.0/../../../../arm-none-eabi/lib/thumb/v6-m/nofp/libnosys.a(_exit.o)
 .comment       0x0000000000000046       0x24 /usr/lib/gcc/arm-none-eabi/10.2.0/../../../../arm-none-eabi/lib/thumb/v6-m/nofp/libnosys.a(sbrk.o)
 .comment       0x0000000000000046       0x24 /usr/lib/gcc/arm-none-eabi/10.2.0/thumb/v6-m/nofp/libgcc.a(_muldi3.o)
 .comment       0x0000000000000046       0x24 /usr/lib/gcc/arm-none-eabi/10.2.0/thumb/v6-m/nofp/libgcc.a(_fixunssfsi.o)
 .comment       0x0000000000000046       0x24 /usr/lib/gcc/arm-none-eabi/10.2.0/thumb/v6-m/nofp/libgcc.a(_udivmoddi4.o)
 .comment       0x0000000000000046       0x24 /usr/lib/gcc/arm-none-eabi/10.2.0/thumb/v6-m/nofp/libgcc.a(addsf3.o)
 .comment       0x0000000000000046       0x24 /usr/lib/gcc/arm-none-eabi/10.2.0/thumb/v6-m/nofp/libgcc.a(divsf3.o)
 .comment       0x0000000000000046       0x24 /usr/lib/gcc/arm-none-eabi/10.2.0/thumb/v6-m/nofp/libgcc.a(eqsf2.o)
 .comment       0x0000000000000046       0x24 /usr/lib/gcc/arm-none-eabi/10.2.0/thumb/v6-m/nofp/libgcc.a(gesf2.o)
 .comment       0x0000000000000046       0x24 /usr/lib/gcc/arm-none-eabi/10.2.0/thumb/v6-m/nofp/libgcc.a(lesf2.o)
 .comment       0x0000000000000046       0x24 /usr/lib/gcc/arm-none-eabi/10.2.0/thumb/v6-m/nofp/libgcc.a(mulsf3.o)
 .comment       0x0000000000000046       0x24 /usr/lib/gcc/arm-none-eabi/10.2.0/thumb/v6-m/nofp/libgcc.a(subsf3.o)
 .comment       0x0000000000000046       0x24 /usr/lib/gcc/arm-none-eabi/10.2.0/thumb/v6-m/nofp/libgcc.a(fixsfsi.o)
 .comment       0x0000000000000046       0x24 /usr/lib/gcc/arm-none-eabi/10.2.0/thumb/v6-m/nofp/libgcc.a(floatsisf.o)
 .comment       0x0000000000000046       0x24 /usr/lib/gcc/arm-none-eabi/10.2.0/../../../../arm-none-eabi/lib/thumb/v6-m/nofp/libg_nano.a(lib_a-memcpy-stub.o)
 .comment       0x0000000000000046       0x24 /usr/lib/gcc/arm-none-eabi/10.2.0/../../../../arm-none-eabi/lib/thumb/v6-m/nofp/libg_nano.a(lib_a-memmove.o)
 .comment       0x0000000000000046       0x24 /usr/lib/gcc/arm-none-eabi/10.2.0/../../../../arm-none-eabi/lib/thumb/v6-m/nofp/libg_nano.a(lib_a-snprintf.o)
 .comment       0x0000000000000046       0x24 /usr/lib/gcc/arm-none-eabi/10.2.0/../../../../arm-none-eabi/lib/thumb/v6-m/nofp/libg_nano.a(lib_a-sprintf.o)
 .comment       0x0000000000000046       0x24 /usr/lib/gcc/arm-none-eabi/10.2.0/../../../../arm-none-eabi/lib/thumb/v6-m/nofp/libg_nano.a(lib_a-strstr.o)
 .comment       0x0000000000000046       0x24 /usr/lib/gcc/arm-none-eabi/10.2.0/../../../../arm-none-eabi/lib/thumb/v6-m/nofp/libg_nano.a(lib_a-nano-svfprintf.o)
 .comment       0x0000000000000046       0x24 /usr/lib/gcc/arm-none-eabi/10.2.0/../../../../arm-none-eabi/lib/thumb/v6-m/nofp/libg_nano.a(lib_a-nano-vfprintf_i.o)
 .comment       0x0000000000000046       0x24 /usr/lib/gcc/arm-none-eabi/10.2.0/../../../../arm-none-eabi/lib/thumb/v6-m/nofp/libg_nano.a(lib_a-memchr-stub.o)
 .comment       0x0000000000000046       0x24 /usr/lib/gcc/arm-none-eabi/10.2.0/../../../../arm-none-eabi/lib/thumb/v6-m/nofp/libg_nano.a(lib_a-nano-freer.o)
 .comment       0x0000000000000046       0x24 /usr/lib/gcc/arm-none-eabi/10.2.0/../../../../arm-none-eabi/lib/thumb/v6-m/nofp/libg_nano.a(lib_a-nano-mallocr.o)
 .comment       0x0000000000000046       0x24 /usr/lib/gcc/arm-none-eabi/10.2.0/../../../../arm-none-eabi/lib/thumb/v6-m/nofp/libg_nano.a(lib_a-nano-reallocr.o)
 .comment       0x0000000000000046       0x24 /usr/lib/gcc/arm-none-eabi/10.2.0/../../../../arm-none-eabi/lib/thumb/v6-m/nofp/libg_nano.a(lib_a-sbrkr.o)
 .comment       0x0000000000000046       0x24 /usr/lib/gcc/arm-none-eabi/10.2.0/../../../../arm-none-eabi/lib/thumb/v6-m/nofp/libg_nano.a(lib_a-mlock.o)
 .comment       0x0000000000000046       0x24 /usr/lib/gcc/arm-none-eabi/10.2.0/../../../../arm-none-eabi/lib/thumb/v6-m/nofp/libg_nano.a(lib_a-nano-msizer.o)
 .comment       0x0000000000000046       0x24 /usr/lib/gcc/arm-none-eabi/10.2.0/../../../../arm-none-eabi/lib/thumb/v6-m/nofp/libg_nano.a(lib_a-reent.o)
 .comment       0x0000000000000046       0x24 /usr/lib/gcc/arm-none-eabi/10.2.0/thumb/v6-m/nofp/crtend.o

.debug_line     0x0000000000000000     0xcd37
 .debug_line    0x0000000000000000       0x8c /usr/lib/gcc/arm-none-eabi/10.2.0/../../../../arm-none-eabi/lib/thumb/v6-m/nofp/crt0.o
 .debug_line    0x000000000000008c       0xc7 /usr/lib/gcc/arm-none-eabi/10.2.0/../../../../arm-none-eabi/lib/thumb/v6-m/nofp/libc_nano.a(lib_a-atexit.o)
 .debug_line    0x0000000000000153      0x16d /usr/lib/gcc/arm-none-eabi/10.2.0/../../../../arm-none-eabi/lib/thumb/v6-m/nofp/libc_nano.a(lib_a-exit.o)
 .debug_line    0x00000000000002c0       0xee /usr/lib/gcc/arm-none-eabi/10.2.0/../../../../arm-none-eabi/lib/thumb/v6-m/nofp/libc_nano.a(lib_a-fini.o)
 .debug_line    0x00000000000003ae       0xe5 /usr/lib/gcc/arm-none-eabi/10.2.0/../../../../arm-none-eabi/lib/thumb/v6-m/nofp/libc_nano.a(lib_a-impure.o)
 .debug_line    0x0000000000000493      0x13c /usr/lib/gcc/arm-none-eabi/10.2.0/../../../../arm-none-eabi/lib/thumb/v6-m/nofp/libc_nano.a(lib_a-init.o)
 .debug_line    0x00000000000005cf       0xfa /usr/lib/gcc/arm-none-eabi/10.2.0/../../../../arm-none-eabi/lib/thumb/v6-m/nofp/libc_nano.a(lib_a-memset.o)
 .debug_line    0x00000000000006c9      0x1e7 /usr/lib/gcc/arm-none-eabi/10.2.0/../../../../arm-none-eabi/lib/thumb/v6-m/nofp/libc_nano.a(lib_a-__atexit.o)
 .debug_line    0x00000000000008b0      0x1d9 /usr/lib/gcc/arm-none-eabi/10.2.0/../../../../arm-none-eabi/lib/thumb/v6-m/nofp/libc_nano.a(lib_a-__call_atexit.o)
 .debug_line    0x0000000000000a89     0x3967 /tmp/KL05Z-DevBoardDemo.7mtWqK.ltrans0.ltrans.o
 .debug_line    0x00000000000043f0      0x460 /tmp/ccftVNIr.debug.temp.o
 .debug_line    0x0000000000004850      0x5b5 /tmp/ccBBZlgU.debug.temp.o
 .debug_line    0x0000000000004e05      0x268 /tmp/cc6UzYDF.debug.temp.o
 .debug_line    0x000000000000506d      0x252 /tmp/ccDO65C7.debug.temp.o
 .debug_line    0x00000000000052bf      0x326 /tmp/ccpm3Rae.debug.temp.o
 .debug_line    0x00000000000055e5      0x259 /tmp/ccTTVklo.debug.temp.o
 .debug_line    0x000000000000583e      0x266 /tmp/ccvmBBit.debug.temp.o
 .debug_line    0x0000000000005aa4      0x270 /tmp/ccZkXssd.debug.temp.o
 .debug_line    0x0000000000005d14      0x270 /tmp/cc0GL0hD.debug.temp.o
 .debug_line    0x0000000000005f84      0x361 /tmp/ccIox7vn.debug.temp.o
 .debug_line    0x00000000000062e5      0x2bd /tmp/ccxS4DaL.debug.temp.o
 .debug_line    0x00000000000065a2      0x38c /tmp/ccdSCKaT.debug.temp.o
 .debug_line    0x000000000000692e       0x76 /tmp/ccIJGtTl.debug.temp.o
 .debug_line    0x00000000000069a4      0x25d /tmp/ccXDziHM.debug.temp.o
 .debug_line    0x0000000000006c01      0x1cd /tmp/ccIc3mvM.debug.temp.o
 .debug_line    0x0000000000006dce      0x1ce /tmp/cciFpedN.debug.temp.o
 .debug_line    0x0000000000006f9c      0x1db /tmp/cczMiLv7.debug.temp.o
 .debug_line    0x0000000000007177      0x1d9 /tmp/ccZFOxcg.debug.temp.o
 .debug_line    0x0000000000007350      0x1d1 /tmp/ccdVKJtZ.debug.temp.o
 .debug_line    0x0000000000007521      0x1cf /tmp/cc9q5SEG.debug.temp.o
 .debug_line    0x00000000000076f0      0x1ce /tmp/cc24YDMU.debug.temp.o
 .debug_line    0x00000000000078be      0x1cf /tmp/cc4UBQI9.debug.temp.o
 .debug_line    0x0000000000007a8d      0x212 /tmp/ccvOv95e.debug.temp.o
 .debug_line    0x0000000000007c9f      0x213 /tmp/ccp18EXm.debug.temp.o
 .debug_line    0x0000000000007eb2       0x75 /usr/lib/gcc/arm-none-eabi/10.2.0/../../../../arm-none-eabi/lib/thumb/v6-m/nofp/libnosys.a(_exit.o)
 .debug_line    0x0000000000007f27       0x86 /usr/lib/gcc/arm-none-eabi/10.2.0/../../../../arm-none-eabi/lib/thumb/v6-m/nofp/libnosys.a(sbrk.o)
 .debug_line    0x0000000000007fad       0x77 /usr/lib/gcc/arm-none-eabi/10.2.0/thumb/v6-m/nofp/libgcc.a(_udivsi3.o)
 .debug_line    0x0000000000008024       0x7e /usr/lib/gcc/arm-none-eabi/10.2.0/thumb/v6-m/nofp/libgcc.a(_divsi3.o)
 .debug_line    0x00000000000080a2       0x6b /usr/lib/gcc/arm-none-eabi/10.2.0/thumb/v6-m/nofp/libgcc.a(_dvmd_tls.o)
 .debug_line    0x000000000000810d       0x80 /usr/lib/gcc/arm-none-eabi/10.2.0/thumb/v6-m/nofp/libgcc.a(_arm_cmpsf2.o)
 .debug_line    0x000000000000818d       0x76 /usr/lib/gcc/arm-none-eabi/10.2.0/thumb/v6-m/nofp/libgcc.a(_aeabi_uldivmod.o)
 .debug_line    0x0000000000008203      0x117 /usr/lib/gcc/arm-none-eabi/10.2.0/thumb/v6-m/nofp/libgcc.a(_muldi3.o)
 .debug_line    0x000000000000831a       0x9b /usr/lib/gcc/arm-none-eabi/10.2.0/thumb/v6-m/nofp/libgcc.a(_fixunssfsi.o)
 .debug_line    0x00000000000083b5      0x1ab /usr/lib/gcc/arm-none-eabi/10.2.0/thumb/v6-m/nofp/libgcc.a(_udivmoddi4.o)
 .debug_line    0x0000000000008560      0x623 /usr/lib/gcc/arm-none-eabi/10.2.0/thumb/v6-m/nofp/libgcc.a(addsf3.o)
 .debug_line    0x0000000000008b83      0x54b /usr/lib/gcc/arm-none-eabi/10.2.0/thumb/v6-m/nofp/libgcc.a(divsf3.o)
 .debug_line    0x00000000000090ce      0x117 /usr/lib/gcc/arm-none-eabi/10.2.0/thumb/v6-m/nofp/libgcc.a(eqsf2.o)
 .debug_line    0x00000000000091e5      0x16b /usr/lib/gcc/arm-none-eabi/10.2.0/thumb/v6-m/nofp/libgcc.a(gesf2.o)
 .debug_line    0x0000000000009350      0x162 /usr/lib/gcc/arm-none-eabi/10.2.0/thumb/v6-m/nofp/libgcc.a(lesf2.o)
 .debug_line    0x00000000000094b2      0x561 /usr/lib/gcc/arm-none-eabi/10.2.0/thumb/v6-m/nofp/libgcc.a(mulsf3.o)
 .debug_line    0x0000000000009a13      0x6a6 /usr/lib/gcc/arm-none-eabi/10.2.0/thumb/v6-m/nofp/libgcc.a(subsf3.o)
 .debug_line    0x000000000000a0b9      0x11e /usr/lib/gcc/arm-none-eabi/10.2.0/thumb/v6-m/nofp/libgcc.a(fixsfsi.o)
 .debug_line    0x000000000000a1d7      0x23f /usr/lib/gcc/arm-none-eabi/10.2.0/thumb/v6-m/nofp/libgcc.a(floatsisf.o)
 .debug_line    0x000000000000a416       0x7f /usr/lib/gcc/arm-none-eabi/10.2.0/thumb/v6-m/nofp/libgcc.a(_clzsi2.o)
 .debug_line    0x000000000000a495       0x75 /usr/lib/gcc/arm-none-eabi/10.2.0/thumb/v6-m/nofp/libgcc.a(_clzdi2.o)
 .debug_line    0x000000000000a50a       0x74 /usr/lib/gcc/arm-none-eabi/10.2.0/thumb/v6-m/nofp/libgcc.a(_thumb1_case_shi.o)
 .debug_line    0x000000000000a57e      0x11d /usr/lib/gcc/arm-none-eabi/10.2.0/../../../../arm-none-eabi/lib/thumb/v6-m/nofp/libg_nano.a(lib_a-memcpy-stub.o)
 .debug_line    0x000000000000a69b      0x123 /usr/lib/gcc/arm-none-eabi/10.2.0/../../../../arm-none-eabi/lib/thumb/v6-m/nofp/libg_nano.a(lib_a-memmove.o)
 .debug_line    0x000000000000a7be      0x320 /usr/lib/gcc/arm-none-eabi/10.2.0/../../../../arm-none-eabi/lib/thumb/v6-m/nofp/libg_nano.a(lib_a-snprintf.o)
 .debug_line    0x000000000000aade      0x221 /usr/lib/gcc/arm-none-eabi/10.2.0/../../../../arm-none-eabi/lib/thumb/v6-m/nofp/libg_nano.a(lib_a-sprintf.o)
 .debug_line    0x000000000000acff       0x7b /usr/lib/gcc/arm-none-eabi/10.2.0/../../../../arm-none-eabi/lib/thumb/v6-m/nofp/libg_nano.a(lib_a-strcmp.o)
 .debug_line    0x000000000000ad7a       0x7b /usr/lib/gcc/arm-none-eabi/10.2.0/../../../../arm-none-eabi/lib/thumb/v6-m/nofp/libg_nano.a(lib_a-strlen.o)
 .debug_line    0x000000000000adf5      0x15d /usr/lib/gcc/arm-none-eabi/10.2.0/../../../../arm-none-eabi/lib/thumb/v6-m/nofp/libg_nano.a(lib_a-strstr.o)
 .debug_line    0x000000000000af52      0x879 /usr/lib/gcc/arm-none-eabi/10.2.0/../../../../arm-none-eabi/lib/thumb/v6-m/nofp/libg_nano.a(lib_a-nano-svfprintf.o)
 .debug_line    0x000000000000b7cb      0x63e /usr/lib/gcc/arm-none-eabi/10.2.0/../../../../arm-none-eabi/lib/thumb/v6-m/nofp/libg_nano.a(lib_a-nano-vfprintf_i.o)
 .debug_line    0x000000000000be09      0x120 /usr/lib/gcc/arm-none-eabi/10.2.0/../../../../arm-none-eabi/lib/thumb/v6-m/nofp/libg_nano.a(lib_a-memchr-stub.o)
 .debug_line    0x000000000000bf29      0x283 /usr/lib/gcc/arm-none-eabi/10.2.0/../../../../arm-none-eabi/lib/thumb/v6-m/nofp/libg_nano.a(lib_a-nano-freer.o)
 .debug_line    0x000000000000c1ac      0x326 /usr/lib/gcc/arm-none-eabi/10.2.0/../../../../arm-none-eabi/lib/thumb/v6-m/nofp/libg_nano.a(lib_a-nano-mallocr.o)
 .debug_line    0x000000000000c4d2      0x1cb /usr/lib/gcc/arm-none-eabi/10.2.0/../../../../arm-none-eabi/lib/thumb/v6-m/nofp/libg_nano.a(lib_a-nano-reallocr.o)
 .debug_line    0x000000000000c69d      0x182 /usr/lib/gcc/arm-none-eabi/10.2.0/../../../../arm-none-eabi/lib/thumb/v6-m/nofp/libg_nano.a(lib_a-sbrkr.o)
 .debug_line    0x000000000000c81f      0x140 /usr/lib/gcc/arm-none-eabi/10.2.0/../../../../arm-none-eabi/lib/thumb/v6-m/nofp/libg_nano.a(lib_a-mlock.o)
 .debug_line    0x000000000000c95f      0x15f /usr/lib/gcc/arm-none-eabi/10.2.0/../../../../arm-none-eabi/lib/thumb/v6-m/nofp/libg_nano.a(lib_a-nano-msizer.o)
 .debug_line    0x000000000000cabe      0x279 /usr/lib/gcc/arm-none-eabi/10.2.0/../../../../arm-none-eabi/lib/thumb/v6-m/nofp/libg_nano.a(lib_a-reent.o)

.debug_info     0x0000000000000000    0x189ee
 .debug_info    0x0000000000000000       0x26 /usr/lib/gcc/arm-none-eabi/10.2.0/../../../../arm-none-eabi/lib/thumb/v6-m/nofp/crt0.o
 .debug_info    0x0000000000000026      0x100 /usr/lib/gcc/arm-none-eabi/10.2.0/../../../../arm-none-eabi/lib/thumb/v6-m/nofp/libc_nano.a(lib_a-atexit.o)
 .debug_info    0x0000000000000126      0x81a /usr/lib/gcc/arm-none-eabi/10.2.0/../../../../arm-none-eabi/lib/thumb/v6-m/nofp/libc_nano.a(lib_a-exit.o)
 .debug_info    0x0000000000000940      0x102 /usr/lib/gcc/arm-none-eabi/10.2.0/../../../../arm-none-eabi/lib/thumb/v6-m/nofp/libc_nano.a(lib_a-fini.o)
 .debug_info    0x0000000000000a42      0x863 /usr/lib/gcc/arm-none-eabi/10.2.0/../../../../arm-none-eabi/lib/thumb/v6-m/nofp/libc_nano.a(lib_a-impure.o)
 .debug_info    0x00000000000012a5      0x11a /usr/lib/gcc/arm-none-eabi/10.2.0/../../../../arm-none-eabi/lib/thumb/v6-m/nofp/libc_nano.a(lib_a-init.o)
 .debug_info    0x00000000000013bf       0xe1 /usr/lib/gcc/arm-none-eabi/10.2.0/../../../../arm-none-eabi/lib/thumb/v6-m/nofp/libc_nano.a(lib_a-memset.o)
 .debug_info    0x00000000000014a0      0x261 /usr/lib/gcc/arm-none-eabi/10.2.0/../../../../arm-none-eabi/lib/thumb/v6-m/nofp/libc_nano.a(lib_a-__atexit.o)
 .debug_info    0x0000000000001701      0x249 /usr/lib/gcc/arm-none-eabi/10.2.0/../../../../arm-none-eabi/lib/thumb/v6-m/nofp/libc_nano.a(lib_a-__call_atexit.o)
 .debug_info    0x000000000000194a     0x3d50 /tmp/KL05Z-DevBoardDemo.7mtWqK.ltrans0.ltrans.o
 .debug_info    0x000000000000569a      0x68f /tmp/ccftVNIr.debug.temp.o
                0x000000000000569a                main.c.a1642287
 .debug_info    0x0000000000005d29      0xef5 /tmp/ccBBZlgU.debug.temp.o
                0x0000000000005d29                cmdline.c.13732ba3
 .debug_info    0x0000000000006c1e      0x881 /tmp/cc6UzYDF.debug.temp.o
                0x0000000000006c1e                gpio.c.0db675c2
 .debug_info    0x000000000000749f      0x198 /tmp/ccDO65C7.debug.temp.o
                0x000000000000749f                delay.c.b20449f6
 .debug_info    0x0000000000007637      0x622 /tmp/ccpm3Rae.debug.temp.o
                0x0000000000007637                uart.c.2308a2ca
 .debug_info    0x0000000000007c59      0x7e5 /tmp/ccTTVklo.debug.temp.o
                0x0000000000007c59                i2c.c.e588235c
 .debug_info    0x000000000000843e      0x59c /tmp/ccvmBBit.debug.temp.o
                0x000000000000843e                spi.c.6cf7980b
 .debug_info    0x00000000000089da      0x795 /tmp/ccZkXssd.debug.temp.o
                0x00000000000089da                pwm.c.f1ab4547
 .debug_info    0x000000000000916f      0x6ba /tmp/cc0GL0hD.debug.temp.o
                0x000000000000916f                adc.c.7019f8e0
 .debug_info    0x0000000000009829      0x3d9 /tmp/ccIox7vn.debug.temp.o
                0x0000000000009829                mma8451q.c.f6156764
 .debug_info    0x0000000000009c02      0x338 /tmp/ccxS4DaL.debug.temp.o
                0x0000000000009c02                ws2812b.c.0925069a
 .debug_info    0x0000000000009f3a      0x622 /tmp/ccdSCKaT.debug.temp.o
                0x0000000000009f3a                u8x8_mkl_hal.c.712ef3a8
 .debug_info    0x000000000000a55c       0xdb /tmp/ccIJGtTl.debug.temp.o
                0x000000000000a55c                ftoa.c.43531e0d
 .debug_info    0x000000000000a637      0x706 /tmp/ccXDziHM.debug.temp.o
                0x000000000000a637                microrl.c.b0a5647b
 .debug_info    0x000000000000ad3d      0xa0f /tmp/ccIc3mvM.debug.temp.o
                0x000000000000ad3d                u8x8_8x8.c.c6c9bab0
 .debug_info    0x000000000000b74c      0x8cf /tmp/cciFpedN.debug.temp.o
                0x000000000000b74c                u8x8_byte.c.2729d997
 .debug_info    0x000000000000c01b      0x9e8 /tmp/cczMiLv7.debug.temp.o
                0x000000000000c01b                u8x8_cad.c.c74d63e6
 .debug_info    0x000000000000ca03      0x486 /tmp/ccZFOxcg.debug.temp.o
                0x000000000000ca03                u8x8_d_pcd8544_84x48.c.dab05e39
 .debug_info    0x000000000000ce89      0x5ee /tmp/ccdVKJtZ.debug.temp.o
                0x000000000000ce89                u8x8_display.c.5ba67181
 .debug_info    0x000000000000d477     0x1200 /tmp/cc9q5SEG.debug.temp.o
                0x000000000000d477                u8x8_fonts.c.563811ac
 .debug_info    0x000000000000e677      0x393 /tmp/cc24YDMU.debug.temp.o
                0x000000000000e677                u8x8_gpio.c.e831a91c
 .debug_info    0x000000000000ea0a      0x452 /tmp/cc4UBQI9.debug.temp.o
                0x000000000000ea0a                u8x8_setup.c.19204738
 .debug_info    0x000000000000ee5c      0x458 /tmp/ccvOv95e.debug.temp.o
                0x000000000000ee5c                system_MKL05Z4.c.585e279e
 .debug_info    0x000000000000f2b4      0x20f /tmp/ccp18EXm.debug.temp.o
                0x000000000000f2b4                startup_MKL05Z4.c.692c86c8
 .debug_info    0x000000000000f4c3       0xa3 /usr/lib/gcc/arm-none-eabi/10.2.0/../../../../arm-none-eabi/lib/thumb/v6-m/nofp/libnosys.a(_exit.o)
 .debug_info    0x000000000000f566       0x9d /usr/lib/gcc/arm-none-eabi/10.2.0/../../../../arm-none-eabi/lib/thumb/v6-m/nofp/libnosys.a(sbrk.o)
 .debug_info    0x000000000000f603       0x26 /usr/lib/gcc/arm-none-eabi/10.2.0/thumb/v6-m/nofp/libgcc.a(_udivsi3.o)
 .debug_info    0x000000000000f629       0x26 /usr/lib/gcc/arm-none-eabi/10.2.0/thumb/v6-m/nofp/libgcc.a(_divsi3.o)
 .debug_info    0x000000000000f64f       0x26 /usr/lib/gcc/arm-none-eabi/10.2.0/thumb/v6-m/nofp/libgcc.a(_dvmd_tls.o)
 .debug_info    0x000000000000f675       0x26 /usr/lib/gcc/arm-none-eabi/10.2.0/thumb/v6-m/nofp/libgcc.a(_arm_cmpsf2.o)
 .debug_info    0x000000000000f69b       0x26 /usr/lib/gcc/arm-none-eabi/10.2.0/thumb/v6-m/nofp/libgcc.a(_aeabi_uldivmod.o)
 .debug_info    0x000000000000f6c1      0x22d /usr/lib/gcc/arm-none-eabi/10.2.0/thumb/v6-m/nofp/libgcc.a(_muldi3.o)
 .debug_info    0x000000000000f8ee      0x11a /usr/lib/gcc/arm-none-eabi/10.2.0/thumb/v6-m/nofp/libgcc.a(_fixunssfsi.o)
 .debug_info    0x000000000000fa08      0x19b /usr/lib/gcc/arm-none-eabi/10.2.0/thumb/v6-m/nofp/libgcc.a(_udivmoddi4.o)
 .debug_info    0x000000000000fba3      0x34b /usr/lib/gcc/arm-none-eabi/10.2.0/thumb/v6-m/nofp/libgcc.a(addsf3.o)
 .debug_info    0x000000000000feee      0x372 /usr/lib/gcc/arm-none-eabi/10.2.0/thumb/v6-m/nofp/libgcc.a(divsf3.o)
 .debug_info    0x0000000000010260      0x22c /usr/lib/gcc/arm-none-eabi/10.2.0/thumb/v6-m/nofp/libgcc.a(eqsf2.o)
 .debug_info    0x000000000001048c      0x24a /usr/lib/gcc/arm-none-eabi/10.2.0/thumb/v6-m/nofp/libgcc.a(gesf2.o)
 .debug_info    0x00000000000106d6      0x24a /usr/lib/gcc/arm-none-eabi/10.2.0/thumb/v6-m/nofp/libgcc.a(lesf2.o)
 .debug_info    0x0000000000010920      0x3ff /usr/lib/gcc/arm-none-eabi/10.2.0/thumb/v6-m/nofp/libgcc.a(mulsf3.o)
 .debug_info    0x0000000000010d1f      0x363 /usr/lib/gcc/arm-none-eabi/10.2.0/thumb/v6-m/nofp/libgcc.a(subsf3.o)
 .debug_info    0x0000000000011082      0x1c0 /usr/lib/gcc/arm-none-eabi/10.2.0/thumb/v6-m/nofp/libgcc.a(fixsfsi.o)
 .debug_info    0x0000000000011242      0x24f /usr/lib/gcc/arm-none-eabi/10.2.0/thumb/v6-m/nofp/libgcc.a(floatsisf.o)
 .debug_info    0x0000000000011491       0x26 /usr/lib/gcc/arm-none-eabi/10.2.0/thumb/v6-m/nofp/libgcc.a(_clzsi2.o)
 .debug_info    0x00000000000114b7       0x26 /usr/lib/gcc/arm-none-eabi/10.2.0/thumb/v6-m/nofp/libgcc.a(_clzdi2.o)
 .debug_info    0x00000000000114dd       0x26 /usr/lib/gcc/arm-none-eabi/10.2.0/thumb/v6-m/nofp/libgcc.a(_thumb1_case_shi.o)
 .debug_info    0x0000000000011503      0x122 /usr/lib/gcc/arm-none-eabi/10.2.0/../../../../arm-none-eabi/lib/thumb/v6-m/nofp/libg_nano.a(lib_a-memcpy-stub.o)
 .debug_info    0x0000000000011625      0x10f /usr/lib/gcc/arm-none-eabi/10.2.0/../../../../arm-none-eabi/lib/thumb/v6-m/nofp/libg_nano.a(lib_a-memmove.o)
 .debug_info    0x0000000000011734      0x969 /usr/lib/gcc/arm-none-eabi/10.2.0/../../../../arm-none-eabi/lib/thumb/v6-m/nofp/libg_nano.a(lib_a-snprintf.o)
 .debug_info    0x000000000001209d      0x926 /usr/lib/gcc/arm-none-eabi/10.2.0/../../../../arm-none-eabi/lib/thumb/v6-m/nofp/libg_nano.a(lib_a-sprintf.o)
 .debug_info    0x00000000000129c3       0x26 /usr/lib/gcc/arm-none-eabi/10.2.0/../../../../arm-none-eabi/lib/thumb/v6-m/nofp/libg_nano.a(lib_a-strcmp.o)
 .debug_info    0x00000000000129e9       0x26 /usr/lib/gcc/arm-none-eabi/10.2.0/../../../../arm-none-eabi/lib/thumb/v6-m/nofp/libg_nano.a(lib_a-strlen.o)
 .debug_info    0x0000000000012a0f       0xf2 /usr/lib/gcc/arm-none-eabi/10.2.0/../../../../arm-none-eabi/lib/thumb/v6-m/nofp/libg_nano.a(lib_a-strstr.o)
 .debug_info    0x0000000000012b01     0x10f8 /usr/lib/gcc/arm-none-eabi/10.2.0/../../../../arm-none-eabi/lib/thumb/v6-m/nofp/libg_nano.a(lib_a-nano-svfprintf.o)
 .debug_info    0x0000000000013bf9      0xecc /usr/lib/gcc/arm-none-eabi/10.2.0/../../../../arm-none-eabi/lib/thumb/v6-m/nofp/libg_nano.a(lib_a-nano-vfprintf_i.o)
 .debug_info    0x0000000000014ac5      0x115 /usr/lib/gcc/arm-none-eabi/10.2.0/../../../../arm-none-eabi/lib/thumb/v6-m/nofp/libg_nano.a(lib_a-memchr-stub.o)
 .debug_info    0x0000000000014bda      0x8fe /usr/lib/gcc/arm-none-eabi/10.2.0/../../../../arm-none-eabi/lib/thumb/v6-m/nofp/libg_nano.a(lib_a-nano-freer.o)
 .debug_info    0x00000000000154d8      0xa3a /usr/lib/gcc/arm-none-eabi/10.2.0/../../../../arm-none-eabi/lib/thumb/v6-m/nofp/libg_nano.a(lib_a-nano-mallocr.o)
 .debug_info    0x0000000000015f12      0x914 /usr/lib/gcc/arm-none-eabi/10.2.0/../../../../arm-none-eabi/lib/thumb/v6-m/nofp/libg_nano.a(lib_a-nano-reallocr.o)
 .debug_info    0x0000000000016826      0x828 /usr/lib/gcc/arm-none-eabi/10.2.0/../../../../arm-none-eabi/lib/thumb/v6-m/nofp/libg_nano.a(lib_a-sbrkr.o)
 .debug_info    0x000000000001704e      0x7dc /usr/lib/gcc/arm-none-eabi/10.2.0/../../../../arm-none-eabi/lib/thumb/v6-m/nofp/libg_nano.a(lib_a-mlock.o)
 .debug_info    0x000000000001782a      0x840 /usr/lib/gcc/arm-none-eabi/10.2.0/../../../../arm-none-eabi/lib/thumb/v6-m/nofp/libg_nano.a(lib_a-nano-msizer.o)
 .debug_info    0x000000000001806a      0x984 /usr/lib/gcc/arm-none-eabi/10.2.0/../../../../arm-none-eabi/lib/thumb/v6-m/nofp/libg_nano.a(lib_a-reent.o)

.debug_abbrev   0x0000000000000000     0x562f
 .debug_abbrev  0x0000000000000000       0x14 /usr/lib/gcc/arm-none-eabi/10.2.0/../../../../arm-none-eabi/lib/thumb/v6-m/nofp/crt0.o
 .debug_abbrev  0x0000000000000014       0xb4 /usr/lib/gcc/arm-none-eabi/10.2.0/../../../../arm-none-eabi/lib/thumb/v6-m/nofp/libc_nano.a(lib_a-atexit.o)
 .debug_abbrev  0x00000000000000c8      0x1ba /usr/lib/gcc/arm-none-eabi/10.2.0/../../../../arm-none-eabi/lib/thumb/v6-m/nofp/libc_nano.a(lib_a-exit.o)
 .debug_abbrev  0x0000000000000282       0xcc /usr/lib/gcc/arm-none-eabi/10.2.0/../../../../arm-none-eabi/lib/thumb/v6-m/nofp/libc_nano.a(lib_a-fini.o)
 .debug_abbrev  0x000000000000034e      0x151 /usr/lib/gcc/arm-none-eabi/10.2.0/../../../../arm-none-eabi/lib/thumb/v6-m/nofp/libc_nano.a(lib_a-impure.o)
 .debug_abbrev  0x000000000000049f       0xcc /usr/lib/gcc/arm-none-eabi/10.2.0/../../../../arm-none-eabi/lib/thumb/v6-m/nofp/libc_nano.a(lib_a-init.o)
 .debug_abbrev  0x000000000000056b       0x9e /usr/lib/gcc/arm-none-eabi/10.2.0/../../../../arm-none-eabi/lib/thumb/v6-m/nofp/libc_nano.a(lib_a-memset.o)
 .debug_abbrev  0x0000000000000609      0x1b1 /usr/lib/gcc/arm-none-eabi/10.2.0/../../../../arm-none-eabi/lib/thumb/v6-m/nofp/libc_nano.a(lib_a-__atexit.o)
 .debug_abbrev  0x00000000000007ba      0x179 /usr/lib/gcc/arm-none-eabi/10.2.0/../../../../arm-none-eabi/lib/thumb/v6-m/nofp/libc_nano.a(lib_a-__call_atexit.o)
 .debug_abbrev  0x0000000000000933      0x1cb /tmp/KL05Z-DevBoardDemo.7mtWqK.ltrans0.ltrans.o
 .debug_abbrev  0x0000000000000afe      0x16c /tmp/ccftVNIr.debug.temp.o
 .debug_abbrev  0x0000000000000c6a      0x292 /tmp/ccBBZlgU.debug.temp.o
 .debug_abbrev  0x0000000000000efc      0x1e3 /tmp/cc6UzYDF.debug.temp.o
 .debug_abbrev  0x00000000000010df       0xfb /tmp/ccDO65C7.debug.temp.o
 .debug_abbrev  0x00000000000011da      0x1ad /tmp/ccpm3Rae.debug.temp.o
 .debug_abbrev  0x0000000000001387      0x1d1 /tmp/ccTTVklo.debug.temp.o
 .debug_abbrev  0x0000000000001558      0x181 /tmp/ccvmBBit.debug.temp.o
 .debug_abbrev  0x00000000000016d9      0x1a8 /tmp/ccZkXssd.debug.temp.o
 .debug_abbrev  0x0000000000001881      0x193 /tmp/cc0GL0hD.debug.temp.o
 .debug_abbrev  0x0000000000001a14      0x108 /tmp/ccIox7vn.debug.temp.o
 .debug_abbrev  0x0000000000001b1c      0x156 /tmp/ccxS4DaL.debug.temp.o
 .debug_abbrev  0x0000000000001c72      0x172 /tmp/ccdSCKaT.debug.temp.o
 .debug_abbrev  0x0000000000001de4       0x9c /tmp/ccIJGtTl.debug.temp.o
 .debug_abbrev  0x0000000000001e80      0x1ac /tmp/ccXDziHM.debug.temp.o
 .debug_abbrev  0x000000000000202c      0x1a5 /tmp/ccIc3mvM.debug.temp.o
 .debug_abbrev  0x00000000000021d1      0x17e /tmp/cciFpedN.debug.temp.o
 .debug_abbrev  0x000000000000234f      0x1a2 /tmp/cczMiLv7.debug.temp.o
 .debug_abbrev  0x00000000000024f1      0x117 /tmp/ccZFOxcg.debug.temp.o
 .debug_abbrev  0x0000000000002608      0x13d /tmp/ccdVKJtZ.debug.temp.o
 .debug_abbrev  0x0000000000002745       0x90 /tmp/cc9q5SEG.debug.temp.o
 .debug_abbrev  0x00000000000027d5       0xd4 /tmp/cc24YDMU.debug.temp.o
 .debug_abbrev  0x00000000000028a9      0x10d /tmp/cc4UBQI9.debug.temp.o
 .debug_abbrev  0x00000000000029b6      0x114 /tmp/ccvOv95e.debug.temp.o
 .debug_abbrev  0x0000000000002aca      0x147 /tmp/ccp18EXm.debug.temp.o
 .debug_abbrev  0x0000000000002c11       0x6a /usr/lib/gcc/arm-none-eabi/10.2.0/../../../../arm-none-eabi/lib/thumb/v6-m/nofp/libnosys.a(_exit.o)
 .debug_abbrev  0x0000000000002c7b       0xa2 /usr/lib/gcc/arm-none-eabi/10.2.0/../../../../arm-none-eabi/lib/thumb/v6-m/nofp/libnosys.a(sbrk.o)
 .debug_abbrev  0x0000000000002d1d       0x14 /usr/lib/gcc/arm-none-eabi/10.2.0/thumb/v6-m/nofp/libgcc.a(_udivsi3.o)
 .debug_abbrev  0x0000000000002d31       0x14 /usr/lib/gcc/arm-none-eabi/10.2.0/thumb/v6-m/nofp/libgcc.a(_divsi3.o)
 .debug_abbrev  0x0000000000002d45       0x14 /usr/lib/gcc/arm-none-eabi/10.2.0/thumb/v6-m/nofp/libgcc.a(_dvmd_tls.o)
 .debug_abbrev  0x0000000000002d59       0x14 /usr/lib/gcc/arm-none-eabi/10.2.0/thumb/v6-m/nofp/libgcc.a(_arm_cmpsf2.o)
 .debug_abbrev  0x0000000000002d6d       0x14 /usr/lib/gcc/arm-none-eabi/10.2.0/thumb/v6-m/nofp/libgcc.a(_aeabi_uldivmod.o)
 .debug_abbrev  0x0000000000002d81       0xfa /usr/lib/gcc/arm-none-eabi/10.2.0/thumb/v6-m/nofp/libgcc.a(_muldi3.o)
 .debug_abbrev  0x0000000000002e7b       0x83 /usr/lib/gcc/arm-none-eabi/10.2.0/thumb/v6-m/nofp/libgcc.a(_fixunssfsi.o)
 .debug_abbrev  0x0000000000002efe       0xb1 /usr/lib/gcc/arm-none-eabi/10.2.0/thumb/v6-m/nofp/libgcc.a(_udivmoddi4.o)
 .debug_abbrev  0x0000000000002faf      0x166 /usr/lib/gcc/arm-none-eabi/10.2.0/thumb/v6-m/nofp/libgcc.a(addsf3.o)
 .debug_abbrev  0x0000000000003115      0x155 /usr/lib/gcc/arm-none-eabi/10.2.0/thumb/v6-m/nofp/libgcc.a(divsf3.o)
 .debug_abbrev  0x000000000000326a      0x140 /usr/lib/gcc/arm-none-eabi/10.2.0/thumb/v6-m/nofp/libgcc.a(eqsf2.o)
 .debug_abbrev  0x00000000000033aa      0x156 /usr/lib/gcc/arm-none-eabi/10.2.0/thumb/v6-m/nofp/libgcc.a(gesf2.o)
 .debug_abbrev  0x0000000000003500      0x156 /usr/lib/gcc/arm-none-eabi/10.2.0/thumb/v6-m/nofp/libgcc.a(lesf2.o)
 .debug_abbrev  0x0000000000003656      0x164 /usr/lib/gcc/arm-none-eabi/10.2.0/thumb/v6-m/nofp/libgcc.a(mulsf3.o)
 .debug_abbrev  0x00000000000037ba      0x166 /usr/lib/gcc/arm-none-eabi/10.2.0/thumb/v6-m/nofp/libgcc.a(subsf3.o)
 .debug_abbrev  0x0000000000003920      0x154 /usr/lib/gcc/arm-none-eabi/10.2.0/thumb/v6-m/nofp/libgcc.a(fixsfsi.o)
 .debug_abbrev  0x0000000000003a74      0x173 /usr/lib/gcc/arm-none-eabi/10.2.0/thumb/v6-m/nofp/libgcc.a(floatsisf.o)
 .debug_abbrev  0x0000000000003be7       0x14 /usr/lib/gcc/arm-none-eabi/10.2.0/thumb/v6-m/nofp/libgcc.a(_clzsi2.o)
 .debug_abbrev  0x0000000000003bfb       0x14 /usr/lib/gcc/arm-none-eabi/10.2.0/thumb/v6-m/nofp/libgcc.a(_clzdi2.o)
 .debug_abbrev  0x0000000000003c0f       0x14 /usr/lib/gcc/arm-none-eabi/10.2.0/thumb/v6-m/nofp/libgcc.a(_thumb1_case_shi.o)
 .debug_abbrev  0x0000000000003c23       0xbe /usr/lib/gcc/arm-none-eabi/10.2.0/../../../../arm-none-eabi/lib/thumb/v6-m/nofp/libg_nano.a(lib_a-memcpy-stub.o)
 .debug_abbrev  0x0000000000003ce1       0xaa /usr/lib/gcc/arm-none-eabi/10.2.0/../../../../arm-none-eabi/lib/thumb/v6-m/nofp/libg_nano.a(lib_a-memmove.o)
 .debug_abbrev  0x0000000000003d8b      0x209 /usr/lib/gcc/arm-none-eabi/10.2.0/../../../../arm-none-eabi/lib/thumb/v6-m/nofp/libg_nano.a(lib_a-snprintf.o)
 .debug_abbrev  0x0000000000003f94      0x213 /usr/lib/gcc/arm-none-eabi/10.2.0/../../../../arm-none-eabi/lib/thumb/v6-m/nofp/libg_nano.a(lib_a-sprintf.o)
 .debug_abbrev  0x00000000000041a7       0x14 /usr/lib/gcc/arm-none-eabi/10.2.0/../../../../arm-none-eabi/lib/thumb/v6-m/nofp/libg_nano.a(lib_a-strcmp.o)
 .debug_abbrev  0x00000000000041bb       0x14 /usr/lib/gcc/arm-none-eabi/10.2.0/../../../../arm-none-eabi/lib/thumb/v6-m/nofp/libg_nano.a(lib_a-strlen.o)
 .debug_abbrev  0x00000000000041cf       0x9e /usr/lib/gcc/arm-none-eabi/10.2.0/../../../../arm-none-eabi/lib/thumb/v6-m/nofp/libg_nano.a(lib_a-strstr.o)
 .debug_abbrev  0x000000000000426d      0x2ca /usr/lib/gcc/arm-none-eabi/10.2.0/../../../../arm-none-eabi/lib/thumb/v6-m/nofp/libg_nano.a(lib_a-nano-svfprintf.o)
 .debug_abbrev  0x0000000000004537      0x287 /usr/lib/gcc/arm-none-eabi/10.2.0/../../../../arm-none-eabi/lib/thumb/v6-m/nofp/libg_nano.a(lib_a-nano-vfprintf_i.o)
 .debug_abbrev  0x00000000000047be       0xaf /usr/lib/gcc/arm-none-eabi/10.2.0/../../../../arm-none-eabi/lib/thumb/v6-m/nofp/libg_nano.a(lib_a-memchr-stub.o)
 .debug_abbrev  0x000000000000486d      0x22d /usr/lib/gcc/arm-none-eabi/10.2.0/../../../../arm-none-eabi/lib/thumb/v6-m/nofp/libg_nano.a(lib_a-nano-freer.o)
 .debug_abbrev  0x0000000000004a9a      0x297 /usr/lib/gcc/arm-none-eabi/10.2.0/../../../../arm-none-eabi/lib/thumb/v6-m/nofp/libg_nano.a(lib_a-nano-mallocr.o)
 .debug_abbrev  0x0000000000004d31      0x1e7 /usr/lib/gcc/arm-none-eabi/10.2.0/../../../../arm-none-eabi/lib/thumb/v6-m/nofp/libg_nano.a(lib_a-nano-reallocr.o)
 .debug_abbrev  0x0000000000004f18      0x1d6 /usr/lib/gcc/arm-none-eabi/10.2.0/../../../../arm-none-eabi/lib/thumb/v6-m/nofp/libg_nano.a(lib_a-sbrkr.o)
 .debug_abbrev  0x00000000000050ee      0x189 /usr/lib/gcc/arm-none-eabi/10.2.0/../../../../arm-none-eabi/lib/thumb/v6-m/nofp/libg_nano.a(lib_a-mlock.o)
 .debug_abbrev  0x0000000000005277      0x191 /usr/lib/gcc/arm-none-eabi/10.2.0/../../../../arm-none-eabi/lib/thumb/v6-m/nofp/libg_nano.a(lib_a-nano-msizer.o)
 .debug_abbrev  0x0000000000005408      0x227 /usr/lib/gcc/arm-none-eabi/10.2.0/../../../../arm-none-eabi/lib/thumb/v6-m/nofp/libg_nano.a(lib_a-reent.o)

.debug_aranges  0x0000000000000000      0xa08
 .debug_aranges
                0x0000000000000000       0x20 /usr/lib/gcc/arm-none-eabi/10.2.0/../../../../arm-none-eabi/lib/thumb/v6-m/nofp/crt0.o
 .debug_aranges
                0x0000000000000020       0x20 /usr/lib/gcc/arm-none-eabi/10.2.0/../../../../arm-none-eabi/lib/thumb/v6-m/nofp/libc_nano.a(lib_a-atexit.o)
 .debug_aranges
                0x0000000000000040       0x20 /usr/lib/gcc/arm-none-eabi/10.2.0/../../../../arm-none-eabi/lib/thumb/v6-m/nofp/libc_nano.a(lib_a-exit.o)
 .debug_aranges
                0x0000000000000060       0x20 /usr/lib/gcc/arm-none-eabi/10.2.0/../../../../arm-none-eabi/lib/thumb/v6-m/nofp/libc_nano.a(lib_a-fini.o)
 .debug_aranges
                0x0000000000000080       0x18 /usr/lib/gcc/arm-none-eabi/10.2.0/../../../../arm-none-eabi/lib/thumb/v6-m/nofp/libc_nano.a(lib_a-impure.o)
 .debug_aranges
                0x0000000000000098       0x20 /usr/lib/gcc/arm-none-eabi/10.2.0/../../../../arm-none-eabi/lib/thumb/v6-m/nofp/libc_nano.a(lib_a-init.o)
 .debug_aranges
                0x00000000000000b8       0x20 /usr/lib/gcc/arm-none-eabi/10.2.0/../../../../arm-none-eabi/lib/thumb/v6-m/nofp/libc_nano.a(lib_a-memset.o)
 .debug_aranges
                0x00000000000000d8       0x20 /usr/lib/gcc/arm-none-eabi/10.2.0/../../../../arm-none-eabi/lib/thumb/v6-m/nofp/libc_nano.a(lib_a-__atexit.o)
 .debug_aranges
                0x00000000000000f8       0x20 /usr/lib/gcc/arm-none-eabi/10.2.0/../../../../arm-none-eabi/lib/thumb/v6-m/nofp/libc_nano.a(lib_a-__call_atexit.o)
 .debug_aranges
                0x0000000000000118      0x3e0 /tmp/KL05Z-DevBoardDemo.7mtWqK.ltrans0.ltrans.o
 .debug_aranges
                0x00000000000004f8       0x20 /usr/lib/gcc/arm-none-eabi/10.2.0/../../../../arm-none-eabi/lib/thumb/v6-m/nofp/libnosys.a(_exit.o)
 .debug_aranges
                0x0000000000000518       0x20 /usr/lib/gcc/arm-none-eabi/10.2.0/../../../../arm-none-eabi/lib/thumb/v6-m/nofp/libnosys.a(sbrk.o)
 .debug_aranges
                0x0000000000000538       0x20 /usr/lib/gcc/arm-none-eabi/10.2.0/thumb/v6-m/nofp/libgcc.a(_udivsi3.o)
 .debug_aranges
                0x0000000000000558       0x20 /usr/lib/gcc/arm-none-eabi/10.2.0/thumb/v6-m/nofp/libgcc.a(_divsi3.o)
 .debug_aranges
                0x0000000000000578       0x20 /usr/lib/gcc/arm-none-eabi/10.2.0/thumb/v6-m/nofp/libgcc.a(_dvmd_tls.o)
 .debug_aranges
                0x0000000000000598       0x20 /usr/lib/gcc/arm-none-eabi/10.2.0/thumb/v6-m/nofp/libgcc.a(_arm_cmpsf2.o)
 .debug_aranges
                0x00000000000005b8       0x20 /usr/lib/gcc/arm-none-eabi/10.2.0/thumb/v6-m/nofp/libgcc.a(_aeabi_uldivmod.o)
 .debug_aranges
                0x00000000000005d8       0x20 /usr/lib/gcc/arm-none-eabi/10.2.0/thumb/v6-m/nofp/libgcc.a(_muldi3.o)
 .debug_aranges